Archive member included because of file (symbol)

out/components/bsp/soc/boot/mcu/d10/libboot.a(start.o)
                              (_start)
out/components/bsp/soc/boot/mcu/d10/libboot.a(vector_32ivic.o)
                              out/components/bsp/soc/boot/mcu/d10/libboot.a(start.o) (OS_Int_Vectors)
out/components/bsp/soc/boot/mcu/d10/libboot.a(bsp.o)
                              out/components/bsp/soc/boot/mcu/d10/libboot.a(start.o) (BSP_Init)
out/components/bsp/soc/boot/mcu/d10/libboot.a(nmi.o)
                              out/components/bsp/soc/boot/mcu/d10/libboot.a(vector_32ivic.o) (NMI_Service_Routine)
out/components/osal/libsrm_osal.a(osal_freertos_slow.o)
                              out/components/bsp/soc/boot/mcu/d10/libboot.a(vector_32ivic.o) (OS_TaskSwitchInfo)
out/components/osal/libsrm_osal.a(osal_freertos.o)
                              out/components/osal/libsrm_osal.a(osal_freertos_slow.o) (switchout_handle)
out/components/osal/freertos/libnds_port.a(port.o)
                              out/components/osal/libsrm_osal.a(osal_freertos_slow.o) (vPortEnterCritical)
out/components/osal/freertos/libnds_port.a(portasm.o)
                              out/components/osal/freertos/libnds_port.a(port.o) (vPortStartFirstTask)
out/components/osal/freertos/kernel/libfreertos.a(event_groups.o)
                              out/components/osal/libsrm_osal.a(osal_freertos.o) (xEventGroupCreate)
out/components/osal/freertos/kernel/libfreertos.a(queue.o)
                              out/components/osal/libsrm_osal.a(osal_freertos.o) (xQueueGenericCreate)
out/components/osal/freertos/kernel/libfreertos.a(tasks.o)
                              out/components/osal/freertos/libnds_port.a(portasm.o) (pxCurrentTCB)
out/components/osal/freertos/kernel/libfreertos.a(timers.o)
                              out/components/osal/freertos/kernel/libfreertos.a(tasks.o) (xTimerCreateTimerTask)
out/components/osal/freertos/kernel/libfreertos.a(timers_ext.o)
                              out/components/osal/libsrm_osal.a(osal_freertos.o) (xTimerChangeSetting)
out/components/osal/freertos/kernel/libfreertos.a(list.o)
                              out/components/osal/freertos/kernel/libfreertos.a(event_groups.o) (vListInitialise)
out/components/osal/memmgr/libmemmgr.a(heap_mem.o)
                              out/components/bsp/soc/libc_stub/libc_patch.o (vPortFree)
out/components/osal/memmgr/libmemmgr.a(heap_dlm.o)
                              out/components/osal/memmgr/libmemmgr.a(heap_mem.o) (pvDlmPortMalloc)
out/components/osal/memmgr/libmemmgr.a(heap_bus.o)
                              out/components/osal/memmgr/libmemmgr.a(heap_mem.o) (pvBusPortMalloc)
out/components/sys/libsrm_sys.a(intc.o)
                              out/components/bsp/soc/boot/mcu/d10/libboot.a(vector_32ivic.o) (g_prot_trigger)
out/components/sys/libsrm_sys.a(systick.o)
                              out/components/osal/freertos/libnds_port.a(port.o) (systick_get_irq_status)
out/components/sys/libsrm_sys.a(proftick.o)
                              out/components/osal/libsrm_osal.a(osal_freertos_slow.o) (proftick_start)
out/components/sys/libsrm_sys.a(sys_clock.o)
                              out/components/bsp/soc/boot/mcu/d10/libboot.a(start.o) (_soc_clk_init)
out/components/sys/libsrm_sys.a(exception_info.o)
                              out/components/bsp/soc/boot/mcu/d10/libboot.a(vector_32ivic.o) (exception_info)
out/components/sys/libsrm_sys.a(backtrace.o)
                              out/components/sys/libsrm_sys.a(exception_info.o) (print_callstack)
out/components/tools/cli/libcli.a(cli.o)
                              out/components/bsp/soc/libc_stub/printf_patch.o (drv_uart_tx_0)
out/components/tools/cli/libcli.a(cli_cmd.o)
                              out/components/tools/cli/libcli.a(cli.o) (gCliCmdTable)
out/components/tools/toolbox/libtoolbox.a(logger.o)
                              out/components/bsp/soc/libc_stub/printf_patch.o (g_TagLevel)
out/projects/SMAC/src/app/libmain.a(main.o)
                              out/components/bsp/soc/boot/mcu/d10/libboot.a(start.o) (APP_Init)
out/projects/SMAC/src/app/libmain.a(custom_cmd.o)
                              out/components/tools/cli/libcli.a(cli.o) (gCustomCmdTable)
out/projects/SMAC/src/driver/usb/libdrv_usb.a(drv_usb.o)
                              out/projects/SMAC/src/app/libmain.a(main.o) (drv_usb_init)
out/projects/SMAC/src/driver/usb/libdrv_usb.a(generic.o)
                              out/projects/SMAC/src/driver/usb/libdrv_usb.a(drv_usb.o) (flags)
out/projects/SMAC/src/driver/usb/libdrv_usb.a(stdreq.o)
                              out/projects/SMAC/src/driver/usb/libdrv_usb.a(drv_usb.o) (InitStdReq)
out/projects/SMAC/src/driver/usb/libdrv_usb.a(u2devdesc.o)
                              out/projects/SMAC/src/driver/usb/libdrv_usb.a(drv_usb.o) (InitU2DevDesc)
out/projects/SMAC/src/driver/usb/libdrv_usb.a(drv_usb_fsm.o)
[...]
Memory Configuration

Name             Origin             Length             Attributes
SRAM_ILM         0x00000000         0x00005000         xrw
EFS_TABLE        0x00100000         0x00000080         xrw
ROM_TABLE        0x00100080         0x00000f80         xrw
SRAM_DLM         0x00106bcc         0x00009234         rw
SYS_SRAM         0x01000000         0x0001d340         xrw
SH_SRAM          0x0101d340         0x0001b1e0         xrw
BLE_SRAM         0x0b000000         0x00001000         rw
*default*        0x00000000         0xffffffff

Linker script and memory map

LOAD out/components/bsp/soc/libc_stub/libc_patch.o
LOAD out/components/bsp/soc/libc_stub/printf_patch.o
LOAD out/components/bsp/soc/libc_stub/_sbrk.o
START GROUP
LOAD out/components/bsp/soc/boot/mcu/d10/libboot.a
LOAD out/components/bsp/soc/efuseapi/libefuseapi.a
LOAD out/components/bsp/soc/lowpower/liblowpower.a
LOAD out/components/bsp/soc/soc_init/libsoc_init.a
LOAD out/components/bsp/soc/ssv6030B1/hal/dmac/libhal_dmac.a
LOAD out/components/bsp/soc/ssv6030B1/hal/efuse/libhal_efuse.a
LOAD out/components/bsp/soc/ssv6030B1/hal/hsuart/libhal_hsuart.a
LOAD out/components/bsp/soc/ssv6030B1/hal/lmdma/libhal_lmdma.a
LOAD out/components/bsp/soc/ssv6030B1/hal/tmr/libhal_tmr.a
LOAD out/components/bsp/soc/ssv6030B1/hal/uart/libhal_uart.a
LOAD out/components/bsp/soc/ssv6030B1/hal/wdt/libhal_wdt.a
LOAD out/components/bsp/soc/sys/libbsp.a
LOAD out/components/crypto/libcrypto.a
LOAD out/components/drv/common/libsoc_global.a
LOAD out/components/drv/dmac/libdmac.a
LOAD out/components/drv/efuse/libefuse.a
LOAD out/components/drv/hsuart/libhsuart.a
LOAD out/components/drv/lmdma/liblmdma.a
LOAD out/components/drv/phy/libphy.a
LOAD out/components/drv/tmr/libtmr.a
LOAD out/components/drv/uart/libuart.a
LOAD out/components/drv/wdt/libwdt.a
LOAD out/components/macsw_v6_9_1/ip/lmac/librwnx_lmac.a
LOAD out/components/macsw_v6_9_1/ip/umac/librwnx_umac.a
LOAD out/components/macsw_v6_9_1/modules/librwnx_module.a
LOAD out/components/macsw_v6_9_1/plf/refip/librwnx_plf.a
LOAD out/components/net/net_al_v6_9_1/libnet_al.a
LOAD out/components/net/udhcp/libudhcpd.a
LOAD out/components/osal/libsrm_osal.a
LOAD out/components/osal/freertos/libnds_port.a
LOAD out/components/osal/freertos/kernel/libfreertos.a
LOAD out/components/osal/memmgr/libmemmgr.a
LOAD out/components/rom_connector/librom_connector.a
LOAD out/components/sys/libsrm_sys.a
LOAD out/components/third_party/FatFs/libfatfs.a
LOAD out/components/third_party/cJSON/libcjson.a
LOAD out/components/third_party/crc16/libcrc16.a
LOAD out/components/third_party/ping/libping.a
LOAD out/components/third_party/sntp/libsntp.a
LOAD out/components/tools/atcmd/libatcmd.a
LOAD out/components/tools/cli/libcli.a
LOAD out/components/tools/toolbox/libtoolbox.a
LOAD out/components/tools/utility/libutility.a
LOAD out/projects/SMAC/src/app/libmain.a
LOAD out/projects/SMAC/src/driver/usb/libdrv_usb.a
LOAD out/projects/SMAC/src/board/cfg/libcfg.a
END GROUP
LOAD /opt/Andes/nds32le-elf-mculib-v3/bin/../lib/gcc/nds32le-elf/4.9.4/../../../../nds32le-elf/lib/mcmodel-large/libdsp.a
LOAD version.o
LOAD /opt/Andes/nds32le-elf-mculib-v3/bin/../lib/gcc/nds32le-elf/4.9.4/mcmodel-large/libgcc.a
START GROUP
LOAD /opt/Andes/nds32le-elf-mculib-v3/bin/../lib/gcc/nds32le-elf/4.9.4/../../../../nds32le-elf/lib/mcmodel-large/libc.a
LOAD /opt/Andes/nds32le-elf-mculib-v3/bin/../lib/gcc/nds32le-elf/4.9.4/../../../../nds32le-elf/lib/mcmodel-large/libgloss.a
LOAD /opt/Andes/nds32le-elf-mculib-v3/bin/../lib/gcc/nds32le-elf/4.9.4/../../../../nds32le-elf/lib/mcmodel-large/libnosys.a
END GROUP
LOAD /opt/Andes/nds32le-elf-mculib-v3/bin/../lib/gcc/nds32le-elf/4.9.4/mcmodel-large/libgcc.a
                0x00100000                _SDA_BASE_ = 0x100000
                0x00000000                PROVIDE (__executable_start, 0x0)
                0x00000078                __sys_bus_speed = 0x78
                0x000000f0                __sys_mcu_speed = 0xf0
                0x00000004                __xip_bit = 0x4
                0x00000400                __mcu_suspend_buffer = 0x400
                0x00000000                . = 0x0
                0x00000400                __log_size = 0x400
                0x00000000                _fast_code_lmastart = LOADADDR (.vector)

.vector         0x00000000        0x0
                0x00000000                _fast_code_start = .
 *(.vector)

.nds32_init     0x00000000     0x44b4
 *(.nds32_init)
 .nds32_init    0x00000000      0x390 out/components/bsp/soc/boot/mcu/d10/libboot.a(vector_32ivic.o)
                0x00000000                OS_Int_Vectors
                0x000002e2                OS_Int_Vectors_End
 *(.fast_boot_code)
 .fast_boot_code
                0x00000390      0x1c4 out/components/bsp/soc/boot/mcu/d10/libboot.a(vector_32ivic.o)
                0x00000390                OS_Trap_Debug_Related
                0x0000043c                OS_Trap_TLB_Misc
                0x0000043c                OS_Trap_General_Exception
                0x0000043c                OS_Trap_PTE_Not_Present
                0x0000043c                OS_Trap_TLB_VLPT_Miss
                0x0000043c                OS_Trap_Machine_Error
                0x0000043c                OS_Trap_TLB_Fill
 .fast_boot_code
                0x00000554       0x74 out/components/bsp/soc/boot/mcu/d10/libboot.a(nmi.o)
                0x00000554                NMI_Service_Routine
 .fast_boot_code
                0x000005c8      0x180 out/components/osal/freertos/libnds_port.a(portasm.o)
                0x000005c8                vPortStartFirstTask
                0x000005fc                OS_Trap_Interrupt_SWI
                0x0000067c                OS_Trap_Int_Comm
 .fast_boot_code
                0x00000748      0x830 out/components/bsp/soc/lowpower/liblowpower.a(rtos_lowpower_ssv6030B1.o)
                0x00000748                sys_wifi_power_off
                0x00000788                sys_wphy_power_on
                0x000007a8                sys_wifi_power_on
                0x00000804                sys_lowpower_uncertainty
                0x00000838                sys_lowpower_present
                0x0000084c                sys_rtc_cali
                0x00000874                regcpy
                0x00000888                sys_stop_clk
                0x00000898                sys_resume_clk
                0x000008a4                sys_save_timer
                0x00000a70                sys_timer_min_time
                0x00000ac8                sys_timer_restore_time
                0x00000b88                sys_hibernate
                0x00000c00                sys_rtc_tick
                0x00000c18                sys_dormant
                0x00000d90                sys_sleep
                0x00000f14                sys_rtc_fast
                0x00000f44                sys_rtc_slow
 .fast_boot_code
                0x00000f78       0x10 out/components/bsp/soc/sys/libbsp.a(bsp.o)
                0x00000f78                system_delay
 .fast_boot_code
                0x00000f88      0x30c out/components/drv/phy/libphy.a(phy_common.o)
                0x00000f88                switch_rf_ctrl_by_wifi
                0x00001014                ssv_wifi_rf_set_channel
                0x000011e8                ssv_rf_init
                0x0000123c                ssv6030B1_cali_restore
                0x00001268                ssv6030B1_cali_mcs9_restore
 .fast_boot_code
                0x00001294      0x250 out/components/macsw_v6_9_1/ip/lmac/librwnx_lmac.a(rwnx.o)
                0x00001294                ssv_machw_sleep_check
                0x000012d4                ssv_sleep
                0x000013e4                ssv_wakeup
 .fast_boot_code
                0x000014e4      0x1fc out/components/macsw_v6_9_1/ip/lmac/librwnx_lmac.a(txl_cntrl.o)
                0x000014e4                __rom_patch_v1_txl_cntrl_push
 .fast_boot_code
                0x000016e0      0x2d0 out/components/macsw_v6_9_1/ip/lmac/librwnx_lmac.a(txl_he.o)
                0x000016e0                __rom_pf_v1_txl_he_tb_ppdu_send
 .fast_boot_code
                0x000019b0      0x254 out/components/macsw_v6_9_1/ip/lmac/librwnx_lmac.a(vif_mgmt.o)
                0x000019b0                __rom_patch_v1_vif_mgmt_register
 .fast_boot_code
                0x00001c04      0x6e4 out/components/macsw_v6_9_1/ip/lmac/librwnx_lmac.a(mm.o)
                0x00001c04                __rom_patch_v2_mm_tbtt_compute
                0x00001e38                __rom_patch_v1_mm_sta_tbtt
                0x00001f3c                vif_mgmt_restore_hw_key
                0x00002104                __rom_patch_v1_mm_hw_info_set
                0x0000219c                __rom_patch_v1_mm_sta_del
                0x000022a8                __rom_patch_v1_mm_send_connection_loss_ind
 .fast_boot_code
                0x000022e8      0x150 out/components/macsw_v6_9_1/ip/lmac/librwnx_lmac.a(mm_bcn.o)
                0x000022e8                __rom_patch_v1_mm_bcn_transmit
 .fast_boot_code
                0x00002438       0x34 out/components/macsw_v6_9_1/ip/lmac/librwnx_lmac.a(td.o)
                0x00002438                __rom_patch_v1_td_start
 .fast_boot_code
                0x0000246c      0x7a4 out/components/macsw_v6_9_1/ip/lmac/librwnx_lmac.a(chan.o)
                0x00002778                __rom_patch_v1_chan_conn_less_ctxt_end
                0x00002874                __rom_pf_v1_chan_pre_switch_channel
                0x000028cc                __rom_patch_v1_chan_switch_channel
                0x000029d4                __rom_patch_v1_chan_switch_start
                0x00002a3c                __rom_patch_v1_chan_init
                0x00002ae8                __rom_patch_v1_chan_roc_req
 .fast_boot_code
                0x00002c10      0x2a0 out/components/macsw_v6_9_1/ip/lmac/librwnx_lmac.a(rxl_cntrl.o)
                0x00002c10                __rom_patch_v1_rxl_frame_handle
 .fast_boot_code
                0x00002eb0       0x58 out/components/macsw_v6_9_1/ip/umac/librwnx_umac.a(rxu_cntrl.o)
                0x00002eb0                __rom_patch_v1_rxu_upload_monitor
 .fast_boot_code
                0x00002f08      0x94c out/components/macsw_v6_9_1/ip/umac/librwnx_umac.a(rc.o)
                0x00002f08                __rom_patch_v1_rc_update_counters
                0x0000313c                __rom_patch_v1_rc_check
                0x00003268                __rom_patch_v2_sta_capa_ht
                0x00003644                __rom_patch_v2_rc_init
 .fast_boot_code
                0x00003854      0x1e8 out/components/macsw_v6_9_1/ip/umac/librwnx_umac.a(me_task.o)
                0x00003854                __rom_patch_v1_me_config_req_handler
                0x000039b8                __rom_patch_v1_me_set_control_port_req_handler
 .fast_boot_code
                0x00003a3c       0x9c out/components/macsw_v6_9_1/modules/librwnx_module.a(rtos.o)
                0x00003a3c                rtos_wifi_task_suspend
                0x00003aa8                rtos_wifi_task_resume
 .fast_boot_code
                0x00003ad8      0x370 out/components/macsw_v6_9_1/plf/refip/librwnx_plf.a(phy_custom_rf.o)
                0x00003dfc                phy_hw_recovery
 .fast_boot_code
                0x00003e48      0x41c out/components/macsw_v6_9_1/plf/refip/librwnx_plf.a(dma.o)
                0x00003e48                __rom_patch_v1_dma_ceva_isr
                0x00003f74                __rom_patch_v1_create_dma_link
                0x00004124                check_and_push_pseudo_irq
                0x00004170                __rom_patch_v1_dma_push
 .fast_boot_code
                0x00004264       0x60 out/components/macsw_v6_9_1/ip/lmac/librwnx_lmac.a(txl_agg.o)
                0x00004264                __rom_patch_v1_txl_agg_set_ampdu_protection
 .fast_boot_code
                0x000042c4       0x80 out/components/macsw_v6_9_1/ip/lmac/librwnx_lmac.a(scan_task.o)
                0x000042c4                __rom_patch_v1_mm_scan_channel_end_ind_handler
 .fast_boot_code
                0x00004344      0x170 out/components/macsw_v6_9_1/ip/lmac/librwnx_lmac.a(scan.o)
                0x00004344                __rom_patch_v1_scan_probe_req_tx

.ilm_data       0x000044b4        0x0
 *(.ilm_data)
                0x000044b4                _fast_code_end = .
                0x000044b4                . = ALIGN (0x4)
                0x00005000                ilm_end = (ORIGIN (SRAM_ILM) + 0x5000)
                0x00000b4c                ilm_remain = (ilm_end - _fast_code_end)

.text           0x01000000    0x12f6c
                0x01000000                . = ALIGN (0x4)
                0x01000000                __XIP_TEXT_START = .
 *(.bus_sram_begin)
 .bus_sram_begin
                0x01000000        0x4 out/components/bsp/soc/boot/mcu/d10/libboot.a(start.o)
                0x01000000                _bus_sram_begin
 *(.text .stub .text.* .gnu.linkonce.t.*)
 .text.calloc   0x01000004       0x1c out/components/bsp/soc/libc_stub/libc_patch.o
                0x01000004                calloc
 .text.malloc   0x01000020        0xc out/components/bsp/soc/libc_stub/libc_patch.o
                0x01000020                malloc
 .text.strdup   0x0100002c       0x20 out/components/bsp/soc/libc_stub/libc_patch.o
                0x0100002c                strdup
 .text.free     0x0100004c        0x8 out/components/bsp/soc/libc_stub/libc_patch.o
                0x0100004c                free
 .text.realloc  0x01000054       0x34 out/components/bsp/soc/libc_stub/libc_patch.o
                0x01000054                realloc
 .text._fflush_r
                0x01000088        0x4 out/components/bsp/soc/libc_stub/libc_patch.o
                0x01000088                _fflush_r
 .text._fclose_r
                0x0100008c        0x4 out/components/bsp/soc/libc_stub/libc_patch.o
                0x0100008c                _fclose_r
 .text.fflush   0x01000090        0xc out/components/bsp/soc/libc_stub/libc_patch.o
                0x01000090                fflush
 .text.fopen    0x0100009c        0x4 out/components/bsp/soc/libc_stub/libc_patch.o
                0x0100009c                fopen
 .text.fread    0x010000a0        0x4 out/components/bsp/soc/libc_stub/libc_patch.o
                0x010000a0                fread
 .text.fwrite   0x010000a4        0x4 out/components/bsp/soc/libc_stub/libc_patch.o
                0x010000a4                fwrite
 .text.ftell    0x010000a8        0x4 out/components/bsp/soc/libc_stub/libc_patch.o
                0x010000a8                ftell
 .text.feof     0x010000ac        0x4 out/components/bsp/soc/libc_stub/libc_patch.o
                0x010000ac                feof
 .text.fseek    0x010000b0        0x4 out/components/bsp/soc/libc_stub/libc_patch.o
                0x010000b0                fseek
 .text.fclose   0x010000b4        0x4 out/components/bsp/soc/libc_stub/libc_patch.o
                0x010000b4                fclose
 .text.fgets    0x010000b8        0x4 out/components/bsp/soc/libc_stub/libc_patch.o
                0x010000b8                fgets
 .text.ferror   0x010000bc        0x4 out/components/bsp/soc/libc_stub/libc_patch.o
                0x010000bc                ferror
 .text.gettimeofday
                0x010000c0       0x10 out/components/bsp/soc/libc_stub/libc_patch.o
                0x010000c0                gettimeofday
 .text._out_char
                0x010000d0       0x1c out/components/bsp/soc/libc_stub/printf_patch.o
                0x010000d0                _out_char
 .text.log_print
                0x010000ec       0x40 out/components/bsp/soc/libc_stub/printf_patch.o
                0x010000ec                log_print
 .text          0x0100012c      0x138 out/components/bsp/soc/boot/mcu/d10/libboot.a(start.o)
                0x0100012c                OS_Init_Nds32
                0x0100012c                _start
                0x01000188                __pre_c_init
                0x01000254                __post_c_init
                0x01000258                main
 .text.OS_Trap_Default_Handler
                0x01000264        0x4 out/components/bsp/soc/boot/mcu/d10/libboot.a(bsp.o)
                0x01000264                OS_Trap_Default_Handler
 .text.BSP_Intc_Init
                0x01000268       0x20 out/components/bsp/soc/boot/mcu/d10/libboot.a(bsp.o)
                0x01000268                BSP_Intc_Init
 .text.BSP_Init
                0x01000288        0x8 out/components/bsp/soc/boot/mcu/d10/libboot.a(bsp.o)
                0x01000288                BSP_Init
 .text.mcu_unalignment
                0x01000290       0x10 out/components/bsp/soc/boot/mcu/d10/libboot.a(bsp.o)
                0x01000290                mcu_unalignment
 .text.sys_err_c
                0x010002a0       0x58 out/components/bsp/soc/boot/mcu/d10/libboot.a(bsp.o)
                0x010002a0                sys_err_c
 .text.OS_Init  0x010002f8        0x8 out/components/osal/libsrm_osal.a(osal_freertos_slow.o)
                0x010002f8                OS_Init
 .text.OS_StatInit
                0x01000300       0x30 out/components/osal/libsrm_osal.a(osal_freertos_slow.o)
                0x01000300                OS_StatInit
 .text.OS_TaskCreateStatic
                0x01000330       0x24 out/components/osal/libsrm_osal.a(osal_freertos_slow.o)
                0x01000330                OS_TaskCreateStatic
 .text.OS_TaskCreate
                0x01000354       0x20 out/components/osal/libsrm_osal.a(osal_freertos_slow.o)
                0x01000354                OS_TaskCreate
 .text.OS_TaskGetCurrHandle
                0x01000374       0x18 out/components/osal/libsrm_osal.a(osal_freertos_slow.o)
                0x01000374                OS_TaskGetCurrHandle
 .text.OS_TaskSetPriority
                0x0100038c        0xc out/components/osal/libsrm_osal.a(osal_freertos_slow.o)
                0x0100038c                OS_TaskSetPriority
 .text.OS_TaskDelete
                0x01000398       0x34 out/components/osal/libsrm_osal.a(osal_freertos_slow.o)
                0x01000398                OS_TaskDelete
 .text.OS_TaskSwitchInfo
                0x010003cc       0x38 out/components/osal/libsrm_osal.a(osal_freertos_slow.o)
                0x010003cc                OS_TaskSwitchInfo
 .text.OS_SysInfo
                0x01000404      0x124 out/components/osal/libsrm_osal.a(osal_freertos_slow.o)
                0x01000404                OS_SysInfo
 .text.OS_ConfigureTickInterrupt
                0x01000528       0x3c out/components/osal/libsrm_osal.a(osal_freertos_slow.o)
                0x01000528                OS_ConfigureTickInterrupt
 .text.OS_ClearTickInterrupt
                0x01000564       0x24 out/components/osal/libsrm_osal.a(osal_freertos_slow.o)
                0x01000564                OS_ClearTickInterrupt
 .text.OS_MemInfo
                0x01000588        0xc out/components/osal/libsrm_osal.a(osal_freertos_slow.o)
                0x01000588                OS_MemInfo
 .text.OS_TimerCreate
                0x01000594       0x30 out/components/osal/libsrm_osal.a(osal_freertos.o)
                0x01000594                OS_TimerCreate
 .text.prvTaskExitError
                0x010005c4       0x2c out/components/osal/freertos/libnds_port.a(port.o)
 .text.pxPortInitialiseStack
                0x010005f0      0x114 out/components/osal/freertos/libnds_port.a(port.o)
                0x010005f0                pxPortInitialiseStack
 .text.xPortStartScheduler
                0x01000704       0x3c out/components/osal/freertos/libnds_port.a(port.o)
                0x01000704                xPortStartScheduler
 .text.vPortEnterCritical
                0x01000740       0x3c out/components/osal/freertos/libnds_port.a(port.o)
                0x01000740                vPortEnterCritical
 .text.vPortExitCritical
                0x0100077c       0x44 out/components/osal/freertos/libnds_port.a(port.o)
                0x0100077c                vPortExitCritical
 .text.FreeRTOS_Tick_Handler
                0x010007c0       0x3c out/components/osal/freertos/libnds_port.a(port.o)
                0x010007c0                FreeRTOS_Tick_Handler
 .text.vPortSuppressTicksAndSleep
                0x010007fc      0x1fc out/components/osal/freertos/libnds_port.a(port.o)
                0x010007fc                vPortSuppressTicksAndSleep
 .text.vPortValidateInterruptPriority
                0x010009f8        0x4 out/components/osal/freertos/libnds_port.a(port.o)
                0x010009f8                vPortValidateInterruptPriority
 .text.xQueueGenericReset
                0x010009fc       0x78 out/components/osal/freertos/kernel/libfreertos.a(queue.o)
                0x010009fc                xQueueGenericReset
 .text.xQueueGenericCreateStatic
                0x01000a74       0xa0 out/components/osal/freertos/kernel/libfreertos.a(queue.o)
                0x01000a74                xQueueGenericCreateStatic
 .text.vQueueAddToRegistry
                0x01000b14       0x28 out/components/osal/freertos/kernel/libfreertos.a(queue.o)
                0x01000b14                vQueueAddToRegistry
 .text.prvResetNextTaskUnblockTime
                0x01000b3c       0x20 out/components/osal/freertos/kernel/libfreertos.a(tasks.o)
 .text.prvInitialiseNewTask.isra.3
                0x01000b5c       0xd4 out/components/osal/freertos/kernel/libfreertos.a(tasks.o)
 .text.prvAddNewTaskToReadyList
                0x01000c30       0xec out/components/osal/freertos/kernel/libfreertos.a(tasks.o)
 .text.prvDeleteTCB
                0x01000d1c       0x38 out/components/osal/freertos/kernel/libfreertos.a(tasks.o)
 .text.xTaskCreateStatic
                0x01000d54       0x88 out/components/osal/freertos/kernel/libfreertos.a(tasks.o)
                0x01000d54                xTaskCreateStatic
 .text.xTaskCreate
                0x01000ddc       0x60 out/components/osal/freertos/kernel/libfreertos.a(tasks.o)
                0x01000ddc                xTaskCreate
 .text.vTaskDelete
                0x01000e3c       0xc8 out/components/osal/freertos/kernel/libfreertos.a(tasks.o)
                0x01000e3c                vTaskDelete
 .text.uxTaskPriorityGet
                0x01000f04       0x1c out/components/osal/freertos/kernel/libfreertos.a(tasks.o)
                0x01000f04                uxTaskPriorityGet
 .text.vTaskPrioritySet
                0x01000f20       0xdc out/components/osal/freertos/kernel/libfreertos.a(tasks.o)
                0x01000f20                vTaskPrioritySet
 .text.vTaskSuspendAll
                0x01000ffc        0xc out/components/osal/freertos/kernel/libfreertos.a(tasks.o)
                0x01000ffc                vTaskSuspendAll
 .text.pcTaskGetName
                0x01001008       0x24 out/components/osal/freertos/kernel/libfreertos.a(tasks.o)
                0x01001008                pcTaskGetName
 .text.vTaskStepTick
                0x0100102c       0x30 out/components/osal/freertos/kernel/libfreertos.a(tasks.o)
                0x0100102c                vTaskStepTick
 .text.xTaskIncrementTick
                0x0100105c      0x104 out/components/osal/freertos/kernel/libfreertos.a(tasks.o)
                0x0100105c                xTaskIncrementTick
 .text.xTaskResumeAll
                0x01001160       0xd4 out/components/osal/freertos/kernel/libfreertos.a(tasks.o)
                0x01001160                xTaskResumeAll
 .text.vTaskSwitchContext
                0x01001234       0x74 out/components/osal/freertos/kernel/libfreertos.a(tasks.o)
                0x01001234                vTaskSwitchContext
 .text.xTaskRemoveFromEventList
                0x010012a8       0x7c out/components/osal/freertos/kernel/libfreertos.a(tasks.o)
                0x010012a8                xTaskRemoveFromEventList
 .text.eTaskConfirmSleepModeStatus
                0x01001324       0x24 out/components/osal/freertos/kernel/libfreertos.a(tasks.o)
                0x01001324                eTaskConfirmSleepModeStatus
 .text.xTaskGetCurrentTaskHandle
                0x01001348        0x8 out/components/osal/freertos/kernel/libfreertos.a(tasks.o)
                0x01001348                xTaskGetCurrentTaskHandle
 .text.xTaskGetSchedulerState
                0x01001350       0x18 out/components/osal/freertos/kernel/libfreertos.a(tasks.o)
                0x01001350                xTaskGetSchedulerState
 .text.vTaskGetUserInfo
                0x01001368        0x8 out/components/osal/freertos/kernel/libfreertos.a(tasks.o)
                0x01001368                vTaskGetUserInfo
 .text.vTaskGetSemap
                0x01001370       0x18 out/components/osal/freertos/kernel/libfreertos.a(tasks.o)
                0x01001370                vTaskGetSemap
 .text.prvCheckForValidListAndQueue
                0x01001388       0x54 out/components/osal/freertos/kernel/libfreertos.a(timers.o)
 .text.xTimerCreate
                0x010013dc       0x50 out/components/osal/freertos/kernel/libfreertos.a(timers.o)
                0x010013dc                xTimerCreate
 .text.vListInitialise
                0x0100142c       0x14 out/components/osal/freertos/kernel/libfreertos.a(list.o)
                0x0100142c                vListInitialise
 .text.vListInitialiseItem
                0x01001440        0x8 out/components/osal/freertos/kernel/libfreertos.a(list.o)
                0x01001440                vListInitialiseItem
 .text.vListInsertEnd
                0x01001448       0x18 out/components/osal/freertos/kernel/libfreertos.a(list.o)
                0x01001448                vListInsertEnd
 .text.uxListRemove
                0x01001460       0x24 out/components/osal/freertos/kernel/libfreertos.a(list.o)
                0x01001460                uxListRemove
 .text.vPortFree
                0x01001484       0x1c out/components/osal/memmgr/libmemmgr.a(heap_mem.o)
                0x01001484                vPortFree
 .text.OS_MemInit
                0x010014a0        0x4 out/components/osal/memmgr/libmemmgr.a(heap_mem.o)
                0x010014a0                OS_MemInit
 .text.vOSMemInfo
                0x010014a4       0x74 out/components/osal/memmgr/libmemmgr.a(heap_mem.o)
                0x010014a4                vOSMemInfo
 .text.pvPortMalloc
                0x01001518       0x18 out/components/osal/memmgr/libmemmgr.a(heap_mem.o)
                0x01001518                pvPortMalloc
 .text._pvPortMalloc
                0x01001530        0x8 out/components/osal/memmgr/libmemmgr.a(heap_mem.o)
                0x01001530                _pvPortMalloc
 .text.OS_MemAlloc
                0x01001538        0x8 out/components/osal/memmgr/libmemmgr.a(heap_mem.o)
                0x01001538                OS_MemAlloc
 .text.OS_MemFree
                0x01001540        0x8 out/components/osal/memmgr/libmemmgr.a(heap_mem.o)
                0x01001540                OS_MemFree
 .text.OS_MemBusAlloc
                0x01001548        0x8 out/components/osal/memmgr/libmemmgr.a(heap_mem.o)
                0x01001548                OS_MemBusAlloc
 .text.prvHeapInit
                0x01001550       0x68 out/components/osal/memmgr/libmemmgr.a(heap_dlm.o)
 .text.prvInsertBlockIntoFreeList
                0x010015b8       0x48 out/components/osal/memmgr/libmemmgr.a(heap_dlm.o)
 .text.pvDlmPortMalloc
                0x01001600      0x104 out/components/osal/memmgr/libmemmgr.a(heap_dlm.o)
                0x01001600                pvDlmPortMalloc
 .text.vDlmPortFree
                0x01001704       0x80 out/components/osal/memmgr/libmemmgr.a(heap_dlm.o)
                0x01001704                vDlmPortFree
 .text.xDlmPortGetTotalHeapSize
                0x01001784        0x8 out/components/osal/memmgr/libmemmgr.a(heap_dlm.o)
                0x01001784                xDlmPortGetTotalHeapSize
 .text.xDlmPortGetFreeHeapSize
                0x0100178c        0xc out/components/osal/memmgr/libmemmgr.a(heap_dlm.o)
                0x0100178c                xDlmPortGetFreeHeapSize
 .text.isDlm    0x01001798       0x10 out/components/osal/memmgr/libmemmgr.a(heap_dlm.o)
                0x01001798                isDlm
 .text.ulDlmMemMaxFreeBlockSize
                0x010017a8       0x38 out/components/osal/memmgr/libmemmgr.a(heap_dlm.o)
                0x010017a8                ulDlmMemMaxFreeBlockSize
 .text.prvHeapInit
                0x010017e0       0x70 out/components/osal/memmgr/libmemmgr.a(heap_bus.o)
 .text.prvInsertBlockIntoFreeList
                0x01001850       0x48 out/components/osal/memmgr/libmemmgr.a(heap_bus.o)
 .text.pvBusPortMalloc
                0x01001898      0x104 out/components/osal/memmgr/libmemmgr.a(heap_bus.o)
                0x01001898                pvBusPortMalloc
 .text.vBusPortFree
                0x0100199c       0x80 out/components/osal/memmgr/libmemmgr.a(heap_bus.o)
                0x0100199c                vBusPortFree
 .text.xBusPortGetFreeHeapSize
                0x01001a1c        0xc out/components/osal/memmgr/libmemmgr.a(heap_bus.o)
                0x01001a1c                xBusPortGetFreeHeapSize
 .text.xBusPortGetTotalHeapSize
                0x01001a28        0xc out/components/osal/memmgr/libmemmgr.a(heap_bus.o)
                0x01001a28                xBusPortGetTotalHeapSize
 .text.ulBusMemMaxFreeBlockSize
                0x01001a34       0x38 out/components/osal/memmgr/libmemmgr.a(heap_bus.o)
                0x01001a34                ulBusMemMaxFreeBlockSize
 .text.intc_comm_set_priority
                0x01001a6c       0x9c out/components/sys/libsrm_sys.a(intc.o)
                0x01001a6c                intc_comm_set_priority
 .text.intc_comm_irq_enable
                0x01001b08       0x14 out/components/sys/libsrm_sys.a(intc.o)
                0x01001b08                intc_comm_irq_enable
 .text.intc_comm_register_isr
                0x01001b1c       0x10 out/components/sys/libsrm_sys.a(intc.o)
                0x01001b1c                intc_comm_register_isr
 .text.intc_register_isr
                0x01001b2c        0xc out/components/sys/libsrm_sys.a(intc.o)
                0x01001b2c                intc_register_isr
 .text.intc_irq_clean_all
                0x01001b38        0x4 out/components/sys/libsrm_sys.a(intc.o)
                0x01001b38                intc_irq_clean_all
 .text.intc_irq_set_priority
                0x01001b3c       0x54 out/components/sys/libsrm_sys.a(intc.o)
                0x01001b3c                intc_irq_set_priority
 .text.intc_init
                0x01001b90       0x80 out/components/sys/libsrm_sys.a(intc.o)
                0x01001b90                intc_init
 .text.intc_irq_set_priority_all
                0x01001c10        0xc out/components/sys/libsrm_sys.a(intc.o)
                0x01001c10                intc_irq_set_priority_all
 .text.intc_irq_enable
                0x01001c1c       0x38 out/components/sys/libsrm_sys.a(intc.o)
                0x01001c1c                intc_irq_enable
 .text.intc_comm_irq_all_enable
                0x01001c54       0x1c out/components/sys/libsrm_sys.a(intc.o)
                0x01001c54                intc_comm_irq_all_enable
 .text.intc_irq_disable
                0x01001c70       0x3c out/components/sys/libsrm_sys.a(intc.o)
                0x01001c70                intc_irq_disable
 .text.intc_irq_disable_all
                0x01001cac       0x14 out/components/sys/libsrm_sys.a(intc.o)
                0x01001cac                intc_irq_disable_all
 .text.proftick_start
                0x01001cc0       0x18 out/components/sys/libsrm_sys.a(proftick.o)
                0x01001cc0                proftick_start
 .text.proftick_elapsed_ms
                0x01001cd8       0x10 out/components/sys/libsrm_sys.a(proftick.o)
                0x01001cd8                proftick_elapsed_ms
 .text.proftick_isr
                0x01001ce8       0x20 out/components/sys/libsrm_sys.a(proftick.o)
                0x01001ce8                proftick_isr
 .text._soc_clk_init
                0x01001d08        0xc out/components/sys/libsrm_sys.a(sys_clock.o)
                0x01001d08                _soc_clk_init
 .text.exception_info
                0x01001d14        0xc out/components/sys/libsrm_sys.a(exception_info.o)
                0x01001d14                exception_info
 .text.sys_add_protected
                0x01001d20       0xdc out/components/sys/libsrm_sys.a(exception_info.o)
                0x01001d20                sys_add_protected
 .text.dbg_info
                0x01001dfc      0x110 out/components/sys/libsrm_sys.a(exception_info.o)
                0x01001dfc                dbg_info
 .text.print_callstack
                0x01001f0c        0x4 out/components/sys/libsrm_sys.a(backtrace.o)
                0x01001f0c                print_callstack
 .text.__put_char
                0x01001f10       0x14 out/components/tools/cli/libcli.a(cli.o)
 .text.uart_rx_isr
                0x01001f24       0x70 out/components/tools/cli/libcli.a(cli.o)
                0x01001f24                uart_rx_isr
 .text.drv_uart_tx_0
                0x01001f94        0x8 out/components/tools/cli/libcli.a(cli.o)
                0x01001f94                drv_uart_tx_0
 .text.Cli_Init
                0x01001f9c       0x6c out/components/tools/cli/libcli.a(cli.o)
                0x01001f9c                Cli_Init
 .text.uart_read
                0x01002008       0x50 out/components/tools/cli/libcli.a(cli.o)
                0x01002008                uart_read
 .text.Cli_Start
                0x01002058      0x2f0 out/components/tools/cli/libcli.a(cli.o)
                0x01002058                Cli_Start
 .text.Cli_Task
                0x01002348        0xc out/components/tools/cli/libcli.a(cli.o)
                0x01002348                Cli_Task
 .text.ssvradio_init_task
                0x01002354       0x54 out/projects/SMAC/src/app/libmain.a(main.o)
                0x01002354                ssvradio_init_task
 .text.APP_Init
                0x010023a8       0x90 out/projects/SMAC/src/app/libmain.a(main.o)
                0x010023a8                APP_Init
 .text.Cmd_meminfo
                0x01002438       0x18 out/projects/SMAC/src/app/libmain.a(custom_cmd.o)
                0x01002438                Cmd_meminfo
 .text.Cmd_sysinfo
                0x01002450       0x18 out/projects/SMAC/src/app/libmain.a(custom_cmd.o)
                0x01002450                Cmd_sysinfo
 .text.Cmd_WriteReg32
                0x01002468       0x44 out/projects/SMAC/src/app/libmain.a(custom_cmd.o)
                0x01002468                Cmd_WriteReg32
 .text.Cmd_ReadReg32
                0x010024ac       0x4c out/projects/SMAC/src/app/libmain.a(custom_cmd.o)
                0x010024ac                Cmd_ReadReg32
 .text.Cmd_Show_mcs_power
                0x010024f8       0xbc out/projects/SMAC/src/app/libmain.a(custom_cmd.o)
                0x010024f8                Cmd_Show_mcs_power
 .text.hex_dump_2
                0x010025b4       0x98 out/projects/SMAC/src/app/libmain.a(custom_cmd.o)
                0x010025b4                hex_dump_2
 .text.dump_tx_packet_info
                0x0100264c       0x44 out/projects/SMAC/src/app/libmain.a(custom_cmd.o)
                0x0100264c                dump_tx_packet_info
 .text.Cmd_Mib  0x01002690      0x5d4 out/projects/SMAC/src/app/libmain.a(custom_cmd.o)
                0x01002690                Cmd_Mib
 .text.irq_usb_handler
                0x01002c64      0x270 out/projects/SMAC/src/driver/usb/libdrv_usb.a(drv_usb.o)
 .text.drv_usb_init
                0x01002ed4       0x58 out/projects/SMAC/src/driver/usb/libdrv_usb.a(drv_usb.o)
                0x01002ed4                drv_usb_init
 .text.clearFeature
                0x01002f2c       0xa4 out/projects/SMAC/src/driver/usb/libdrv_usb.a(stdreq.o)
 .text.setFeature
                0x01002fd0       0xb4 out/projects/SMAC/src/driver/usb/libdrv_usb.a(stdreq.o)
 .text.getStatus
                0x01003084       0x64 out/projects/SMAC/src/driver/usb/libdrv_usb.a(stdreq.o)
 .text.setAddress
                0x010030e8       0x5c out/projects/SMAC/src/driver/usb/libdrv_usb.a(stdreq.o)
 .text.getDescriptor
                0x01003144       0x60 out/projects/SMAC/src/driver/usb/libdrv_usb.a(stdreq.o)
 .text.getConfiguration
                0x010031a4       0x60 out/projects/SMAC/src/driver/usb/libdrv_usb.a(stdreq.o)
 .text.setConfiguration
                0x01003204       0x70 out/projects/SMAC/src/driver/usb/libdrv_usb.a(stdreq.o)
 .text.setInterface
                0x01003274       0x40 out/projects/SMAC/src/driver/usb/libdrv_usb.a(stdreq.o)
 .text.getInterface
                0x010032b4       0x44 out/projects/SMAC/src/driver/usb/libdrv_usb.a(stdreq.o)
 .text.InitStdReq
                0x010032f8       0x70 out/projects/SMAC/src/driver/usb/libdrv_usb.a(stdreq.o)
                0x010032f8                InitStdReq
 .text.InitU2DevDesc
                0x01003368       0xa8 out/projects/SMAC/src/driver/usb/libdrv_usb.a(u2devdesc.o)
                0x01003368                InitU2DevDesc
 .text.usb_fsm_reg_rw_rst_evhandler
                0x01003410        0xc out/projects/SMAC/src/driver/usb/libdrv_usb.a(drv_usb_fsm.o)
                0x01003410                usb_fsm_reg_rw_rst_evhandler
 .text.usb_fsm_rreg_data_stage_evhandler
                0x0100341c       0x58 out/projects/SMAC/src/driver/usb/libdrv_usb.a(drv_usb_fsm.o)
                0x0100341c                usb_fsm_rreg_data_stage_evhandler
 .text.usb_fsm_wreg_data_stage_evhandler
                0x01003474       0x18 out/projects/SMAC/src/driver/usb/libdrv_usb.a(drv_usb_fsm.o)
                0x01003474                usb_fsm_wreg_data_stage_evhandler
 .text.usb_fsm_reg_rw_err_evhandler
                0x0100348c       0x3c out/projects/SMAC/src/driver/usb/libdrv_usb.a(drv_usb_fsm.o)
                0x0100348c                usb_fsm_reg_rw_err_evhandler
 .text.usb_fsm_reg_adr_evhandler
                0x010034c8       0x24 out/projects/SMAC/src/driver/usb/libdrv_usb.a(drv_usb_fsm.o)
                0x010034c8                usb_fsm_reg_adr_evhandler
 .text.sys_sdio_power_off
                0x010034ec       0x20 out/components/bsp/soc/lowpower/liblowpower.a(rtos_lowpower_ssv6030B1.o)
                0x010034ec                sys_sdio_power_off
 .text.pmu_dev_register
                0x0100350c       0x44 out/components/bsp/soc/lowpower/liblowpower.a(pmu_6030.o)
                0x0100350c                pmu_dev_register
 .text.pmu_dev_unregister
                0x01003550       0x44 out/components/bsp/soc/lowpower/liblowpower.a(pmu_6030.o)
                0x01003550                pmu_dev_unregister
 .text.pmu_dev_busy
                0x01003594       0x44 out/components/bsp/soc/lowpower/liblowpower.a(pmu_6030.o)
                0x01003594                pmu_dev_busy
 .text.pmu_dev_suspend
                0x010035d8       0x48 out/components/bsp/soc/lowpower/liblowpower.a(pmu_6030.o)
                0x010035d8                pmu_dev_suspend
 .text.pmu_dev_suspend_late
                0x01003620       0x48 out/components/bsp/soc/lowpower/liblowpower.a(pmu_6030.o)
                0x01003620                pmu_dev_suspend_late
 .text.pmu_dev_resume
                0x01003668       0x44 out/components/bsp/soc/lowpower/liblowpower.a(pmu_6030.o)
                0x01003668                pmu_dev_resume
 .text.pmu_dev_resume_early
                0x010036ac       0x44 out/components/bsp/soc/lowpower/liblowpower.a(pmu_6030.o)
                0x010036ac                pmu_dev_resume_early
 .text.pmu_get_xtal
                0x010036f0       0x28 out/components/bsp/soc/lowpower/liblowpower.a(pmu_6030.o)
                0x010036f0                pmu_get_xtal
 .text.bsp_init
                0x01003718       0x54 out/components/bsp/soc/sys/libbsp.a(bsp.o)
                0x01003718                bsp_init
 .text.system_us2delaytick
                0x0100376c        0x8 out/components/bsp/soc/sys/libbsp.a(bsp.o)
                0x0100376c                system_us2delaytick
 .text.vAssertCalled
                0x01003774       0x28 out/components/bsp/soc/sys/libbsp.a(bsp.o)
                0x01003774                vAssertCalled
 .text.lowpower_dormant_gpio_hook
                0x0100379c        0x4 out/components/bsp/soc/sys/libbsp.a(bsp.o)
                0x0100379c                lowpower_dormant_gpio_hook
 .text.drv_hsuart_set_format
                0x010037a0        0x8 out/components/drv/hsuart/libhsuart.a(drv_hsuart.o)
                0x010037a0                drv_hsuart_set_format
 .text.rf_enable_tcsr
                0x010037a8       0x2c out/components/drv/phy/libphy.a(rf_api.o)
                0x010037a8                rf_enable_tcsr
 .text.dump_rf_table
                0x010037d4       0x24 out/components/drv/phy/libphy.a(rf_api.o)
                0x010037d4                dump_rf_table
 .text.get_current_temperature
                0x010037f8       0xe0 out/components/drv/phy/libphy.a(rf_api.o)
                0x010037f8                get_current_temperature
 .text.get_current_tempe_state
                0x010038d8       0xdc out/components/drv/phy/libphy.a(rf_api.o)
                0x010038d8                get_current_tempe_state
 .text.write_reg_band_gain
                0x010039b4       0x2c out/components/drv/phy/libphy.a(rf_api.o)
                0x010039b4                write_reg_band_gain
 .text.write_reg_freq_xi_xo
                0x010039e0       0x30 out/components/drv/phy/libphy.a(rf_api.o)
                0x010039e0                write_reg_freq_xi_xo
 .text.write_reg_tempe_table
                0x01003a10       0x4c out/components/drv/phy/libphy.a(rf_api.o)
                0x01003a10                write_reg_tempe_table
 .text.load_rf_table_to_mac
                0x01003a5c      0x154 out/components/drv/phy/libphy.a(rf_api.o)
                0x01003a5c                load_rf_table_to_mac
 .text.do_temerature_compensation
                0x01003bb0      0x15c out/components/drv/phy/libphy.a(rf_api.o)
                0x01003bb0                do_temerature_compensation
 .text.rf_get_rate_gain
                0x01003d0c       0x18 out/components/drv/phy/libphy.a(rf_api.o)
                0x01003d0c                rf_get_rate_gain
 .text.rf_get_mcs_power
                0x01003d24       0xc0 out/components/drv/phy/libphy.a(rf_api.o)
                0x01003d24                rf_get_mcs_power
 .text._rf_improve_mcs
                0x01003de4      0x180 out/components/drv/phy/libphy.a(rf_api.o)
                0x01003de4                _rf_improve_mcs
 .text._update_green_tx
                0x01003f64       0xa0 out/components/drv/phy/libphy.a(rssi_api.o)
                0x01003f64                _update_green_tx
 .text.drv_phy_compensation_reset
                0x01004004       0x1c out/components/drv/phy/libphy.a(rssi_api.o)
                0x01004004                drv_phy_compensation_reset
 .text.drv_phy_rssi_reset
                0x01004020       0x20 out/components/drv/phy/libphy.a(rssi_api.o)
                0x01004020                drv_phy_rssi_reset
 .text.drv_phy_rssi_aver_compen
                0x01004040       0x88 out/components/drv/phy/libphy.a(rssi_api.o)
                0x01004040                drv_phy_rssi_aver_compen
 .text.drv_phy_set_greentx_en
                0x010040c8       0x20 out/components/drv/phy/libphy.a(rssi_api.o)
                0x010040c8                drv_phy_set_greentx_en
 .text.drv_phy_get_greentx_en
                0x010040e8        0xc out/components/drv/phy/libphy.a(rssi_api.o)
                0x010040e8                drv_phy_get_greentx_en
 .text.drv_phy_get_greetx_adj_gain
                0x010040f4       0x28 out/components/drv/phy/libphy.a(rssi_api.o)
                0x010040f4                drv_phy_get_greetx_adj_gain
 .text.drv_phy_rssi_process
                0x0100411c       0x3c out/components/drv/phy/libphy.a(rssi_api.o)
                0x0100411c                drv_phy_rssi_process
 .text.fw_house_keeping_routine
                0x01004158       0x48 out/components/drv/phy/libphy.a(rf_ops.o)
 .text.fw_house_keeping_init
                0x010041a0       0x5c out/components/drv/phy/libphy.a(rf_ops.o)
                0x010041a0                fw_house_keeping_init
 .text.ssv_rf_cmd_init_pll_phy_rf
                0x010041fc       0x40 out/components/drv/phy/libphy.a(rf_ops.o)
                0x010041fc                ssv_rf_cmd_init_pll_phy_rf
 .text.rf_cmd_load_rf_conf_table
                0x0100423c       0x1c out/components/drv/phy/libphy.a(rf_ops.o)
                0x0100423c                rf_cmd_load_rf_conf_table
 .text.rf_cmd_phyrf_ops
                0x01004258       0x40 out/components/drv/phy/libphy.a(rf_ops.o)
                0x01004258                rf_cmd_phyrf_ops
 .text.ssv6030B1_cali_backup
                0x01004298       0x2c out/components/drv/phy/libphy.a(phy_common.o)
                0x01004298                ssv6030B1_cali_backup
 .text.ssv6030B1_get_tx_pwr_cali
                0x010042c4       0x2c out/components/drv/phy/libphy.a(phy_common.o)
                0x010042c4                ssv6030B1_get_tx_pwr_cali
 .text.comport_uart_write_fifo
                0x010042f0        0xc out/components/drv/uart/libuart.a(drv_comport.o)
                0x010042f0                comport_uart_write_fifo
 .text.comport_uart_read_fifo
                0x010042fc        0xc out/components/drv/uart/libuart.a(drv_comport.o)
                0x010042fc                comport_uart_read_fifo
 .text.comport_hsuart_rx_fifo_reset
                0x01004308        0x4 out/components/drv/uart/libuart.a(drv_comport.o)
                0x01004308                comport_hsuart_rx_fifo_reset
 .text.comport_uart_register_isr
                0x0100430c        0x8 out/components/drv/uart/libuart.a(drv_comport.o)
                0x0100430c                comport_uart_register_isr
 .text.comport_uart_init
                0x01004314        0x8 out/components/drv/uart/libuart.a(drv_comport.o)
                0x01004314                comport_uart_init
 .text.comport_uart_deinit
                0x0100431c        0x8 out/components/drv/uart/libuart.a(drv_comport.o)
                0x0100431c                comport_uart_deinit
 .text.comport_uart_set_format
                0x01004324        0x8 out/components/drv/uart/libuart.a(drv_comport.o)
                0x01004324                comport_uart_set_format
 .text.comport_uart_sw_rst
                0x0100432c        0x8 out/components/drv/uart/libuart.a(drv_comport.o)
                0x0100432c                comport_uart_sw_rst
 .text.comport_uart_get_line_status
                0x01004334        0x8 out/components/drv/uart/libuart.a(drv_comport.o)
                0x01004334                comport_uart_get_line_status
 .text.comport_uart_is_receiver_available
                0x0100433c        0xc out/components/drv/uart/libuart.a(drv_comport.o)
                0x0100433c                comport_uart_is_receiver_available
 .text.comport_uart_is_transmitter_idle
                0x01004348        0xc out/components/drv/uart/libuart.a(drv_comport.o)
                0x01004348                comport_uart_is_transmitter_idle
 .text.comport_uart_direct_read_byte
                0x01004354        0x8 out/components/drv/uart/libuart.a(drv_comport.o)
                0x01004354                comport_uart_direct_read_byte
 .text.comport_hsuart_register_isr
                0x0100435c       0x14 out/components/drv/uart/libuart.a(drv_comport.o)
                0x0100435c                comport_hsuart_register_isr
 .text.comport_hsuart_init
                0x01004370        0xc out/components/drv/uart/libuart.a(drv_comport.o)
                0x01004370                comport_hsuart_init
 .text.comport_hsuart_deinit
                0x0100437c        0xc out/components/drv/uart/libuart.a(drv_comport.o)
                0x0100437c                comport_hsuart_deinit
 .text.comport_hsuart_set_format
                0x01004388       0x1c out/components/drv/uart/libuart.a(drv_comport.o)
                0x01004388                comport_hsuart_set_format
 .text.comport_hsuart_write_fifo
                0x010043a4       0x18 out/components/drv/uart/libuart.a(drv_comport.o)
                0x010043a4                comport_hsuart_write_fifo
 .text.comport_hsuart_read_fifo
                0x010043bc       0x18 out/components/drv/uart/libuart.a(drv_comport.o)
                0x010043bc                comport_hsuart_read_fifo
 .text.comport_hsuart_sw_rst
                0x010043d4        0xc out/components/drv/uart/libuart.a(drv_comport.o)
                0x010043d4                comport_hsuart_sw_rst
 .text.comport_hsuart_get_line_status
                0x010043e0        0xc out/components/drv/uart/libuart.a(drv_comport.o)
                0x010043e0                comport_hsuart_get_line_status
 .text.comport_hsuart_is_receiver_available
                0x010043ec        0xc out/components/drv/uart/libuart.a(drv_comport.o)
                0x010043ec                comport_hsuart_is_receiver_available
 .text.comport_hsuart_is_transmitter_idle
                0x010043f8       0x10 out/components/drv/uart/libuart.a(drv_comport.o)
                0x010043f8                comport_hsuart_is_transmitter_idle
 .text.comport_hsuart_direct_read_byte
                0x01004408        0xc out/components/drv/uart/libuart.a(drv_comport.o)
                0x01004408                comport_hsuart_direct_read_byte
 .text.drv_comport_register_isr
                0x01004414       0x14 out/components/drv/uart/libuart.a(drv_comport.o)
                0x01004414                drv_comport_register_isr
 .text.drv_comport_init
                0x01004428       0x50 out/components/drv/uart/libuart.a(drv_comport.o)
                0x01004428                drv_comport_init
 .text.drv_comport_set_format
                0x01004478       0x18 out/components/drv/uart/libuart.a(drv_comport.o)
                0x01004478                drv_comport_set_format
 .text.drv_comport_write_fifo
                0x01004490       0x20 out/components/drv/uart/libuart.a(drv_comport.o)
                0x01004490                drv_comport_write_fifo
 .text.drv_comport_read_fifo
                0x010044b0       0x18 out/components/drv/uart/libuart.a(drv_comport.o)
                0x010044b0                drv_comport_read_fifo
 .text.drv_comport_get_line_status
                0x010044c8       0x18 out/components/drv/uart/libuart.a(drv_comport.o)
                0x010044c8                drv_comport_get_line_status
 .text.drv_comport_direct_read_byte
                0x010044e0       0x18 out/components/drv/uart/libuart.a(drv_comport.o)
                0x010044e0                drv_comport_direct_read_byte
 .text.txl_hwdesc_config_pre.isra.11
                0x010044f8       0x3c out/components/macsw_v6_9_1/ip/lmac/librwnx_lmac.a(txl_cntrl.o)
 .text.txl_payload_handle.isra.16
                0x01004534      0x1c4 out/components/macsw_v6_9_1/ip/lmac/librwnx_lmac.a(txl_cntrl.o)
 .text.txl_frame_free_cnt
                0x010046f8       0x10 out/components/macsw_v6_9_1/ip/lmac/librwnx_lmac.a(txl_frame.o)
                0x010046f8                txl_frame_free_cnt
 .text.mm_key_ram_param_get
                0x01004708       0x54 out/components/macsw_v6_9_1/ip/lmac/librwnx_lmac.a(mm.o)
 .text.mm_ap_probe_check_cfm
                0x0100475c       0x10 out/components/macsw_v6_9_1/ip/lmac/librwnx_lmac.a(mm.o)
                0x0100475c                mm_ap_probe_check_cfm
 .text.mm_ap_probe_cfm.part.1
                0x0100476c        0xc out/components/macsw_v6_9_1/ip/lmac/librwnx_lmac.a(mm.o)
 .text.mm_ap_probe_cfm
                0x01004778       0x18 out/components/macsw_v6_9_1/ip/lmac/librwnx_lmac.a(mm.o)
 .text.p2p_go_check_ps_mode
                0x01004790       0x4c out/components/macsw_v6_9_1/ip/lmac/librwnx_lmac.a(p2p.o)
                0x01004790                p2p_go_check_ps_mode
 .text.td_reset_counter
                0x010047dc       0x1c out/components/macsw_v6_9_1/ip/lmac/librwnx_lmac.a(td.o)
                0x010047dc                td_reset_counter
 .text.__rom_patch_v1_hal_machw_gen_handler
                0x010047f8       0x64 out/components/macsw_v6_9_1/ip/lmac/librwnx_lmac.a(hal_machw.o)
                0x010047f8                __rom_patch_v1_hal_machw_gen_handler
 .text.chan_vif_tbtt_intv
                0x0100485c       0x30 out/components/macsw_v6_9_1/ip/lmac/librwnx_lmac.a(chan.o)
 .text.chan_schedule_one_switch
                0x0100488c       0x64 out/components/macsw_v6_9_1/ip/lmac/librwnx_lmac.a(chan.o)
 .text.chan_cancel_all_switch
                0x010048f0       0x38 out/components/macsw_v6_9_1/ip/lmac/librwnx_lmac.a(chan.o)
 .text.chan_send_survey_ind
                0x01004928       0x6c out/components/macsw_v6_9_1/ip/lmac/librwnx_lmac.a(chan.o)
 .text.chan_send_roc_exp_ind
                0x01004994       0x30 out/components/macsw_v6_9_1/ip/lmac/librwnx_lmac.a(chan.o)
 .text.chan_ctxt_init
                0x010049c4       0x20 out/components/macsw_v6_9_1/ip/lmac/librwnx_lmac.a(chan.o)
 .text.chan_send_switch_ind.part.10
                0x010049e4       0x3c out/components/macsw_v6_9_1/ip/lmac/librwnx_lmac.a(chan.o)
 .text.chan_send_pre_switch_ind.isra.11.part.12
                0x01004a20       0x1c out/components/macsw_v6_9_1/ip/lmac/librwnx_lmac.a(chan.o)
 .text.chan_add_next_tbtt.constprop.14
                0x01004a3c      0x228 out/components/macsw_v6_9_1/ip/lmac/librwnx_lmac.a(chan.o)
 .text.chan_fix_ctxt_until
                0x01004c64       0xc4 out/components/macsw_v6_9_1/ip/lmac/librwnx_lmac.a(chan.o)
 .text.chan_conn_less_delay_evt
                0x01004d28       0x4c out/components/macsw_v6_9_1/ip/lmac/librwnx_lmac.a(chan.o)
 .text.chan_conn_less_delay_prog
                0x01004d74       0x3c out/components/macsw_v6_9_1/ip/lmac/librwnx_lmac.a(chan.o)
 .text.me_init  0x01004db0       0x30 out/components/macsw_v6_9_1/ip/umac/librwnx_umac.a(me.o)
                0x01004db0                me_init
 .text.me_freq_to_chan_def
                0x01004de0       0x38 out/components/macsw_v6_9_1/ip/umac/librwnx_umac.a(me.o)
                0x01004de0                me_freq_to_chan_def
 .text.me_chan_id_to_chan_def
                0x01004e18       0x40 out/components/macsw_v6_9_1/ip/umac/librwnx_umac.a(me.o)
                0x01004e18                me_chan_id_to_chan_def
 .text.me_init_chan
                0x01004e58       0x34 out/components/macsw_v6_9_1/ip/umac/librwnx_umac.a(me.o)
                0x01004e58                me_init_chan
 .text.me_sta_del
                0x01004e8c       0x30 out/components/macsw_v6_9_1/ip/umac/librwnx_umac.a(me.o)
                0x01004e8c                me_sta_del
 .text.me_send_data_flushed_ind
                0x01004ebc       0x40 out/components/macsw_v6_9_1/ip/umac/librwnx_umac.a(me.o)
                0x01004ebc                me_send_data_flushed_ind
 .text.me_set_sta_ht_vht_param
                0x01004efc       0xe4 out/components/macsw_v6_9_1/ip/umac/librwnx_umac.a(me_utils.o)
                0x01004efc                me_set_sta_ht_vht_param
 .text.me_11ac_mcs_max
                0x01004fe0       0x18 out/components/macsw_v6_9_1/ip/umac/librwnx_umac.a(me_utils.o)
                0x01004fe0                me_11ac_mcs_max
 .text.me_11ax_mcs_max
                0x01004ff8       0x18 out/components/macsw_v6_9_1/ip/umac/librwnx_umac.a(me_utils.o)
                0x01004ff8                me_11ax_mcs_max
 .text.me_11ac_nss_max
                0x01005010       0x1c out/components/macsw_v6_9_1/ip/umac/librwnx_umac.a(me_utils.o)
                0x01005010                me_11ac_nss_max
 .text.me_11n_nss_max
                0x0100502c       0x14 out/components/macsw_v6_9_1/ip/umac/librwnx_umac.a(me_utils.o)
                0x0100502c                me_11n_nss_max
 .text.me_legacy_ridx_min
                0x01005040       0x18 out/components/macsw_v6_9_1/ip/umac/librwnx_umac.a(me_utils.o)
                0x01005040                me_legacy_ridx_min
 .text.me_legacy_ridx_max
                0x01005058       0x28 out/components/macsw_v6_9_1/ip/umac/librwnx_umac.a(me_utils.o)
                0x01005058                me_legacy_ridx_max
 .text.me_get_ampdu_params
                0x01005080       0x88 out/components/macsw_v6_9_1/ip/umac/librwnx_umac.a(me_utils.o)
                0x01005080                me_get_ampdu_params
 .text.me_rate_translate
                0x01005108       0x78 out/components/macsw_v6_9_1/ip/umac/librwnx_umac.a(me_utils.o)
                0x01005108                me_rate_translate
 .text.me_legacy_rate_bitfield_build
                0x01005180       0x44 out/components/macsw_v6_9_1/ip/umac/librwnx_umac.a(me_utils.o)
                0x01005180                me_legacy_rate_bitfield_build
 .text.me_rate_bitfield_vht_build
                0x010051c4       0x44 out/components/macsw_v6_9_1/ip/umac/librwnx_umac.a(me_utils.o)
                0x010051c4                me_rate_bitfield_vht_build
 .text.me_build_capability
                0x01005208       0x24 out/components/macsw_v6_9_1/ip/umac/librwnx_umac.a(me_utils.o)
                0x01005208                me_build_capability
 .text.me_build_bss_color_reg
                0x0100522c       0x1c out/components/macsw_v6_9_1/ip/umac/librwnx_umac.a(me_utils.o)
                0x0100522c                me_build_bss_color_reg
 .text.me_init_bcmc_rate
                0x01005248       0x4c out/components/macsw_v6_9_1/ip/umac/librwnx_umac.a(me_utils.o)
                0x01005248                me_init_bcmc_rate
 .text.me_update_buffer_control
                0x01005294      0x35c out/components/macsw_v6_9_1/ip/umac/librwnx_umac.a(me_utils.o)
                0x01005294                me_update_buffer_control
 .text.me_init_rate
                0x010055f0       0x14 out/components/macsw_v6_9_1/ip/umac/librwnx_umac.a(me_utils.o)
                0x010055f0                me_init_rate
 .text.me_sta_bw_nss_max_upd
                0x01005604      0x10c out/components/macsw_v6_9_1/ip/umac/librwnx_umac.a(me_utils.o)
                0x01005604                me_sta_bw_nss_max_upd
 .text.me_vht_bandwidth_parse
                0x01005710      0x110 out/components/macsw_v6_9_1/ip/umac/librwnx_umac.a(me_utils.o)
                0x01005710                me_vht_bandwidth_parse
 .text.me_bw_check
                0x01005820       0x7c out/components/macsw_v6_9_1/ip/umac/librwnx_umac.a(me_utils.o)
                0x01005820                me_bw_check
 .text.me_beacon_check
                0x0100589c      0x480 out/components/macsw_v6_9_1/ip/umac/librwnx_umac.a(me_utils.o)
                0x0100589c                me_beacon_check
 .text.get_protection_status
                0x01005d1c        0xc out/components/macsw_v6_9_1/ip/umac/librwnx_umac.a(me_utils.o)
                0x01005d1c                get_protection_status
 .text.sm_bss_config_init
                0x01005d28       0x18 out/components/macsw_v6_9_1/ip/umac/librwnx_umac.a(sm.o)
 .text.sm_bss_config_push
                0x01005d40       0x10 out/components/macsw_v6_9_1/ip/umac/librwnx_umac.a(sm.o)
 .text.sm_frame_with_rsp_send.constprop.3
                0x01005d50       0x40 out/components/macsw_v6_9_1/ip/umac/librwnx_umac.a(sm.o)
 .text.sm_init  0x01005d90       0x1c out/components/macsw_v6_9_1/ip/umac/librwnx_umac.a(sm.o)
                0x01005d90                sm_init
 .text.sm_get_bss_params
                0x01005dac       0x54 out/components/macsw_v6_9_1/ip/umac/librwnx_umac.a(sm.o)
                0x01005dac                sm_get_bss_params
 .text.sm_scan_bss
                0x01005e00      0x128 out/components/macsw_v6_9_1/ip/umac/librwnx_umac.a(sm.o)
                0x01005e00                sm_scan_bss
 .text.sm_join_bss
                0x01005f28       0xa0 out/components/macsw_v6_9_1/ip/umac/librwnx_umac.a(sm.o)
                0x01005f28                sm_join_bss
 .text.sm_add_chan_ctx
                0x01005fc8       0x24 out/components/macsw_v6_9_1/ip/umac/librwnx_umac.a(sm.o)
                0x01005fc8                sm_add_chan_ctx
 .text.sm_bss_config_send
                0x01005fec       0x18 out/components/macsw_v6_9_1/ip/umac/librwnx_umac.a(sm.o)
                0x01005fec                sm_bss_config_send
 .text.sm_set_bss_param
                0x01006004      0x1ac out/components/macsw_v6_9_1/ip/umac/librwnx_umac.a(sm.o)
                0x01006004                sm_set_bss_param
 .text.sm_delete_resources
                0x010061b0       0xb8 out/components/macsw_v6_9_1/ip/umac/librwnx_umac.a(sm.o)
 .text.sm_disconnect_finish
                0x01006268       0x54 out/components/macsw_v6_9_1/ip/umac/librwnx_umac.a(sm.o)
 .text.sm_deauth_cfm
                0x010062bc        0x8 out/components/macsw_v6_9_1/ip/umac/librwnx_umac.a(sm.o)
 .text.sm_disconnect_continue
                0x010062c4      0x174 out/components/macsw_v6_9_1/ip/umac/librwnx_umac.a(sm.o)
                0x010062c4                sm_disconnect_continue
 .text.sm_disconnect_start
                0x01006438       0x48 out/components/macsw_v6_9_1/ip/umac/librwnx_umac.a(sm.o)
                0x01006438                sm_disconnect_start
 .text.sm_connect_ind_f
                0x01006480       0xdc out/components/macsw_v6_9_1/ip/umac/librwnx_umac.a(sm.o)
                0x01006480                sm_connect_ind_f
 .text.sm_frame_tx_cfm_handler
                0x0100655c       0xe4 out/components/macsw_v6_9_1/ip/umac/librwnx_umac.a(sm.o)
 .text.sm_auth_send
                0x01006640      0x1b8 out/components/macsw_v6_9_1/ip/umac/librwnx_umac.a(sm.o)
                0x01006640                sm_auth_send
 .text.sm_assoc_req_send
                0x010067f8      0x1bc out/components/macsw_v6_9_1/ip/umac/librwnx_umac.a(sm.o)
                0x010067f8                sm_assoc_req_send
 .text.sm_assoc_done
                0x010069b4       0x34 out/components/macsw_v6_9_1/ip/umac/librwnx_umac.a(sm.o)
                0x010069b4                sm_assoc_done
 .text.sm_assoc_rsp_handler
                0x010069e8       0xdc out/components/macsw_v6_9_1/ip/umac/librwnx_umac.a(sm.o)
                0x010069e8                sm_assoc_rsp_handler
 .text.sm_deauth_handler
                0x01006ac4       0x60 out/components/macsw_v6_9_1/ip/umac/librwnx_umac.a(sm.o)
                0x01006ac4                sm_deauth_handler
 .text.sm_sa_query_handler
                0x01006b24      0x198 out/components/macsw_v6_9_1/ip/umac/librwnx_umac.a(sm.o)
                0x01006b24                sm_sa_query_handler
 .text.sm_external_auth_start
                0x01006cbc       0xa0 out/components/macsw_v6_9_1/ip/umac/librwnx_umac.a(sm.o)
                0x01006cbc                sm_external_auth_start
 .text.sm_external_auth_end
                0x01006d5c       0x20 out/components/macsw_v6_9_1/ip/umac/librwnx_umac.a(sm.o)
                0x01006d5c                sm_external_auth_end
 .text.sm_external_auth_in_progress
                0x01006d7c       0x14 out/components/macsw_v6_9_1/ip/umac/librwnx_umac.a(sm.o)
                0x01006d7c                sm_external_auth_in_progress
 .text.sm_ft_auth_over_air_start
                0x01006d90       0x64 out/components/macsw_v6_9_1/ip/umac/librwnx_umac.a(sm.o)
                0x01006d90                sm_ft_auth_over_air_start
 .text.sm_auth_handler
                0x01006df4       0x94 out/components/macsw_v6_9_1/ip/umac/librwnx_umac.a(sm.o)
                0x01006df4                sm_auth_handler
 .text.sm_ft_auth_over_air_end
                0x01006e88       0x30 out/components/macsw_v6_9_1/ip/umac/librwnx_umac.a(sm.o)
                0x01006e88                sm_ft_auth_over_air_end
 .text.sm_get_rsnie_pmkid_count
                0x01006eb8       0x58 out/components/macsw_v6_9_1/ip/umac/librwnx_umac.a(sm.o)
                0x01006eb8                sm_get_rsnie_pmkid_count
 .text.apm_bss_config_init
                0x01006f10       0x18 out/components/macsw_v6_9_1/ip/umac/librwnx_umac.a(apm.o)
 .text.apm_probe_client_tx_cfm
                0x01006f28       0x14 out/components/macsw_v6_9_1/ip/umac/librwnx_umac.a(apm.o)
 .text.apm_bss_config_push
                0x01006f3c       0x10 out/components/macsw_v6_9_1/ip/umac/librwnx_umac.a(apm.o)
 .text.apm_init
                0x01006f4c       0x24 out/components/macsw_v6_9_1/ip/umac/librwnx_umac.a(apm.o)
                0x01006f4c                apm_init
 .text.apm_start_cfm_f
                0x01006f70       0xf8 out/components/macsw_v6_9_1/ip/umac/librwnx_umac.a(apm.o)
                0x01006f70                apm_start_cfm_f
 .text.apm_bss_config_send
                0x01007068       0x18 out/components/macsw_v6_9_1/ip/umac/librwnx_umac.a(apm.o)
                0x01007068                apm_bss_config_send
 .text.apm_set_bss_param
                0x01007080      0x128 out/components/macsw_v6_9_1/ip/umac/librwnx_umac.a(apm.o)
                0x01007080                apm_set_bss_param
 .text.apm_bcn_set
                0x010071a8       0x64 out/components/macsw_v6_9_1/ip/umac/librwnx_umac.a(apm.o)
                0x010071a8                apm_bcn_set
 .text.apm_stop
                0x0100720c       0xb4 out/components/macsw_v6_9_1/ip/umac/librwnx_umac.a(apm.o)
                0x0100720c                apm_stop
 .text.apm_tx_int_ps_check
                0x010072c0       0x54 out/components/macsw_v6_9_1/ip/umac/librwnx_umac.a(apm.o)
                0x010072c0                apm_tx_int_ps_check
 .text.apm_tx_int_ps_postpone
                0x01007314       0x80 out/components/macsw_v6_9_1/ip/umac/librwnx_umac.a(apm.o)
                0x01007314                apm_tx_int_ps_postpone
 .text.apm_tx_int_ps_get_postpone
                0x01007394      0x118 out/components/macsw_v6_9_1/ip/umac/librwnx_umac.a(apm.o)
                0x01007394                apm_tx_int_ps_get_postpone
 .text.apm_tx_int_ps_clear
                0x010074ac       0x5c out/components/macsw_v6_9_1/ip/umac/librwnx_umac.a(apm.o)
                0x010074ac                apm_tx_int_ps_clear
 .text.apm_probe_client
                0x01007508       0x88 out/components/macsw_v6_9_1/ip/umac/librwnx_umac.a(apm.o)
                0x01007508                apm_probe_client
 .text.scanu_is_scanned_ssid
                0x01007590       0x68 out/components/macsw_v6_9_1/ip/umac/librwnx_umac.a(scanu.o)
 .text.scanu_confirm
                0x010075f8       0x58 out/components/macsw_v6_9_1/ip/umac/librwnx_umac.a(scanu.o)
                0x010075f8                scanu_confirm
 .text.scanu_init
                0x01007650       0x3c out/components/macsw_v6_9_1/ip/umac/librwnx_umac.a(scanu.o)
                0x01007650                scanu_init
 .text.scanu_find_result
                0x0100768c       0x54 out/components/macsw_v6_9_1/ip/umac/librwnx_umac.a(scanu.o)
                0x0100768c                scanu_find_result
 .text.scanu_generate_scan_result_by_frame
                0x010076e0      0x614 out/components/macsw_v6_9_1/ip/umac/librwnx_umac.a(scanu.o)
 .text.scanu_frame_handler
                0x01007cf4      0x38c out/components/macsw_v6_9_1/ip/umac/librwnx_umac.a(scanu.o)
                0x01007cf4                scanu_frame_handler
 .text.scanu_search_by_bssid
                0x01008080        0xc out/components/macsw_v6_9_1/ip/umac/librwnx_umac.a(scanu.o)
                0x01008080                scanu_search_by_bssid
 .text.scanu_search_by_ssid
                0x0100808c       0x50 out/components/macsw_v6_9_1/ip/umac/librwnx_umac.a(scanu.o)
                0x0100808c                scanu_search_by_ssid
 .text.scanu_scan_next
                0x010080dc      0x2d8 out/components/macsw_v6_9_1/ip/umac/librwnx_umac.a(scanu.o)
                0x010080dc                scanu_scan_next
 .text.scanu_dma_cb
                0x010083b4        0x8 out/components/macsw_v6_9_1/ip/umac/librwnx_umac.a(scanu.o)
 .text.scanu_start
                0x010083bc       0x90 out/components/macsw_v6_9_1/ip/umac/librwnx_umac.a(scanu.o)
                0x010083bc                scanu_start
 .text.__rom_pf_v1_rxu_cntrl_host_reord_no_ba_handle
                0x0100844c       0x74 out/components/macsw_v6_9_1/ip/umac/librwnx_umac.a(rxu_cntrl.o)
                0x0100844c                __rom_pf_v1_rxu_cntrl_host_reord_no_ba_handle
 .text.__rom_patch_v1_rxu_cntrl_defrag_check
                0x010084c0       0xc8 out/components/macsw_v6_9_1/ip/umac/librwnx_umac.a(rxu_cntrl.o)
                0x010084c0                __rom_patch_v1_rxu_cntrl_defrag_check
 .text.txu_cntrl_sec_hdr_append
                0x01008588       0xec out/components/macsw_v6_9_1/ip/umac/librwnx_umac.a(txu_cntrl.o)
 .text.txu_cntrl_sechdr_len_compute
                0x01008674       0xd4 out/components/macsw_v6_9_1/ip/umac/librwnx_umac.a(txu_cntrl.o)
 .text.txu_cntrl_frame_build
                0x01008748      0x3bc out/components/macsw_v6_9_1/ip/umac/librwnx_umac.a(txu_cntrl.o)
                0x01008748                txu_cntrl_frame_build
 .text.txu_cntrl_push
                0x01008b04      0x33c out/components/macsw_v6_9_1/ip/umac/librwnx_umac.a(txu_cntrl.o)
                0x01008b04                txu_cntrl_push
 .text.txu_cntrl_repush
                0x01008e40       0x20 out/components/macsw_v6_9_1/ip/umac/librwnx_umac.a(txu_cntrl.o)
                0x01008e40                txu_cntrl_repush
 .text.txu_cntrl_cfm
                0x01008e60      0x138 out/components/macsw_v6_9_1/ip/umac/librwnx_umac.a(txu_cntrl.o)
                0x01008e60                txu_cntrl_cfm
 .text.txu_cntrl_protect_mgmt_frame
                0x01008f98       0xd0 out/components/macsw_v6_9_1/ip/umac/librwnx_umac.a(txu_cntrl.o)
                0x01008f98                txu_cntrl_protect_mgmt_frame
 .text.txu_cntrl_mgmt_mic_pbd_append
                0x01009068       0x38 out/components/macsw_v6_9_1/ip/umac/librwnx_umac.a(txu_cntrl.o)
                0x01009068                txu_cntrl_mgmt_mic_pbd_append
 .text.bam_baw_index_compute
                0x010090a0       0x10 out/components/macsw_v6_9_1/ip/umac/librwnx_umac.a(bam.o)
 .text.bam_baw_index_compute_opt
                0x010090b0       0x10 out/components/macsw_v6_9_1/ip/umac/librwnx_umac.a(bam.o)
 .text.bam_set_baw_state
                0x010090c0       0x48 out/components/macsw_v6_9_1/ip/umac/librwnx_umac.a(bam.o)
 .text.bam_send_air_action_frame
                0x01009108      0x1f0 out/components/macsw_v6_9_1/ip/umac/librwnx_umac.a(bam.o)
                0x01009108                bam_send_air_action_frame
 .text.bam_init
                0x010092f8       0x94 out/components/macsw_v6_9_1/ip/umac/librwnx_umac.a(bam.o)
                0x010092f8                bam_init
 .text.bam_start_activity_timer
                0x0100938c       0x18 out/components/macsw_v6_9_1/ip/umac/librwnx_umac.a(bam.o)
                0x0100938c                bam_start_activity_timer
 .text.bam_param_sta_info_tab_reset
                0x010093a4       0x50 out/components/macsw_v6_9_1/ip/umac/librwnx_umac.a(bam.o)
                0x010093a4                bam_param_sta_info_tab_reset
 .text.bam_get_avail_task
                0x010093f4       0x14 out/components/macsw_v6_9_1/ip/umac/librwnx_umac.a(bam.o)
                0x010093f4                bam_get_avail_task
 .text.bam_search_task_wt_highest_inactivity_time
                0x01009408       0x4c out/components/macsw_v6_9_1/ip/umac/librwnx_umac.a(bam.o)
                0x01009408                bam_search_task_wt_highest_inactivity_time
 .text.bam_delete_complete
                0x01009454       0x64 out/components/macsw_v6_9_1/ip/umac/librwnx_umac.a(bam.o)
                0x01009454                bam_delete_complete
 .text.bam_send_mm_ba_add_req
                0x010094b8       0x48 out/components/macsw_v6_9_1/ip/umac/librwnx_umac.a(bam.o)
                0x010094b8                bam_send_mm_ba_add_req
 .text.bam_send_mm_ba_del_req
                0x01009500       0x58 out/components/macsw_v6_9_1/ip/umac/librwnx_umac.a(bam.o)
                0x01009500                bam_send_mm_ba_del_req
 .text.bam_delete_all_ba_agg
                0x01009558       0xc0 out/components/macsw_v6_9_1/ip/umac/librwnx_umac.a(bam.o)
                0x01009558                bam_delete_all_ba_agg
 .text.bam_delba_status_cfm
                0x01009618       0x60 out/components/macsw_v6_9_1/ip/umac/librwnx_umac.a(bam.o)
 .text.bam_delete_ba_agg
                0x01009678       0x90 out/components/macsw_v6_9_1/ip/umac/librwnx_umac.a(bam.o)
                0x01009678                bam_delete_ba_agg
 .text.bam_get_task_to_process_rx
                0x01009708      0x148 out/components/macsw_v6_9_1/ip/umac/librwnx_umac.a(bam.o)
                0x01009708                bam_get_task_to_process_rx
 .text.bam_get_task_to_process_tx
                0x01009850       0x3c out/components/macsw_v6_9_1/ip/umac/librwnx_umac.a(bam.o)
                0x01009850                bam_get_task_to_process_tx
 .text.bam_check_ba_agg
                0x0100988c      0x1e0 out/components/macsw_v6_9_1/ip/umac/librwnx_umac.a(bam.o)
                0x0100988c                bam_check_ba_agg
 .text.bam_tx_cfm
                0x01009a6c       0xf4 out/components/macsw_v6_9_1/ip/umac/librwnx_umac.a(bam.o)
                0x01009a6c                bam_tx_cfm
 .text.bam_baw_init
                0x01009b60       0x60 out/components/macsw_v6_9_1/ip/umac/librwnx_umac.a(bam.o)
                0x01009b60                bam_baw_init
 .text.bam_flush_baw
                0x01009bc0       0x20 out/components/macsw_v6_9_1/ip/umac/librwnx_umac.a(bam.o)
                0x01009bc0                bam_flush_baw
 .text.bam_rx_active
                0x01009be0       0x34 out/components/macsw_v6_9_1/ip/umac/librwnx_umac.a(bam.o)
                0x01009be0                bam_rx_active
 .text.bam_rx_baw_size
                0x01009c14       0x2c out/components/macsw_v6_9_1/ip/umac/librwnx_umac.a(bam.o)
                0x01009c14                bam_rx_baw_size
 .text.mfp_is_robust_frame
                0x01009c40       0x40 out/components/macsw_v6_9_1/ip/umac/librwnx_umac.a(mfp.o)
                0x01009c40                mfp_is_robust_frame
 .text.mfp_ignore_mgmt_frame
                0x01009c80      0x16c out/components/macsw_v6_9_1/ip/umac/librwnx_umac.a(mfp.o)
                0x01009c80                mfp_ignore_mgmt_frame
 .text.mfp_protect_mgmt_frame
                0x01009dec       0x7c out/components/macsw_v6_9_1/ip/umac/librwnx_umac.a(mfp.o)
                0x01009dec                mfp_protect_mgmt_frame
 .text.mfp_add_mgmt_mic
                0x01009e68       0xa8 out/components/macsw_v6_9_1/ip/umac/librwnx_umac.a(mfp.o)
                0x01009e68                mfp_add_mgmt_mic
 .text.aes_encrypt_block
                0x01009f10      0x370 out/components/macsw_v6_9_1/ip/umac/librwnx_umac.a(mfp_bip.o)
 .text.aes_cmac_shift_sub_key
                0x0100a280       0x74 out/components/macsw_v6_9_1/ip/umac/librwnx_umac.a(mfp_bip.o)
 .text.mfp_compute_bip
                0x0100a2f4      0x21c out/components/macsw_v6_9_1/ip/umac/librwnx_umac.a(mfp_bip.o)
                0x0100a2f4                mfp_compute_bip
 .text.rc_check_basic_rate
                0x0100a510       0x24 out/components/macsw_v6_9_1/ip/umac/librwnx_umac.a(rc.o)
                0x0100a510                rc_check_basic_rate
 .text.rc_check_fixed_rate_config
                0x0100a534       0xb4 out/components/macsw_v6_9_1/ip/umac/librwnx_umac.a(rc.o)
                0x0100a534                rc_check_fixed_rate_config
 .text.rm_no_more_measure_to_report
                0x0100a5e8       0x28 out/components/macsw_v6_9_1/ip/umac/librwnx_umac.a(rm.o)
 .text.rm_update_vht_bw
                0x0100a610       0x1c out/components/macsw_v6_9_1/ip/umac/librwnx_umac.a(rm.o)
 .text.rm_requested_elt
                0x0100a62c       0x3c out/components/macsw_v6_9_1/ip/umac/librwnx_umac.a(rm.o)
 .text.rm_build_beacon_report_action_frame
                0x0100a668      0x4d4 out/components/macsw_v6_9_1/ip/umac/librwnx_umac.a(rm.o)
 .text.rm_send_beacon_report
                0x0100ab3c       0x98 out/components/macsw_v6_9_1/ip/umac/librwnx_umac.a(rm.o)
 .text.rm_requested_measure
                0x0100abd4       0x70 out/components/macsw_v6_9_1/ip/umac/librwnx_umac.a(rm.o)
 .text.rm_process_beacon_scan_request
                0x0100ac44      0x1a4 out/components/macsw_v6_9_1/ip/umac/librwnx_umac.a(rm.o)
 .text.rm_init  0x0100ade8       0x24 out/components/macsw_v6_9_1/ip/umac/librwnx_umac.a(rm.o)
                0x0100ade8                rm_init
 .text.rm_reject_request
                0x0100ae0c       0x30 out/components/macsw_v6_9_1/ip/umac/librwnx_umac.a(rm.o)
                0x0100ae0c                rm_reject_request
 .text.rm_initialize_requests
                0x0100ae3c      0x4f8 out/components/macsw_v6_9_1/ip/umac/librwnx_umac.a(rm.o)
                0x0100ae3c                rm_initialize_requests
 .text.rm_schedule_next_request
                0x0100b334       0x58 out/components/macsw_v6_9_1/ip/umac/librwnx_umac.a(rm.o)
                0x0100b334                rm_schedule_next_request
 .text.rm_start_active_request
                0x0100b38c       0xa8 out/components/macsw_v6_9_1/ip/umac/librwnx_umac.a(rm.o)
                0x0100b38c                rm_start_active_request
 .text.rm_continue_active_request
                0x0100b434       0x4c out/components/macsw_v6_9_1/ip/umac/librwnx_umac.a(rm.o)
                0x0100b434                rm_continue_active_request
 .text.rm_send_beacon_report_cfm
                0x0100b480       0x64 out/components/macsw_v6_9_1/ip/umac/librwnx_umac.a(rm.o)
 .text.rm_new_beacon_measure
                0x0100b4e4      0x39c out/components/macsw_v6_9_1/ip/umac/librwnx_umac.a(rm.o)
                0x0100b4e4                rm_new_beacon_measure
 .text.me_add_ie_ssid
                0x0100b880       0x2c out/components/macsw_v6_9_1/ip/umac/librwnx_umac.a(me_mgmtframe.o)
                0x0100b880                me_add_ie_ssid
 .text.me_add_ie_supp_rates
                0x0100b8ac       0x34 out/components/macsw_v6_9_1/ip/umac/librwnx_umac.a(me_mgmtframe.o)
                0x0100b8ac                me_add_ie_supp_rates
 .text.me_add_ie_ext_supp_rates
                0x0100b8e0       0x38 out/components/macsw_v6_9_1/ip/umac/librwnx_umac.a(me_mgmtframe.o)
                0x0100b8e0                me_add_ie_ext_supp_rates
 .text.me_add_ie_ht_capa
                0x0100b918       0x88 out/components/macsw_v6_9_1/ip/umac/librwnx_umac.a(me_mgmtframe.o)
                0x0100b918                me_add_ie_ht_capa
 .text.me_add_ie_he_capa
                0x0100b9a0      0x10c out/components/macsw_v6_9_1/ip/umac/librwnx_umac.a(me_mgmtframe.o)
                0x0100b9a0                me_add_ie_he_capa
 .text.me_add_ie_vht_capa
                0x0100baac       0x60 out/components/macsw_v6_9_1/ip/umac/librwnx_umac.a(me_mgmtframe.o)
                0x0100baac                me_add_ie_vht_capa
 .text.me_add_ie_op_mode
                0x0100bb0c       0x20 out/components/macsw_v6_9_1/ip/umac/librwnx_umac.a(me_mgmtframe.o)
                0x0100bb0c                me_add_ie_op_mode
 .text.me_add_ie_rm_enabled_capa
                0x0100bb2c       0x34 out/components/macsw_v6_9_1/ip/umac/librwnx_umac.a(me_mgmtframe.o)
                0x0100bb2c                me_add_ie_rm_enabled_capa
 .text.me_build_authenticate
                0x0100bb60       0x3c out/components/macsw_v6_9_1/ip/umac/librwnx_umac.a(me_mgmtframe.o)
                0x0100bb60                me_build_authenticate
 .text.me_build_deauthenticate
                0x0100bb9c        0xc out/components/macsw_v6_9_1/ip/umac/librwnx_umac.a(me_mgmtframe.o)
                0x0100bb9c                me_build_deauthenticate
 .text.me_build_associate_req
                0x0100bba8      0x2e4 out/components/macsw_v6_9_1/ip/umac/librwnx_umac.a(me_mgmtframe.o)
                0x0100bba8                me_build_associate_req
 .text.me_build_add_ba_req
                0x0100be8c       0x44 out/components/macsw_v6_9_1/ip/umac/librwnx_umac.a(me_mgmtframe.o)
                0x0100be8c                me_build_add_ba_req
 .text.me_build_add_ba_rsp
                0x0100bed0       0x30 out/components/macsw_v6_9_1/ip/umac/librwnx_umac.a(me_mgmtframe.o)
                0x0100bed0                me_build_add_ba_rsp
 .text.me_build_del_ba
                0x0100bf00       0x30 out/components/macsw_v6_9_1/ip/umac/librwnx_umac.a(me_mgmtframe.o)
                0x0100bf00                me_build_del_ba
 .text.me_extract_rate_set
                0x0100bf30       0x80 out/components/macsw_v6_9_1/ip/umac/librwnx_umac.a(me_mgmtframe.o)
                0x0100bf30                me_extract_rate_set
 .text.me_extract_tim_period
                0x0100bfb0       0x14 out/components/macsw_v6_9_1/ip/umac/librwnx_umac.a(me_mgmtframe.o)
                0x0100bfb0                me_extract_tim_period
 .text.me_extract_power_constraint
                0x0100bfc4       0x14 out/components/macsw_v6_9_1/ip/umac/librwnx_umac.a(me_mgmtframe.o)
                0x0100bfc4                me_extract_power_constraint
 .text.me_extract_csa
                0x0100bfd8      0x10c out/components/macsw_v6_9_1/ip/umac/librwnx_umac.a(me_mgmtframe.o)
                0x0100bfd8                me_extract_csa
 .text.me_extract_edca_params
                0x0100c0e4       0xe0 out/components/macsw_v6_9_1/ip/umac/librwnx_umac.a(me_mgmtframe.o)
                0x0100c0e4                me_extract_edca_params
 .text.me_extract_ht_capa
                0x0100c1c4       0x60 out/components/macsw_v6_9_1/ip/umac/librwnx_umac.a(me_mgmtframe.o)
                0x0100c1c4                me_extract_ht_capa
 .text.me_extract_vht_capa
                0x0100c224       0x60 out/components/macsw_v6_9_1/ip/umac/librwnx_umac.a(me_mgmtframe.o)
                0x0100c224                me_extract_vht_capa
 .text.me_extract_he_capa
                0x0100c284       0xc8 out/components/macsw_v6_9_1/ip/umac/librwnx_umac.a(me_mgmtframe.o)
                0x0100c284                me_extract_he_capa
 .text.me_extract_he_oper
                0x0100c34c       0x28 out/components/macsw_v6_9_1/ip/umac/librwnx_umac.a(me_mgmtframe.o)
                0x0100c34c                me_extract_he_oper
 .text.me_extract_mu_edca_params
                0x0100c374       0x74 out/components/macsw_v6_9_1/ip/umac/librwnx_umac.a(me_mgmtframe.o)
                0x0100c374                me_extract_mu_edca_params
 .text.me_extract_uora_params
                0x0100c3e8       0x28 out/components/macsw_v6_9_1/ip/umac/librwnx_umac.a(me_mgmtframe.o)
                0x0100c3e8                me_extract_uora_params
 .text.me_chan_config_req_handler
                0x0100c410       0x24 out/components/macsw_v6_9_1/ip/umac/librwnx_umac.a(me_task.o)
 .text.mm_set_idle_cfm_handler
                0x0100c434       0x38 out/components/macsw_v6_9_1/ip/umac/librwnx_umac.a(me_task.o)
 .text.mm_set_ps_mode_cfm_handler
                0x0100c46c       0x38 out/components/macsw_v6_9_1/ip/umac/librwnx_umac.a(me_task.o)
 .text.me_traffic_ind_req_handler
                0x0100c4a4       0xbc out/components/macsw_v6_9_1/ip/umac/librwnx_umac.a(me_task.o)
 .text.me_data_path_flushed_ind_handler
                0x0100c560        0xc out/components/macsw_v6_9_1/ip/umac/librwnx_umac.a(me_task.o)
 .text.me_rc_set_rate_req_handler
                0x0100c56c       0xb0 out/components/macsw_v6_9_1/ip/umac/librwnx_umac.a(me_task.o)
 .text.me_rc_stats_req_handler
                0x0100c61c       0xe8 out/components/macsw_v6_9_1/ip/umac/librwnx_umac.a(me_task.o)
 .text.me_sta_add_req_handler
                0x0100c704      0x3b0 out/components/macsw_v6_9_1/ip/umac/librwnx_umac.a(me_task.o)
 .text.me_config_monitor_req_handler
                0x0100cab4       0xf0 out/components/macsw_v6_9_1/ip/umac/librwnx_umac.a(me_task.o)
 .text.me_set_ps_mode_req_handler
                0x0100cba4       0x68 out/components/macsw_v6_9_1/ip/umac/librwnx_umac.a(me_task.o)
 .text.me_set_ps_disable_req_handler
                0x0100cc0c       0x90 out/components/macsw_v6_9_1/ip/umac/librwnx_umac.a(me_task.o)
 .text.me_set_active_req_handler
                0x0100cc9c       0x8c out/components/macsw_v6_9_1/ip/umac/librwnx_umac.a(me_task.o)
 .text.me_sta_del_req_handler
                0x0100cd28       0x3c out/components/macsw_v6_9_1/ip/umac/librwnx_umac.a(me_task.o)
 .text.michael_block
                0x0100cd64       0x44 out/components/macsw_v6_9_1/ip/umac/librwnx_umac.a(me_mic.o)
 .text.me_mic_init
                0x0100cda8       0x70 out/components/macsw_v6_9_1/ip/umac/librwnx_umac.a(me_mic.o)
                0x0100cda8                me_mic_init
 .text.me_mic_calc
                0x0100ce18       0xfc out/components/macsw_v6_9_1/ip/umac/librwnx_umac.a(me_mic.o)
                0x0100ce18                me_mic_calc
 .text.me_mic_end
                0x0100cf14       0x30 out/components/macsw_v6_9_1/ip/umac/librwnx_umac.a(me_mic.o)
                0x0100cf14                me_mic_end
 .text.co_list_push_back
                0x0100cf44       0x1c out/components/macsw_v6_9_1/modules/librwnx_module.a(co_list.o)
                0x0100cf44                co_list_push_back
 .text.co_list_push_front
                0x0100cf60       0x14 out/components/macsw_v6_9_1/modules/librwnx_module.a(co_list.o)
                0x0100cf60                co_list_push_front
 .text.co_list_pop_front
                0x0100cf74       0x14 out/components/macsw_v6_9_1/modules/librwnx_module.a(co_list.o)
                0x0100cf74                co_list_pop_front
 .text.co_list_extract
                0x0100cf88       0x34 out/components/macsw_v6_9_1/modules/librwnx_module.a(co_list.o)
                0x0100cf88                co_list_extract
 .text.co_list_insert
                0x0100cfbc       0x30 out/components/macsw_v6_9_1/modules/librwnx_module.a(co_list.o)
                0x0100cfbc                co_list_insert
 .text.co_list_insert_before
                0x0100cfec       0x2c out/components/macsw_v6_9_1/modules/librwnx_module.a(co_list.o)
                0x0100cfec                co_list_insert_before
 .text.smac_rx_buf_send.isra.1.constprop.7
                0x0100d018       0xdc out/components/macsw_v6_9_1/modules/librwnx_module.a(macif_ipc.o)
 .text.filter_duplicate_rx_reset_by_staid
                0x0100d0f4       0x20 out/components/macsw_v6_9_1/modules/librwnx_module.a(macif_ipc.o)
                0x0100d0f4                filter_duplicate_rx_reset_by_staid
 .text.macif_msg_evt
                0x0100d114        0x8 out/components/macsw_v6_9_1/modules/librwnx_module.a(macif_ipc.o)
                0x0100d114                macif_msg_evt
 .text.check_msg_id
                0x0100d11c       0x40 out/components/macsw_v6_9_1/modules/librwnx_module.a(macif_ipc.o)
                0x0100d11c                check_msg_id
 .text.macif_kmsg_handler
                0x0100d15c      0x1ac out/components/macsw_v6_9_1/modules/librwnx_module.a(macif_ipc.o)
                0x0100d15c                macif_kmsg_handler
 .text.macif_msg_buf_get
                0x0100d308       0x28 out/components/macsw_v6_9_1/modules/librwnx_module.a(macif_ipc.o)
                0x0100d308                macif_msg_buf_get
 .text.macif_kmsg_fwd
                0x0100d330       0x6c out/components/macsw_v6_9_1/modules/librwnx_module.a(macif_ipc.o)
                0x0100d330                macif_kmsg_fwd
 .text.macif_init
                0x0100d39c       0x30 out/components/macsw_v6_9_1/modules/librwnx_module.a(macif_ipc.o)
                0x0100d39c                macif_init
 .text.macif_rx_buf_check
                0x0100d3cc       0x24 out/components/macsw_v6_9_1/modules/librwnx_module.a(macif_ipc.o)
                0x0100d3cc                macif_rx_buf_check
 .text.macif_rx_buf_get
                0x0100d3f0       0x38 out/components/macsw_v6_9_1/modules/librwnx_module.a(macif_ipc.o)
                0x0100d3f0                macif_rx_buf_get
 .text.macif_rx_buf_ind
                0x0100d428       0x30 out/components/macsw_v6_9_1/modules/librwnx_module.a(macif_ipc.o)
                0x0100d428                macif_rx_buf_ind
 .text.macif_rx_desc_upload
                0x0100d458      0x14c out/components/macsw_v6_9_1/modules/librwnx_module.a(macif_ipc.o)
                0x0100d458                macif_rx_desc_upload
 .text.macif_tx_data_ind
                0x0100d5a4       0x1c out/components/macsw_v6_9_1/modules/librwnx_module.a(macif_ipc.o)
                0x0100d5a4                macif_tx_data_ind
 .text.macif_tx_evt
                0x0100d5c0      0x118 out/components/macsw_v6_9_1/modules/librwnx_module.a(macif_ipc.o)
                0x0100d5c0                macif_tx_evt
 .text.macif_buffered_get
                0x0100d6d8        0x4 out/components/macsw_v6_9_1/modules/librwnx_module.a(macif_ipc.o)
                0x0100d6d8                macif_buffered_get
 .text.macif_tx_cfm_start
                0x0100d6dc        0x4 out/components/macsw_v6_9_1/modules/librwnx_module.a(macif_ipc.o)
                0x0100d6dc                macif_tx_cfm_start
 .text.macif_tx_cfm_push
                0x0100d6e0       0x14 out/components/macsw_v6_9_1/modules/librwnx_module.a(macif_ipc.o)
                0x0100d6e0                macif_tx_cfm_push
 .text.macif_tx_cfm_done
                0x0100d6f4        0x4 out/components/macsw_v6_9_1/modules/librwnx_module.a(macif_ipc.o)
                0x0100d6f4                macif_tx_cfm_done
 .text.macif_max_api_msg_len
                0x0100d6f8        0x8 out/components/macsw_v6_9_1/modules/librwnx_module.a(macif_ipc.o)
                0x0100d6f8                macif_max_api_msg_len
 .text.macif_rx_buf_max_len
                0x0100d700        0x8 out/components/macsw_v6_9_1/modules/librwnx_module.a(macif_ipc.o)
                0x0100d700                macif_rx_buf_max_len
 .text.macif_set_rts
                0x0100d708        0xc out/components/macsw_v6_9_1/modules/librwnx_module.a(macif_ipc.o)
                0x0100d708                macif_set_rts
 .text.macif_get_mac_addr_high_mask
                0x0100d714        0xc out/components/macsw_v6_9_1/modules/librwnx_module.a(macif_ipc.o)
                0x0100d714                macif_get_mac_addr_high_mask
 .text.macif_get_mac_addr_low_mask
                0x0100d720        0xc out/components/macsw_v6_9_1/modules/librwnx_module.a(macif_ipc.o)
                0x0100d720                macif_get_mac_addr_low_mask
 .text.dbg_init
                0x0100d72c       0x20 out/components/macsw_v6_9_1/modules/librwnx_module.a(dbg.o)
                0x0100d72c                dbg_init
 .text.cmp_abs_time
                0x0100d74c       0x14 out/components/macsw_v6_9_1/modules/librwnx_module.a(ke_timer.o)
 .text.cmp_timer_id
                0x0100d760       0x18 out/components/macsw_v6_9_1/modules/librwnx_module.a(ke_timer.o)
 .text.ke_timer_hw_set
                0x0100d778       0x40 out/components/macsw_v6_9_1/modules/librwnx_module.a(ke_timer.o)
 .text.ke_timer_set
                0x0100d7b8       0xb0 out/components/macsw_v6_9_1/modules/librwnx_module.a(ke_timer.o)
                0x0100d7b8                ke_timer_set
 .text.ke_timer_clear
                0x0100d868       0x5c out/components/macsw_v6_9_1/modules/librwnx_module.a(ke_timer.o)
                0x0100d868                ke_timer_clear
 .text.ke_msg_alloc
                0x0100d8c4       0x38 out/components/macsw_v6_9_1/modules/librwnx_module.a(ke_msg.o)
                0x0100d8c4                ke_msg_alloc
 .text.ke_msg_send
                0x0100d8fc       0x34 out/components/macsw_v6_9_1/modules/librwnx_module.a(ke_msg.o)
                0x0100d8fc                ke_msg_send
 .text.ke_msg_discard
                0x0100d930        0x4 out/components/macsw_v6_9_1/modules/librwnx_module.a(ke_task.o)
                0x0100d930                ke_msg_discard
 .text.mac_ie_find
                0x0100d934       0x28 out/components/macsw_v6_9_1/modules/librwnx_module.a(mac_ie.o)
 .text.mac_ext_ie_find
                0x0100d95c       0x40 out/components/macsw_v6_9_1/modules/librwnx_module.a(mac_ie.o)
 .text.mac_vsie_find.constprop.0
                0x0100d99c       0x50 out/components/macsw_v6_9_1/modules/librwnx_module.a(mac_ie.o)
 .text.mac_ie_rates_find
                0x0100d9ec       0x24 out/components/macsw_v6_9_1/modules/librwnx_module.a(mac_ie.o)
                0x0100d9ec                mac_ie_rates_find
 .text.mac_ie_ext_rates_find
                0x0100da10       0x24 out/components/macsw_v6_9_1/modules/librwnx_module.a(mac_ie.o)
                0x0100da10                mac_ie_ext_rates_find
 .text.mac_ie_ssid_find
                0x0100da34       0x24 out/components/macsw_v6_9_1/modules/librwnx_module.a(mac_ie.o)
                0x0100da34                mac_ie_ssid_find
 .text.mac_ie_rsn_find
                0x0100da58       0x24 out/components/macsw_v6_9_1/modules/librwnx_module.a(mac_ie.o)
                0x0100da58                mac_ie_rsn_find
 .text.mac_ie_wpa_find
                0x0100da7c       0x28 out/components/macsw_v6_9_1/modules/librwnx_module.a(mac_ie.o)
                0x0100da7c                mac_ie_wpa_find
 .text.mac_ie_tim_find
                0x0100daa4       0x20 out/components/macsw_v6_9_1/modules/librwnx_module.a(mac_ie.o)
                0x0100daa4                mac_ie_tim_find
 .text.mac_ie_csa_find
                0x0100dac4       0x1c out/components/macsw_v6_9_1/modules/librwnx_module.a(mac_ie.o)
                0x0100dac4                mac_ie_csa_find
 .text.mac_ie_ecsa_find
                0x0100dae0       0x1c out/components/macsw_v6_9_1/modules/librwnx_module.a(mac_ie.o)
                0x0100dae0                mac_ie_ecsa_find
 .text.mac_ie_sec_chnl_offset_find
                0x0100dafc       0x20 out/components/macsw_v6_9_1/modules/librwnx_module.a(mac_ie.o)
                0x0100dafc                mac_ie_sec_chnl_offset_find
 .text.mac_ie_wide_bw_chnl_find
                0x0100db1c       0x38 out/components/macsw_v6_9_1/modules/librwnx_module.a(mac_ie.o)
                0x0100db1c                mac_ie_wide_bw_chnl_find
 .text.mac_ie_ds_find
                0x0100db54       0x1c out/components/macsw_v6_9_1/modules/librwnx_module.a(mac_ie.o)
                0x0100db54                mac_ie_ds_find
 .text.mac_ie_mgmt_mic_find
                0x0100db70       0x1c out/components/macsw_v6_9_1/modules/librwnx_module.a(mac_ie.o)
                0x0100db70                mac_ie_mgmt_mic_find
 .text.mac_ie_erp_find
                0x0100db8c       0x1c out/components/macsw_v6_9_1/modules/librwnx_module.a(mac_ie.o)