Archive member included because of file (symbol)

out/components/bsp/soc/boot/mcu/d10/libboot.a(start.o)
                              (_start)
out/components/bsp/soc/boot/mcu/d10/libboot.a(vector_32ivic.o)
                              out/components/bsp/soc/boot/mcu/d10/libboot.a(start.o) (OS_Int_Vectors)
out/components/bsp/soc/boot/mcu/d10/libboot.a(bsp.o)
                              out/components/bsp/soc/boot/mcu/d10/libboot.a(start.o) (BSP_Init)
out/components/bsp/soc/boot/mcu/d10/libboot.a(nmi.o)
                              out/components/bsp/soc/boot/mcu/d10/libboot.a(vector_32ivic.o) (NMI_Service_Routine)
out/components/bsp/soc/soc_init/libsoc_init.a(init_mem.o)
                              out/components/bsp/soc/boot/mcu/d10/libboot.a(start.o) (_move_fast_boot_code)
out/components/osal/libsrm_osal.a(osal_freertos_slow.o)
                              out/components/bsp/soc/boot/mcu/d10/libboot.a(vector_32ivic.o) (OS_TaskSwitchInfo)
out/components/osal/libsrm_osal.a(osal_freertos.o)
                              out/components/osal/libsrm_osal.a(osal_freertos_slow.o) (switchout_handle)
out/components/osal/freertos/libnds_port.a(port.o)
                              out/components/osal/libsrm_osal.a(osal_freertos_slow.o) (vPortEnterCritical)
out/components/osal/freertos/libnds_port.a(portasm.o)
                              out/components/osal/freertos/libnds_port.a(port.o) (vPortStartFirstTask)
out/components/osal/freertos/kernel/libfreertos.a(event_groups.o)
                              out/components/osal/libsrm_osal.a(osal_freertos.o) (xEventGroupCreate)
out/components/osal/freertos/kernel/libfreertos.a(queue.o)
                              out/components/osal/libsrm_osal.a(osal_freertos.o) (xQueueGenericCreate)
out/components/osal/freertos/kernel/libfreertos.a(tasks.o)
                              out/components/osal/freertos/libnds_port.a(portasm.o) (pxCurrentTCB)
out/components/osal/freertos/kernel/libfreertos.a(timers.o)
                              out/components/osal/freertos/kernel/libfreertos.a(tasks.o) (xTimerCreateTimerTask)
out/components/osal/freertos/kernel/libfreertos.a(timers_ext.o)
                              out/components/osal/libsrm_osal.a(osal_freertos.o) (xTimerChangeSetting)
out/components/osal/freertos/kernel/libfreertos.a(list.o)
                              out/components/osal/freertos/kernel/libfreertos.a(event_groups.o) (vListInitialise)
out/components/osal/memmgr/libmemmgr.a(heap_mem.o)
                              out/components/bsp/soc/libc_stub/libc_patch.o (vPortFree)
out/components/osal/memmgr/libmemmgr.a(heap_dlm.o)
                              out/components/osal/memmgr/libmemmgr.a(heap_mem.o) (pvDlmPortMalloc)
out/components/osal/memmgr/libmemmgr.a(heap_bus.o)
                              out/components/osal/memmgr/libmemmgr.a(heap_mem.o) (pvBusPortMalloc)
out/components/sys/libsrm_sys.a(intc.o)
                              out/components/bsp/soc/boot/mcu/d10/libboot.a(vector_32ivic.o) (g_prot_trigger)
out/components/sys/libsrm_sys.a(systick.o)
                              out/components/osal/libsrm_osal.a(osal_freertos_slow.o) (systick_get_period)
out/components/sys/libsrm_sys.a(proftick.o)
                              out/components/osal/libsrm_osal.a(osal_freertos_slow.o) (proftick_start)
out/components/sys/libsrm_sys.a(sys_clock.o)
                              out/components/bsp/soc/boot/mcu/d10/libboot.a(start.o) (_soc_clk_init)
out/components/sys/libsrm_sys.a(exception_info.o)
                              out/components/bsp/soc/boot/mcu/d10/libboot.a(vector_32ivic.o) (exception_info)
out/components/tools/cli/libcli.a(cli.o)
                              out/components/bsp/soc/libc_stub/printf_patch.o (drv_uart_tx_0)
out/components/tools/cli/libcli.a(cli_cmd.o)
                              out/components/tools/cli/libcli.a(cli.o) (gCliCmdTable)
out/components/tools/toolbox/libtoolbox.a(logger.o)
                              out/components/bsp/soc/libc_stub/printf_patch.o (g_TagLevel)
out/projects/SMAC/src/app/libmain.a(main.o)
                              out/components/bsp/soc/boot/mcu/d10/libboot.a(start.o) (APP_Init)
out/projects/SMAC/src/app/libmain.a(custom_cmd.o)
                              out/components/tools/cli/libcli.a(cli.o) (gCustomCmdTable)
out/components/bsp/soc/lowpower/liblowpower.a(pmu_6030.o)
                              out/components/sys/libsrm_sys.a(intc.o) (pmu_dev_register)
out/components/bsp/soc/sys/libbsp.a(bsp.o)
                              out/projects/SMAC/src/app/libmain.a(main.o) (bsp_init)
out/components/drv/uart/libuart.a(drv_comport.o)
                              out/components/tools/cli/libcli.a(cli.o) (drv_comport_register_isr)
out/components/macsw_v6_9_1/ip/lmac/librwnx_lmac.a(mm.o)
                              out/projects/SMAC/src/app/libmain.a(main.o) (rssi_report_en)
out/components/macsw_v6_9_1/ip/lmac/librwnx_lmac.a(ps.o)
[...]
Memory Configuration

Name             Origin             Length             Attributes
SRAM_ILM         0x00000000         0x00005000         xrw
EFS_TABLE        0x00100000         0x00000080         xrw
ROM_TABLE        0x00100080         0x00000f80         xrw
SRAM_DLM         0x00106bcc         0x00009434         rw
SYS_SRAM         0x01000000         0x000178c4         xrw
SH_SRAM          0x010178c4         0x00020c5c         xrw
BLE_SRAM         0x0b000000         0x00001000         rw
*default*        0x00000000         0xffffffff

Linker script and memory map

LOAD out/components/bsp/soc/libc_stub/libc_patch.o
LOAD out/components/bsp/soc/libc_stub/printf_patch.o
LOAD out/components/bsp/soc/libc_stub/_sbrk.o
START GROUP
LOAD out/components/bsp/soc/boot/mcu/d10/libboot.a
LOAD out/components/bsp/soc/lowpower/liblowpower.a
LOAD out/components/bsp/soc/soc_init/libsoc_init.a
LOAD out/components/bsp/soc/ssv6030B1/hal/dmac/libhal_dmac.a
LOAD out/components/bsp/soc/ssv6030B1/hal/hsuart/libhal_hsuart.a
LOAD out/components/bsp/soc/ssv6030B1/hal/lmdma/libhal_lmdma.a
LOAD out/components/bsp/soc/ssv6030B1/hal/tmr/libhal_tmr.a
LOAD out/components/bsp/soc/ssv6030B1/hal/uart/libhal_uart.a
LOAD out/components/bsp/soc/ssv6030B1/hal/wdt/libhal_wdt.a
LOAD out/components/bsp/soc/sys/libbsp.a
LOAD out/components/crypto/libcrypto.a
LOAD out/components/drv/common/libsoc_global.a
LOAD out/components/drv/dmac/libdmac.a
LOAD out/components/drv/hsuart/libhsuart.a
LOAD out/components/drv/lmdma/liblmdma.a
LOAD out/components/drv/phy/libphy.a
LOAD out/components/drv/tmr/libtmr.a
LOAD out/components/drv/uart/libuart.a
LOAD out/components/drv/wdt/libwdt.a
LOAD out/components/macsw_v6_9_1/ip/lmac/librwnx_lmac.a
LOAD out/components/macsw_v6_9_1/ip/umac/librwnx_umac.a
LOAD out/components/macsw_v6_9_1/modules/librwnx_module.a
LOAD out/components/macsw_v6_9_1/plf/refip/librwnx_plf.a
LOAD out/components/net/net_al_v6_9_1/libnet_al.a
LOAD out/components/net/udhcp/libudhcpd.a
LOAD out/components/osal/libsrm_osal.a
LOAD out/components/osal/freertos/libnds_port.a
LOAD out/components/osal/freertos/kernel/libfreertos.a
LOAD out/components/osal/memmgr/libmemmgr.a
LOAD out/components/rom_connector/librom_connector.a
LOAD out/components/sys/libsrm_sys.a
LOAD out/components/third_party/FatFs/libfatfs.a
LOAD out/components/third_party/cJSON/libcjson.a
LOAD out/components/third_party/crc16/libcrc16.a
LOAD out/components/third_party/ping/libping.a
LOAD out/components/third_party/sntp/libsntp.a
LOAD out/components/tools/atcmd/libatcmd.a
LOAD out/components/tools/cli/libcli.a
LOAD out/components/tools/toolbox/libtoolbox.a
LOAD out/components/tools/utility/libutility.a
LOAD out/projects/SMAC/src/app/libmain.a
LOAD out/projects/SMAC/src/board/cfg/libcfg.a
END GROUP
LOAD /home-backup/opt/Andestech/BSPv424/toolchains/nds32le-elf-mculib-v3/bin/../lib/gcc/nds32le-elf/4.9.4/../../../../nds32le-elf/lib/mcmodel-large/libdsp.a
LOAD version.o
LOAD /home-backup/opt/Andestech/BSPv424/toolchains/nds32le-elf-mculib-v3/bin/../lib/gcc/nds32le-elf/4.9.4/mcmodel-large/libgcc.a
START GROUP
LOAD /home-backup/opt/Andestech/BSPv424/toolchains/nds32le-elf-mculib-v3/bin/../lib/gcc/nds32le-elf/4.9.4/../../../../nds32le-elf/lib/mcmodel-large/libc.a
LOAD /home-backup/opt/Andestech/BSPv424/toolchains/nds32le-elf-mculib-v3/bin/../lib/gcc/nds32le-elf/4.9.4/../../../../nds32le-elf/lib/mcmodel-large/libgloss.a
LOAD /home-backup/opt/Andestech/BSPv424/toolchains/nds32le-elf-mculib-v3/bin/../lib/gcc/nds32le-elf/4.9.4/../../../../nds32le-elf/lib/mcmodel-large/libnosys.a
END GROUP
LOAD /home-backup/opt/Andestech/BSPv424/toolchains/nds32le-elf-mculib-v3/bin/../lib/gcc/nds32le-elf/4.9.4/mcmodel-large/libgcc.a
                0x00100000                _SDA_BASE_ = 0x100000
                0x00000000                PROVIDE (__executable_start, 0x0)
                0x00000020                __xtal = 0x20
                0x00000060                __sys_bus_speed = 0x60
                0x00000060                __sys_mcu_speed = 0x60
                0x00000004                __xip_bit = 0x4
                0x00000400                __mcu_suspend_buffer = 0x400
                0x00000000                . = 0x0
                0x00000400                __log_size = 0x400
                0x01000000                _fast_code_lmastart = LOADADDR (.vector)

.vector         0x00000000        0x0 load address 0x01000000
                0x00000000                _fast_code_start = .
 *(.vector)

.nds32_init     0x00000000      0xf70 load address 0x01000000
 *(.nds32_init)
 .nds32_init    0x00000000      0x360 out/components/bsp/soc/boot/mcu/d10/libboot.a(vector_32ivic.o)
                0x00000000                OS_Int_Vectors
                0x000002ba                OS_Int_Vectors_End
 *(.fast_boot_code)
 .fast_boot_code
                0x00000360      0x110 out/components/bsp/soc/boot/mcu/d10/libboot.a(vector_32ivic.o)
                0x00000360                OS_Trap_Syscall
                0x00000390                OS_Trap_TLB_Misc
                0x00000390                OS_Trap_Debug_Related
                0x00000390                OS_Trap_General_Exception
                0x00000390                OS_Trap_PTE_Not_Present
                0x00000390                OS_Trap_TLB_VLPT_Miss
                0x00000390                OS_Trap_Machine_Error
                0x00000390                OS_Trap_TLB_Fill
 .fast_boot_code
                0x00000470       0x30 out/components/bsp/soc/boot/mcu/d10/libboot.a(nmi.o)
                0x00000470                NMI_Service_Routine
 .fast_boot_code
                0x000004a0      0x180 out/components/osal/freertos/libnds_port.a(portasm.o)
                0x000004a0                vPortStartFirstTask
                0x000004d4                OS_Trap_Interrupt_SWI
                0x00000554                OS_Trap_Int_Comm
 .fast_boot_code
                0x00000620      0x76c out/components/macsw_v6_9_1/ip/lmac/librwnx_lmac.a(chan.o)
                0x0000092c                __rom_patch_v1_chan_conn_less_ctxt_end
                0x00000a28                __rom_patch_v1_chan_switch_channel
                0x00000b30                __rom_patch_v1_chan_switch_start
                0x00000ba4                __rom_patch_v1_chan_init
                0x00000c50                __rom_patch_v1_chan_roc_req
 .fast_boot_code
                0x00000d8c       0x80 out/components/macsw_v6_9_1/ip/lmac/librwnx_lmac.a(scan_task.o)
                0x00000d8c                __rom_patch_v1_mm_scan_channel_end_ind_handler
 .fast_boot_code
                0x00000e0c      0x164 out/components/macsw_v6_9_1/ip/umac/librwnx_umac.a(me_task.o)
                0x00000e0c                __rom_patch_v1_me_config_req_handler

.ilm_data       0x00000f70        0x0 load address 0x01000f70
 *(.ilm_data)
                0x00000f70                _fast_code_end = .
                0x00000f70                . = ALIGN (0x4)
                0x00005000                ilm_end = (ORIGIN (SRAM_ILM) + 0x5000)
                0x00004090                ilm_remain = (ilm_end - _fast_code_end)

.text           0x01000f70     0xf384
                0x01000f70                . = ALIGN (0x4)
                0x01000f70                __XIP_TEXT_START = .
 *(.text .stub .text.* .gnu.linkonce.t.*)
 .text.calloc   0x01000f70       0x1c out/components/bsp/soc/libc_stub/libc_patch.o
                0x01000f70                calloc
 .text.malloc   0x01000f8c        0xc out/components/bsp/soc/libc_stub/libc_patch.o
                0x01000f8c                malloc
 .text.strdup   0x01000f98       0x20 out/components/bsp/soc/libc_stub/libc_patch.o
                0x01000f98                strdup
 .text.free     0x01000fb8        0x8 out/components/bsp/soc/libc_stub/libc_patch.o
                0x01000fb8                free
 .text.realloc  0x01000fc0       0x34 out/components/bsp/soc/libc_stub/libc_patch.o
                0x01000fc0                realloc
 .text._fflush_r
                0x01000ff4        0x4 out/components/bsp/soc/libc_stub/libc_patch.o
                0x01000ff4                _fflush_r
 .text._fclose_r
                0x01000ff8        0x4 out/components/bsp/soc/libc_stub/libc_patch.o
                0x01000ff8                _fclose_r
 .text.fflush   0x01000ffc        0xc out/components/bsp/soc/libc_stub/libc_patch.o
                0x01000ffc                fflush
 .text.fopen    0x01001008        0x4 out/components/bsp/soc/libc_stub/libc_patch.o
                0x01001008                fopen
 .text.fread    0x0100100c        0x4 out/components/bsp/soc/libc_stub/libc_patch.o
                0x0100100c                fread
 .text.fwrite   0x01001010        0x4 out/components/bsp/soc/libc_stub/libc_patch.o
                0x01001010                fwrite
 .text.ftell    0x01001014        0x4 out/components/bsp/soc/libc_stub/libc_patch.o
                0x01001014                ftell
 .text.feof     0x01001018        0x4 out/components/bsp/soc/libc_stub/libc_patch.o
                0x01001018                feof
 .text.fseek    0x0100101c        0x4 out/components/bsp/soc/libc_stub/libc_patch.o
                0x0100101c                fseek
 .text.fclose   0x01001020        0x4 out/components/bsp/soc/libc_stub/libc_patch.o
                0x01001020                fclose
 .text.fgets    0x01001024        0x4 out/components/bsp/soc/libc_stub/libc_patch.o
                0x01001024                fgets
 .text.ferror   0x01001028        0x4 out/components/bsp/soc/libc_stub/libc_patch.o
                0x01001028                ferror
 .text.gettimeofday
                0x0100102c       0x10 out/components/bsp/soc/libc_stub/libc_patch.o
                0x0100102c                gettimeofday
 .text._out_char
                0x0100103c       0x1c out/components/bsp/soc/libc_stub/printf_patch.o
                0x0100103c                _out_char
 .text.log_print
                0x01001058       0x40 out/components/bsp/soc/libc_stub/printf_patch.o
                0x01001058                log_print
 .text          0x01001098      0x148 out/components/bsp/soc/boot/mcu/d10/libboot.a(start.o)
                0x01001098                OS_Init_Nds32
                0x01001098                _start
                0x010010f0                __pre_c_init
                0x010011d0                __post_c_init
                0x010011d4                main
 .text.OS_Trap_Default_Handler
                0x010011e0        0x4 out/components/bsp/soc/boot/mcu/d10/libboot.a(bsp.o)
                0x010011e0                OS_Trap_Default_Handler
 .text.BSP_Intc_Init
                0x010011e4       0x20 out/components/bsp/soc/boot/mcu/d10/libboot.a(bsp.o)
                0x010011e4                BSP_Intc_Init
 .text.BSP_Init
                0x01001204        0x8 out/components/bsp/soc/boot/mcu/d10/libboot.a(bsp.o)
                0x01001204                BSP_Init
 .text.mcu_unalignment
                0x0100120c       0x10 out/components/bsp/soc/boot/mcu/d10/libboot.a(bsp.o)
                0x0100120c                mcu_unalignment
 .text.OS_Init  0x0100121c        0x8 out/components/osal/libsrm_osal.a(osal_freertos_slow.o)
                0x0100121c                OS_Init
 .text.OS_StatInit
                0x01001224       0x30 out/components/osal/libsrm_osal.a(osal_freertos_slow.o)
                0x01001224                OS_StatInit
 .text.OS_TaskCreateStatic
                0x01001254       0x24 out/components/osal/libsrm_osal.a(osal_freertos_slow.o)
                0x01001254                OS_TaskCreateStatic
 .text.OS_TaskCreate
                0x01001278       0x20 out/components/osal/libsrm_osal.a(osal_freertos_slow.o)
                0x01001278                OS_TaskCreate
 .text.OS_TaskGetCurrHandle
                0x01001298       0x18 out/components/osal/libsrm_osal.a(osal_freertos_slow.o)
                0x01001298                OS_TaskGetCurrHandle
 .text.OS_TaskSetPriority
                0x010012b0        0xc out/components/osal/libsrm_osal.a(osal_freertos_slow.o)
                0x010012b0                OS_TaskSetPriority
 .text.OS_TaskDelete
                0x010012bc       0x34 out/components/osal/libsrm_osal.a(osal_freertos_slow.o)
                0x010012bc                OS_TaskDelete
 .text.OS_TaskSwitchInfo
                0x010012f0       0x38 out/components/osal/libsrm_osal.a(osal_freertos_slow.o)
                0x010012f0                OS_TaskSwitchInfo
 .text.OS_SysInfo
                0x01001328      0x124 out/components/osal/libsrm_osal.a(osal_freertos_slow.o)
                0x01001328                OS_SysInfo
 .text.OS_ConfigureTickInterrupt
                0x0100144c       0x3c out/components/osal/libsrm_osal.a(osal_freertos_slow.o)
                0x0100144c                OS_ConfigureTickInterrupt
 .text.OS_ClearTickInterrupt
                0x01001488       0x24 out/components/osal/libsrm_osal.a(osal_freertos_slow.o)
                0x01001488                OS_ClearTickInterrupt
 .text.OS_MemInfo
                0x010014ac        0xc out/components/osal/libsrm_osal.a(osal_freertos_slow.o)
                0x010014ac                OS_MemInfo
 .text.prvTaskExitError
                0x010014b8       0x2c out/components/osal/freertos/libnds_port.a(port.o)
 .text.pxPortInitialiseStack
                0x010014e4      0x114 out/components/osal/freertos/libnds_port.a(port.o)
                0x010014e4                pxPortInitialiseStack
 .text.xPortStartScheduler
                0x010015f8       0x4c out/components/osal/freertos/libnds_port.a(port.o)
                0x010015f8                xPortStartScheduler
 .text.vPortEnterCritical
                0x01001644       0x3c out/components/osal/freertos/libnds_port.a(port.o)
                0x01001644                vPortEnterCritical
 .text.vPortExitCritical
                0x01001680       0x44 out/components/osal/freertos/libnds_port.a(port.o)
                0x01001680                vPortExitCritical
 .text.FreeRTOS_Tick_Handler
                0x010016c4       0x3c out/components/osal/freertos/libnds_port.a(port.o)
                0x010016c4                FreeRTOS_Tick_Handler
 .text.vPortSuppressTicksAndSleep
                0x01001700       0x20 out/components/osal/freertos/libnds_port.a(port.o)
                0x01001700                vPortSuppressTicksAndSleep
 .text.vPortValidateInterruptPriority
                0x01001720        0x4 out/components/osal/freertos/libnds_port.a(port.o)
                0x01001720                vPortValidateInterruptPriority
 .text.uxQueueSpacesAvailable
                0x01001724       0x2c out/components/osal/freertos/kernel/libfreertos.a(queue.o)
                0x01001724                uxQueueSpacesAvailable
 .text.prvResetNextTaskUnblockTime
                0x01001750       0x20 out/components/osal/freertos/kernel/libfreertos.a(tasks.o)
 .text.prvInitialiseNewTask.isra.3
                0x01001770       0xd4 out/components/osal/freertos/kernel/libfreertos.a(tasks.o)
 .text.prvAddNewTaskToReadyList
                0x01001844       0xec out/components/osal/freertos/kernel/libfreertos.a(tasks.o)
 .text.prvDeleteTCB
                0x01001930       0x38 out/components/osal/freertos/kernel/libfreertos.a(tasks.o)
 .text.xTaskCreateStatic
                0x01001968       0x88 out/components/osal/freertos/kernel/libfreertos.a(tasks.o)
                0x01001968                xTaskCreateStatic
 .text.xTaskCreate
                0x010019f0       0x60 out/components/osal/freertos/kernel/libfreertos.a(tasks.o)
                0x010019f0                xTaskCreate
 .text.vTaskDelete
                0x01001a50       0xc8 out/components/osal/freertos/kernel/libfreertos.a(tasks.o)
                0x01001a50                vTaskDelete
 .text.uxTaskPriorityGet
                0x01001b18       0x1c out/components/osal/freertos/kernel/libfreertos.a(tasks.o)
                0x01001b18                uxTaskPriorityGet
 .text.vTaskPrioritySet
                0x01001b34       0xdc out/components/osal/freertos/kernel/libfreertos.a(tasks.o)
                0x01001b34                vTaskPrioritySet
 .text.vTaskSuspendAll
                0x01001c10        0xc out/components/osal/freertos/kernel/libfreertos.a(tasks.o)
                0x01001c10                vTaskSuspendAll
 .text.pcTaskGetName
                0x01001c1c       0x24 out/components/osal/freertos/kernel/libfreertos.a(tasks.o)
                0x01001c1c                pcTaskGetName
 .text.xTaskIncrementTick
                0x01001c40      0x104 out/components/osal/freertos/kernel/libfreertos.a(tasks.o)
                0x01001c40                xTaskIncrementTick
 .text.xTaskResumeAll
                0x01001d44       0xd4 out/components/osal/freertos/kernel/libfreertos.a(tasks.o)
                0x01001d44                xTaskResumeAll
 .text.vTaskSwitchContext
                0x01001e18       0x74 out/components/osal/freertos/kernel/libfreertos.a(tasks.o)
                0x01001e18                vTaskSwitchContext
 .text.xTaskGetCurrentTaskHandle
                0x01001e8c        0x8 out/components/osal/freertos/kernel/libfreertos.a(tasks.o)
                0x01001e8c                xTaskGetCurrentTaskHandle
 .text.xTaskGetSchedulerState
                0x01001e94       0x18 out/components/osal/freertos/kernel/libfreertos.a(tasks.o)
                0x01001e94                xTaskGetSchedulerState
 .text.vTaskSetUserInfo
                0x01001eac        0x8 out/components/osal/freertos/kernel/libfreertos.a(tasks.o)
                0x01001eac                vTaskSetUserInfo
 .text.vTaskGetUserInfo
                0x01001eb4        0x8 out/components/osal/freertos/kernel/libfreertos.a(tasks.o)
                0x01001eb4                vTaskGetUserInfo
 .text.vTaskGetSemap
                0x01001ebc       0x18 out/components/osal/freertos/kernel/libfreertos.a(tasks.o)
                0x01001ebc                vTaskGetSemap
 .text.vListInitialise
                0x01001ed4       0x14 out/components/osal/freertos/kernel/libfreertos.a(list.o)
                0x01001ed4                vListInitialise
 .text.vListInitialiseItem
                0x01001ee8        0x8 out/components/osal/freertos/kernel/libfreertos.a(list.o)
                0x01001ee8                vListInitialiseItem
 .text.vListInsertEnd
                0x01001ef0       0x18 out/components/osal/freertos/kernel/libfreertos.a(list.o)
                0x01001ef0                vListInsertEnd
 .text.uxListRemove
                0x01001f08       0x24 out/components/osal/freertos/kernel/libfreertos.a(list.o)
                0x01001f08                uxListRemove
 .text.vPortFree
                0x01001f2c       0x1c out/components/osal/memmgr/libmemmgr.a(heap_mem.o)
                0x01001f2c                vPortFree
 .text.OS_MemInit
                0x01001f48        0x4 out/components/osal/memmgr/libmemmgr.a(heap_mem.o)
                0x01001f48                OS_MemInit
 .text.vOSMemInfo
                0x01001f4c       0x74 out/components/osal/memmgr/libmemmgr.a(heap_mem.o)
                0x01001f4c                vOSMemInfo
 .text.pvPortMalloc
                0x01001fc0       0x18 out/components/osal/memmgr/libmemmgr.a(heap_mem.o)
                0x01001fc0                pvPortMalloc
 .text._pvPortMalloc
                0x01001fd8        0x8 out/components/osal/memmgr/libmemmgr.a(heap_mem.o)
                0x01001fd8                _pvPortMalloc
 .text.OS_MemAlloc
                0x01001fe0        0x8 out/components/osal/memmgr/libmemmgr.a(heap_mem.o)
                0x01001fe0                OS_MemAlloc
 .text.OS_MemFree
                0x01001fe8        0x8 out/components/osal/memmgr/libmemmgr.a(heap_mem.o)
                0x01001fe8                OS_MemFree
 .text.OS_MemBusAlloc
                0x01001ff0        0x8 out/components/osal/memmgr/libmemmgr.a(heap_mem.o)
                0x01001ff0                OS_MemBusAlloc
 .text.prvHeapInit
                0x01001ff8       0x68 out/components/osal/memmgr/libmemmgr.a(heap_dlm.o)
 .text.prvInsertBlockIntoFreeList
                0x01002060       0x48 out/components/osal/memmgr/libmemmgr.a(heap_dlm.o)
 .text.pvDlmPortMalloc
                0x010020a8      0x104 out/components/osal/memmgr/libmemmgr.a(heap_dlm.o)
                0x010020a8                pvDlmPortMalloc
 .text.vDlmPortFree
                0x010021ac       0x80 out/components/osal/memmgr/libmemmgr.a(heap_dlm.o)
                0x010021ac                vDlmPortFree
 .text.xDlmPortGetTotalHeapSize
                0x0100222c        0x8 out/components/osal/memmgr/libmemmgr.a(heap_dlm.o)
                0x0100222c                xDlmPortGetTotalHeapSize
 .text.xDlmPortGetFreeHeapSize
                0x01002234        0xc out/components/osal/memmgr/libmemmgr.a(heap_dlm.o)
                0x01002234                xDlmPortGetFreeHeapSize
 .text.isDlm    0x01002240       0x10 out/components/osal/memmgr/libmemmgr.a(heap_dlm.o)
                0x01002240                isDlm
 .text.ulDlmMemMaxFreeBlockSize
                0x01002250       0x38 out/components/osal/memmgr/libmemmgr.a(heap_dlm.o)
                0x01002250                ulDlmMemMaxFreeBlockSize
 .text.prvHeapInit
                0x01002288       0x70 out/components/osal/memmgr/libmemmgr.a(heap_bus.o)
 .text.prvInsertBlockIntoFreeList
                0x010022f8       0x48 out/components/osal/memmgr/libmemmgr.a(heap_bus.o)
 .text.pvBusPortMalloc
                0x01002340      0x104 out/components/osal/memmgr/libmemmgr.a(heap_bus.o)
                0x01002340                pvBusPortMalloc
 .text.vBusPortFree
                0x01002444       0x80 out/components/osal/memmgr/libmemmgr.a(heap_bus.o)
                0x01002444                vBusPortFree
 .text.xBusPortGetFreeHeapSize
                0x010024c4        0xc out/components/osal/memmgr/libmemmgr.a(heap_bus.o)
                0x010024c4                xBusPortGetFreeHeapSize
 .text.xBusPortGetTotalHeapSize
                0x010024d0        0xc out/components/osal/memmgr/libmemmgr.a(heap_bus.o)
                0x010024d0                xBusPortGetTotalHeapSize
 .text.ulBusMemMaxFreeBlockSize
                0x010024dc       0x38 out/components/osal/memmgr/libmemmgr.a(heap_bus.o)
                0x010024dc                ulBusMemMaxFreeBlockSize
 .text.intc_comm_set_priority
                0x01002514       0x9c out/components/sys/libsrm_sys.a(intc.o)
                0x01002514                intc_comm_set_priority
 .text.intc_comm_irq_enable
                0x010025b0       0x14 out/components/sys/libsrm_sys.a(intc.o)
                0x010025b0                intc_comm_irq_enable
 .text.intc_comm_register_isr
                0x010025c4       0x10 out/components/sys/libsrm_sys.a(intc.o)
                0x010025c4                intc_comm_register_isr
 .text.intc_register_isr
                0x010025d4        0xc out/components/sys/libsrm_sys.a(intc.o)
                0x010025d4                intc_register_isr
 .text.intc_irq_clean_all
                0x010025e0        0x4 out/components/sys/libsrm_sys.a(intc.o)
                0x010025e0                intc_irq_clean_all
 .text.intc_irq_set_priority
                0x010025e4       0x54 out/components/sys/libsrm_sys.a(intc.o)
                0x010025e4                intc_irq_set_priority
 .text.intc_init
                0x01002638       0x80 out/components/sys/libsrm_sys.a(intc.o)
                0x01002638                intc_init
 .text.intc_irq_set_priority_all
                0x010026b8        0xc out/components/sys/libsrm_sys.a(intc.o)
                0x010026b8                intc_irq_set_priority_all
 .text.intc_irq_enable
                0x010026c4       0x38 out/components/sys/libsrm_sys.a(intc.o)
                0x010026c4                intc_irq_enable
 .text.intc_comm_irq_all_enable
                0x010026fc       0x1c out/components/sys/libsrm_sys.a(intc.o)
                0x010026fc                intc_comm_irq_all_enable
 .text.intc_irq_disable
                0x01002718       0x3c out/components/sys/libsrm_sys.a(intc.o)
                0x01002718                intc_irq_disable
 .text.intc_irq_disable_all
                0x01002754       0x14 out/components/sys/libsrm_sys.a(intc.o)
                0x01002754                intc_irq_disable_all
 .text.proftick_start
                0x01002768       0x18 out/components/sys/libsrm_sys.a(proftick.o)
                0x01002768                proftick_start
 .text.proftick_elapsed_ms
                0x01002780       0x10 out/components/sys/libsrm_sys.a(proftick.o)
                0x01002780                proftick_elapsed_ms
 .text.proftick_isr
                0x01002790       0x20 out/components/sys/libsrm_sys.a(proftick.o)
                0x01002790                proftick_isr
 .text._soc_clk_init
                0x010027b0       0x18 out/components/sys/libsrm_sys.a(sys_clock.o)
                0x010027b0                _soc_clk_init
 .text.exception_info
                0x010027c8        0xc out/components/sys/libsrm_sys.a(exception_info.o)
                0x010027c8                exception_info
 .text.syscall_info
                0x010027d4       0x2c out/components/sys/libsrm_sys.a(exception_info.o)
                0x010027d4                syscall_info
 .text.__put_char
                0x01002800       0x14 out/components/tools/cli/libcli.a(cli.o)
 .text.uart_rx_isr
                0x01002814       0x84 out/components/tools/cli/libcli.a(cli.o)
                0x01002814                uart_rx_isr
 .text.drv_uart_tx_0
                0x01002898        0x8 out/components/tools/cli/libcli.a(cli.o)
                0x01002898                drv_uart_tx_0
 .text.Cli_Init
                0x010028a0       0x68 out/components/tools/cli/libcli.a(cli.o)
                0x010028a0                Cli_Init
 .text.uart_read
                0x01002908       0x60 out/components/tools/cli/libcli.a(cli.o)
                0x01002908                uart_read
 .text.Cli_Start
                0x01002968      0x314 out/components/tools/cli/libcli.a(cli.o)
                0x01002968                Cli_Start
 .text.Cli_Task
                0x01002c7c        0xc out/components/tools/cli/libcli.a(cli.o)
                0x01002c7c                Cli_Task
 .text.ssvradio_init_task
                0x01002c88       0x24 out/projects/SMAC/src/app/libmain.a(main.o)
                0x01002c88                ssvradio_init_task
 .text.APP_Init
                0x01002cac       0x80 out/projects/SMAC/src/app/libmain.a(main.o)
                0x01002cac                APP_Init
 .text.Cmd_meminfo
                0x01002d2c       0x18 out/projects/SMAC/src/app/libmain.a(custom_cmd.o)
                0x01002d2c                Cmd_meminfo
 .text.Cmd_sysinfo
                0x01002d44       0x18 out/projects/SMAC/src/app/libmain.a(custom_cmd.o)
                0x01002d44                Cmd_sysinfo
 .text.Cmd_WriteReg32
                0x01002d5c       0x44 out/projects/SMAC/src/app/libmain.a(custom_cmd.o)
                0x01002d5c                Cmd_WriteReg32
 .text.Cmd_ReadReg32
                0x01002da0       0x2c out/projects/SMAC/src/app/libmain.a(custom_cmd.o)
                0x01002da0                Cmd_ReadReg32
 .text.hex_dump_2
                0x01002dcc       0x98 out/projects/SMAC/src/app/libmain.a(custom_cmd.o)
                0x01002dcc                hex_dump_2
 .text.Cmd_dump_ke
                0x01002e64      0x26c out/projects/SMAC/src/app/libmain.a(custom_cmd.o)
                0x01002e64                Cmd_dump_ke
 .text.pmu_dev_register
                0x010030d0       0x44 out/components/bsp/soc/lowpower/liblowpower.a(pmu_6030.o)
                0x010030d0                pmu_dev_register
 .text.pmu_dev_unregister
                0x01003114       0x44 out/components/bsp/soc/lowpower/liblowpower.a(pmu_6030.o)
                0x01003114                pmu_dev_unregister
 .text.bsp_init
                0x01003158       0x34 out/components/bsp/soc/sys/libbsp.a(bsp.o)
                0x01003158                bsp_init
 .text.vAssertCalled
                0x0100318c       0x28 out/components/bsp/soc/sys/libbsp.a(bsp.o)
                0x0100318c                vAssertCalled
 .text.comport_uart_write_fifo
                0x010031b4        0xc out/components/drv/uart/libuart.a(drv_comport.o)
                0x010031b4                comport_uart_write_fifo
 .text.comport_uart_read_fifo
                0x010031c0        0xc out/components/drv/uart/libuart.a(drv_comport.o)
                0x010031c0                comport_uart_read_fifo
 .text.comport_uart_register_isr
                0x010031cc        0x8 out/components/drv/uart/libuart.a(drv_comport.o)
                0x010031cc                comport_uart_register_isr
 .text.comport_uart_init
                0x010031d4        0x8 out/components/drv/uart/libuart.a(drv_comport.o)
                0x010031d4                comport_uart_init
 .text.comport_uart_deinit
                0x010031dc        0x8 out/components/drv/uart/libuart.a(drv_comport.o)
                0x010031dc                comport_uart_deinit
 .text.comport_uart_set_format
                0x010031e4        0x8 out/components/drv/uart/libuart.a(drv_comport.o)
                0x010031e4                comport_uart_set_format
 .text.comport_uart_sw_rst
                0x010031ec        0x8 out/components/drv/uart/libuart.a(drv_comport.o)
                0x010031ec                comport_uart_sw_rst
 .text.comport_uart_get_line_status
                0x010031f4        0x8 out/components/drv/uart/libuart.a(drv_comport.o)
                0x010031f4                comport_uart_get_line_status
 .text.comport_uart_is_receiver_available
                0x010031fc        0xc out/components/drv/uart/libuart.a(drv_comport.o)
                0x010031fc                comport_uart_is_receiver_available
 .text.comport_uart_is_transmitter_idle
                0x01003208        0xc out/components/drv/uart/libuart.a(drv_comport.o)
                0x01003208                comport_uart_is_transmitter_idle
 .text.comport_uart_direct_read_byte
                0x01003214        0x8 out/components/drv/uart/libuart.a(drv_comport.o)
                0x01003214                comport_uart_direct_read_byte
 .text.comport_hsuart_register_isr
                0x0100321c        0x8 out/components/drv/uart/libuart.a(drv_comport.o)
                0x0100321c                comport_hsuart_register_isr
 .text.comport_hsuart_init
                0x01003224        0x8 out/components/drv/uart/libuart.a(drv_comport.o)
                0x01003224                comport_hsuart_init
 .text.comport_hsuart_deinit
                0x0100322c        0x8 out/components/drv/uart/libuart.a(drv_comport.o)
                0x0100322c                comport_hsuart_deinit
 .text.comport_hsuart_set_format
                0x01003234        0x8 out/components/drv/uart/libuart.a(drv_comport.o)
                0x01003234                comport_hsuart_set_format
 .text.comport_hsuart_write_fifo
                0x0100323c        0x8 out/components/drv/uart/libuart.a(drv_comport.o)
                0x0100323c                comport_hsuart_write_fifo
 .text.comport_hsuart_read_fifo
                0x01003244        0x8 out/components/drv/uart/libuart.a(drv_comport.o)
                0x01003244                comport_hsuart_read_fifo
 .text.comport_hsuart_sw_rst
                0x0100324c        0x8 out/components/drv/uart/libuart.a(drv_comport.o)
                0x0100324c                comport_hsuart_sw_rst
 .text.comport_hsuart_get_line_status
                0x01003254        0x8 out/components/drv/uart/libuart.a(drv_comport.o)
                0x01003254                comport_hsuart_get_line_status
 .text.comport_hsuart_is_receiver_available
                0x0100325c        0xc out/components/drv/uart/libuart.a(drv_comport.o)
                0x0100325c                comport_hsuart_is_receiver_available
 .text.comport_hsuart_is_transmitter_idle
                0x01003268        0xc out/components/drv/uart/libuart.a(drv_comport.o)
                0x01003268                comport_hsuart_is_transmitter_idle
 .text.comport_hsuart_direct_read_byte
                0x01003274        0x8 out/components/drv/uart/libuart.a(drv_comport.o)
                0x01003274                comport_hsuart_direct_read_byte
 .text.drv_comport_register_isr
                0x0100327c       0x14 out/components/drv/uart/libuart.a(drv_comport.o)
                0x0100327c                drv_comport_register_isr
 .text.drv_comport_init
                0x01003290       0x50 out/components/drv/uart/libuart.a(drv_comport.o)
                0x01003290                drv_comport_init
 .text.drv_comport_set_format
                0x010032e0       0x18 out/components/drv/uart/libuart.a(drv_comport.o)
                0x010032e0                drv_comport_set_format
 .text.drv_comport_write_fifo
                0x010032f8       0x18 out/components/drv/uart/libuart.a(drv_comport.o)
                0x010032f8                drv_comport_write_fifo
 .text.drv_comport_read_fifo
                0x01003310       0x18 out/components/drv/uart/libuart.a(drv_comport.o)
                0x01003310                drv_comport_read_fifo
 .text.drv_comport_get_line_status
                0x01003328       0x18 out/components/drv/uart/libuart.a(drv_comport.o)
                0x01003328                drv_comport_get_line_status
 .text.drv_comport_direct_read_byte
                0x01003340       0x18 out/components/drv/uart/libuart.a(drv_comport.o)
                0x01003340                drv_comport_direct_read_byte
 .text.chan_vif_tbtt_intv
                0x01003358       0x30 out/components/macsw_v6_9_1/ip/lmac/librwnx_lmac.a(chan.o)
 .text.chan_schedule_one_switch
                0x01003388       0x64 out/components/macsw_v6_9_1/ip/lmac/librwnx_lmac.a(chan.o)
 .text.chan_cancel_all_switch
                0x010033ec       0x38 out/components/macsw_v6_9_1/ip/lmac/librwnx_lmac.a(chan.o)
 .text.chan_send_survey_ind
                0x01003424       0x70 out/components/macsw_v6_9_1/ip/lmac/librwnx_lmac.a(chan.o)
 .text.chan_send_roc_exp_ind
                0x01003494       0x30 out/components/macsw_v6_9_1/ip/lmac/librwnx_lmac.a(chan.o)
 .text.chan_ctxt_init
                0x010034c4       0x20 out/components/macsw_v6_9_1/ip/lmac/librwnx_lmac.a(chan.o)
 .text.chan_send_switch_ind.part.10
                0x010034e4       0x3c out/components/macsw_v6_9_1/ip/lmac/librwnx_lmac.a(chan.o)
 .text.chan_send_pre_switch_ind.isra.11.part.12
                0x01003520       0x1c out/components/macsw_v6_9_1/ip/lmac/librwnx_lmac.a(chan.o)
 .text.chan_add_next_tbtt.constprop.14
                0x0100353c      0x228 out/components/macsw_v6_9_1/ip/lmac/librwnx_lmac.a(chan.o)
 .text.chan_fix_ctxt_until
                0x01003764       0xc4 out/components/macsw_v6_9_1/ip/lmac/librwnx_lmac.a(chan.o)
 .text.chan_conn_less_delay_evt
                0x01003828       0x4c out/components/macsw_v6_9_1/ip/lmac/librwnx_lmac.a(chan.o)
 .text.chan_conn_less_delay_prog
                0x01003874       0x3c out/components/macsw_v6_9_1/ip/lmac/librwnx_lmac.a(chan.o)
 .text.me_init  0x010038b0       0x30 out/components/macsw_v6_9_1/ip/umac/librwnx_umac.a(me.o)
                0x010038b0                me_init
 .text.me_freq_to_chan_def
                0x010038e0       0x38 out/components/macsw_v6_9_1/ip/umac/librwnx_umac.a(me.o)
                0x010038e0                me_freq_to_chan_def
 .text.me_chan_id_to_chan_def
                0x01003918       0x40 out/components/macsw_v6_9_1/ip/umac/librwnx_umac.a(me.o)
                0x01003918                me_chan_id_to_chan_def
 .text.me_init_chan
                0x01003958       0x30 out/components/macsw_v6_9_1/ip/umac/librwnx_umac.a(me.o)
                0x01003958                me_init_chan
 .text.me_sta_del
                0x01003988       0x30 out/components/macsw_v6_9_1/ip/umac/librwnx_umac.a(me.o)
                0x01003988                me_sta_del
 .text.me_send_data_flushed_ind
                0x010039b8       0x40 out/components/macsw_v6_9_1/ip/umac/librwnx_umac.a(me.o)
                0x010039b8                me_send_data_flushed_ind
 .text.me_set_sta_ht_vht_param
                0x010039f8       0xf0 out/components/macsw_v6_9_1/ip/umac/librwnx_umac.a(me_utils.o)
                0x010039f8                me_set_sta_ht_vht_param
 .text.me_11ac_mcs_max
                0x01003ae8       0x18 out/components/macsw_v6_9_1/ip/umac/librwnx_umac.a(me_utils.o)
                0x01003ae8                me_11ac_mcs_max
 .text.me_11ax_mcs_max
                0x01003b00       0x18 out/components/macsw_v6_9_1/ip/umac/librwnx_umac.a(me_utils.o)
                0x01003b00                me_11ax_mcs_max
 .text.me_11ac_nss_max
                0x01003b18       0x1c out/components/macsw_v6_9_1/ip/umac/librwnx_umac.a(me_utils.o)
                0x01003b18                me_11ac_nss_max
 .text.me_11n_nss_max
                0x01003b34       0x14 out/components/macsw_v6_9_1/ip/umac/librwnx_umac.a(me_utils.o)
                0x01003b34                me_11n_nss_max
 .text.me_legacy_ridx_min
                0x01003b48       0x18 out/components/macsw_v6_9_1/ip/umac/librwnx_umac.a(me_utils.o)
                0x01003b48                me_legacy_ridx_min
 .text.me_legacy_ridx_max
                0x01003b60       0x28 out/components/macsw_v6_9_1/ip/umac/librwnx_umac.a(me_utils.o)
                0x01003b60                me_legacy_ridx_max
 .text.me_get_ampdu_params
                0x01003b88       0x9c out/components/macsw_v6_9_1/ip/umac/librwnx_umac.a(me_utils.o)
                0x01003b88                me_get_ampdu_params
 .text.me_rate_translate
                0x01003c24       0x78 out/components/macsw_v6_9_1/ip/umac/librwnx_umac.a(me_utils.o)
                0x01003c24                me_rate_translate
 .text.me_legacy_rate_bitfield_build
                0x01003c9c       0x44 out/components/macsw_v6_9_1/ip/umac/librwnx_umac.a(me_utils.o)
                0x01003c9c                me_legacy_rate_bitfield_build
 .text.me_rate_bitfield_vht_build
                0x01003ce0       0x44 out/components/macsw_v6_9_1/ip/umac/librwnx_umac.a(me_utils.o)
                0x01003ce0                me_rate_bitfield_vht_build
 .text.me_build_capability
                0x01003d24       0x24 out/components/macsw_v6_9_1/ip/umac/librwnx_umac.a(me_utils.o)
                0x01003d24                me_build_capability
 .text.me_build_bss_color_reg
                0x01003d48       0x1c out/components/macsw_v6_9_1/ip/umac/librwnx_umac.a(me_utils.o)
                0x01003d48                me_build_bss_color_reg
 .text.me_init_bcmc_rate
                0x01003d64       0x4c out/components/macsw_v6_9_1/ip/umac/librwnx_umac.a(me_utils.o)
                0x01003d64                me_init_bcmc_rate
 .text.me_update_buffer_control
                0x01003db0      0x264 out/components/macsw_v6_9_1/ip/umac/librwnx_umac.a(me_utils.o)
                0x01003db0                me_update_buffer_control
 .text.me_init_rate
                0x01004014       0x14 out/components/macsw_v6_9_1/ip/umac/librwnx_umac.a(me_utils.o)
                0x01004014                me_init_rate
 .text.me_sta_bw_nss_max_upd
                0x01004028      0x114 out/components/macsw_v6_9_1/ip/umac/librwnx_umac.a(me_utils.o)
                0x01004028                me_sta_bw_nss_max_upd
 .text.me_vht_bandwidth_parse
                0x0100413c      0x110 out/components/macsw_v6_9_1/ip/umac/librwnx_umac.a(me_utils.o)
                0x0100413c                me_vht_bandwidth_parse
 .text.me_bw_check
                0x0100424c       0x5c out/components/macsw_v6_9_1/ip/umac/librwnx_umac.a(me_utils.o)
                0x0100424c                me_bw_check
 .text.me_beacon_check
                0x010042a8      0x440 out/components/macsw_v6_9_1/ip/umac/librwnx_umac.a(me_utils.o)
                0x010042a8                me_beacon_check
 .text.sm_bss_config_init
                0x010046e8       0x18 out/components/macsw_v6_9_1/ip/umac/librwnx_umac.a(sm.o)
 .text.sm_bss_config_push
                0x01004700       0x10 out/components/macsw_v6_9_1/ip/umac/librwnx_umac.a(sm.o)
 .text.sm_frame_with_rsp_send.constprop.4
                0x01004710       0x40 out/components/macsw_v6_9_1/ip/umac/librwnx_umac.a(sm.o)
 .text.sm_init  0x01004750       0x1c out/components/macsw_v6_9_1/ip/umac/librwnx_umac.a(sm.o)
                0x01004750                sm_init
 .text.sm_get_bss_params
                0x0100476c       0x6c out/components/macsw_v6_9_1/ip/umac/librwnx_umac.a(sm.o)
                0x0100476c                sm_get_bss_params
 .text.sm_scan_bss
                0x010047d8      0x128 out/components/macsw_v6_9_1/ip/umac/librwnx_umac.a(sm.o)
                0x010047d8                sm_scan_bss
 .text.sm_join_bss
                0x01004900       0x9c out/components/macsw_v6_9_1/ip/umac/librwnx_umac.a(sm.o)
                0x01004900                sm_join_bss
 .text.sm_add_chan_ctx
                0x0100499c       0x24 out/components/macsw_v6_9_1/ip/umac/librwnx_umac.a(sm.o)
                0x0100499c                sm_add_chan_ctx
 .text.sm_bss_config_send
                0x010049c0       0x18 out/components/macsw_v6_9_1/ip/umac/librwnx_umac.a(sm.o)
                0x010049c0                sm_bss_config_send
 .text.sm_set_bss_param
                0x010049d8      0x1c0 out/components/macsw_v6_9_1/ip/umac/librwnx_umac.a(sm.o)
                0x010049d8                sm_set_bss_param
 .text.sm_delete_resources
                0x01004b98       0xb8 out/components/macsw_v6_9_1/ip/umac/librwnx_umac.a(sm.o)
 .text.sm_disconnect_finish
                0x01004c50       0x44 out/components/macsw_v6_9_1/ip/umac/librwnx_umac.a(sm.o)
 .text.sm_deauth_cfm
                0x01004c94        0x8 out/components/macsw_v6_9_1/ip/umac/librwnx_umac.a(sm.o)
 .text.sm_disconnect_continue
                0x01004c9c      0x180 out/components/macsw_v6_9_1/ip/umac/librwnx_umac.a(sm.o)
                0x01004c9c                sm_disconnect_continue
 .text.sm_disconnect_start
                0x01004e1c       0x48 out/components/macsw_v6_9_1/ip/umac/librwnx_umac.a(sm.o)
                0x01004e1c                sm_disconnect_start
 .text.sm_connect_ind_f
                0x01004e64       0xd8 out/components/macsw_v6_9_1/ip/umac/librwnx_umac.a(sm.o)
                0x01004e64                sm_connect_ind_f
 .text.sm_frame_tx_cfm_handler
                0x01004f3c       0x70 out/components/macsw_v6_9_1/ip/umac/librwnx_umac.a(sm.o)
 .text.sm_auth_send
                0x01004fac      0x1b4 out/components/macsw_v6_9_1/ip/umac/librwnx_umac.a(sm.o)
                0x01004fac                sm_auth_send
 .text.sm_assoc_req_send
                0x01005160      0x1a4 out/components/macsw_v6_9_1/ip/umac/librwnx_umac.a(sm.o)
                0x01005160                sm_assoc_req_send
 .text.sm_assoc_done
                0x01005304       0x34 out/components/macsw_v6_9_1/ip/umac/librwnx_umac.a(sm.o)
                0x01005304                sm_assoc_done
 .text.sm_assoc_rsp_handler
                0x01005338       0xc8 out/components/macsw_v6_9_1/ip/umac/librwnx_umac.a(sm.o)
                0x01005338                sm_assoc_rsp_handler
 .text.sm_deauth_handler
                0x01005400       0x64 out/components/macsw_v6_9_1/ip/umac/librwnx_umac.a(sm.o)
                0x01005400                sm_deauth_handler
 .text.sm_sa_query_handler
                0x01005464      0x19c out/components/macsw_v6_9_1/ip/umac/librwnx_umac.a(sm.o)
                0x01005464                sm_sa_query_handler
 .text.sm_external_auth_start
                0x01005600       0xa0 out/components/macsw_v6_9_1/ip/umac/librwnx_umac.a(sm.o)
                0x01005600                sm_external_auth_start
 .text.sm_external_auth_end
                0x010056a0       0x20 out/components/macsw_v6_9_1/ip/umac/librwnx_umac.a(sm.o)
                0x010056a0                sm_external_auth_end
 .text.sm_external_auth_in_progress
                0x010056c0       0x14 out/components/macsw_v6_9_1/ip/umac/librwnx_umac.a(sm.o)
                0x010056c0                sm_external_auth_in_progress
 .text.sm_ft_auth_over_air_start
                0x010056d4       0x64 out/components/macsw_v6_9_1/ip/umac/librwnx_umac.a(sm.o)
                0x010056d4                sm_ft_auth_over_air_start
 .text.sm_auth_handler
                0x01005738       0x80 out/components/macsw_v6_9_1/ip/umac/librwnx_umac.a(sm.o)
                0x01005738                sm_auth_handler
 .text.sm_ft_auth_over_air_end
                0x010057b8       0x30 out/components/macsw_v6_9_1/ip/umac/librwnx_umac.a(sm.o)
                0x010057b8                sm_ft_auth_over_air_end
 .text.sm_get_rsnie_pmkid_count
                0x010057e8       0x60 out/components/macsw_v6_9_1/ip/umac/librwnx_umac.a(sm.o)
                0x010057e8                sm_get_rsnie_pmkid_count
 .text.apm_bss_config_init
                0x01005848       0x18 out/components/macsw_v6_9_1/ip/umac/librwnx_umac.a(apm.o)
 .text.apm_probe_client_tx_cfm
                0x01005860       0x14 out/components/macsw_v6_9_1/ip/umac/librwnx_umac.a(apm.o)
 .text.apm_bss_config_push
                0x01005874       0x10 out/components/macsw_v6_9_1/ip/umac/librwnx_umac.a(apm.o)
 .text.apm_init
                0x01005884       0x24 out/components/macsw_v6_9_1/ip/umac/librwnx_umac.a(apm.o)
                0x01005884                apm_init
 .text.apm_start_cfm_f
                0x010058a8      0x10c out/components/macsw_v6_9_1/ip/umac/librwnx_umac.a(apm.o)
                0x010058a8                apm_start_cfm_f
 .text.apm_bss_config_send
                0x010059b4       0x18 out/components/macsw_v6_9_1/ip/umac/librwnx_umac.a(apm.o)
                0x010059b4                apm_bss_config_send
 .text.apm_set_bss_param
                0x010059cc      0x12c out/components/macsw_v6_9_1/ip/umac/librwnx_umac.a(apm.o)
                0x010059cc                apm_set_bss_param
 .text.apm_bcn_set
                0x01005af8       0x78 out/components/macsw_v6_9_1/ip/umac/librwnx_umac.a(apm.o)
                0x01005af8                apm_bcn_set
 .text.apm_stop
                0x01005b70       0xb4 out/components/macsw_v6_9_1/ip/umac/librwnx_umac.a(apm.o)
                0x01005b70                apm_stop
 .text.apm_tx_int_ps_check
                0x01005c24       0x54 out/components/macsw_v6_9_1/ip/umac/librwnx_umac.a(apm.o)
                0x01005c24                apm_tx_int_ps_check
 .text.apm_tx_int_ps_postpone
                0x01005c78       0x84 out/components/macsw_v6_9_1/ip/umac/librwnx_umac.a(apm.o)
                0x01005c78                apm_tx_int_ps_postpone
 .text.apm_tx_int_ps_get_postpone
                0x01005cfc      0x120 out/components/macsw_v6_9_1/ip/umac/librwnx_umac.a(apm.o)
                0x01005cfc                apm_tx_int_ps_get_postpone
 .text.apm_tx_int_ps_clear
                0x01005e1c       0x5c out/components/macsw_v6_9_1/ip/umac/librwnx_umac.a(apm.o)
                0x01005e1c                apm_tx_int_ps_clear
 .text.apm_probe_client
                0x01005e78       0x88 out/components/macsw_v6_9_1/ip/umac/librwnx_umac.a(apm.o)
                0x01005e78                apm_probe_client
 .text.scanu_is_scanned_ssid
                0x01005f00       0x68 out/components/macsw_v6_9_1/ip/umac/librwnx_umac.a(scanu.o)
 .text.scanu_confirm
                0x01005f68       0x58 out/components/macsw_v6_9_1/ip/umac/librwnx_umac.a(scanu.o)
                0x01005f68                scanu_confirm
 .text.scanu_init
                0x01005fc0       0x3c out/components/macsw_v6_9_1/ip/umac/librwnx_umac.a(scanu.o)
                0x01005fc0                scanu_init
 .text.scanu_find_result
                0x01005ffc       0x54 out/components/macsw_v6_9_1/ip/umac/librwnx_umac.a(scanu.o)
                0x01005ffc                scanu_find_result
 .text.scanu_frame_handler
                0x01006050      0xab8 out/components/macsw_v6_9_1/ip/umac/librwnx_umac.a(scanu.o)
                0x01006050                scanu_frame_handler
 .text.scanu_search_by_bssid
                0x01006b08        0xc out/components/macsw_v6_9_1/ip/umac/librwnx_umac.a(scanu.o)
                0x01006b08                scanu_search_by_bssid
 .text.scanu_search_by_ssid
                0x01006b14       0x50 out/components/macsw_v6_9_1/ip/umac/librwnx_umac.a(scanu.o)
                0x01006b14                scanu_search_by_ssid
 .text.scanu_scan_next
                0x01006b64      0x2f0 out/components/macsw_v6_9_1/ip/umac/librwnx_umac.a(scanu.o)
                0x01006b64                scanu_scan_next
 .text.scanu_dma_cb
                0x01006e54        0x8 out/components/macsw_v6_9_1/ip/umac/librwnx_umac.a(scanu.o)
 .text.scanu_start
                0x01006e5c       0xa8 out/components/macsw_v6_9_1/ip/umac/librwnx_umac.a(scanu.o)
                0x01006e5c                scanu_start
 .text.txu_cntrl_sec_hdr_append
                0x01006f04       0xec out/components/macsw_v6_9_1/ip/umac/librwnx_umac.a(txu_cntrl.o)
 .text.txu_cntrl_sechdr_len_compute
                0x01006ff0       0xd4 out/components/macsw_v6_9_1/ip/umac/librwnx_umac.a(txu_cntrl.o)
 .text.txu_cntrl_frame_build
                0x010070c4      0x3c4 out/components/macsw_v6_9_1/ip/umac/librwnx_umac.a(txu_cntrl.o)
                0x010070c4                txu_cntrl_frame_build
 .text.txu_cntrl_push
                0x01007488      0x2f8 out/components/macsw_v6_9_1/ip/umac/librwnx_umac.a(txu_cntrl.o)
                0x01007488                txu_cntrl_push
 .text.txu_cntrl_repush
                0x01007780       0x20 out/components/macsw_v6_9_1/ip/umac/librwnx_umac.a(txu_cntrl.o)
                0x01007780                txu_cntrl_repush
 .text.txu_cntrl_cfm
                0x010077a0      0x128 out/components/macsw_v6_9_1/ip/umac/librwnx_umac.a(txu_cntrl.o)
                0x010077a0                txu_cntrl_cfm
 .text.txu_cntrl_protect_mgmt_frame
                0x010078c8       0xd4 out/components/macsw_v6_9_1/ip/umac/librwnx_umac.a(txu_cntrl.o)
                0x010078c8                txu_cntrl_protect_mgmt_frame
 .text.txu_cntrl_mgmt_mic_pbd_append
                0x0100799c       0x38 out/components/macsw_v6_9_1/ip/umac/librwnx_umac.a(txu_cntrl.o)
                0x0100799c                txu_cntrl_mgmt_mic_pbd_append
 .text.bam_baw_index_compute
                0x010079d4       0x10 out/components/macsw_v6_9_1/ip/umac/librwnx_umac.a(bam.o)
 .text.bam_baw_index_compute_opt
                0x010079e4       0x10 out/components/macsw_v6_9_1/ip/umac/librwnx_umac.a(bam.o)
 .text.bam_set_baw_state
                0x010079f4       0x28 out/components/macsw_v6_9_1/ip/umac/librwnx_umac.a(bam.o)
 .text.bam_send_air_action_frame
                0x01007a1c      0x1ec out/components/macsw_v6_9_1/ip/umac/librwnx_umac.a(bam.o)
                0x01007a1c                bam_send_air_action_frame
 .text.bam_init
                0x01007c08       0x98 out/components/macsw_v6_9_1/ip/umac/librwnx_umac.a(bam.o)
                0x01007c08                bam_init
 .text.bam_start_activity_timer
                0x01007ca0       0x18 out/components/macsw_v6_9_1/ip/umac/librwnx_umac.a(bam.o)
                0x01007ca0                bam_start_activity_timer
 .text.bam_param_sta_info_tab_reset
                0x01007cb8       0x50 out/components/macsw_v6_9_1/ip/umac/librwnx_umac.a(bam.o)
                0x01007cb8                bam_param_sta_info_tab_reset
 .text.bam_get_avail_task
                0x01007d08       0x14 out/components/macsw_v6_9_1/ip/umac/librwnx_umac.a(bam.o)
                0x01007d08                bam_get_avail_task
 .text.bam_search_task_wt_highest_inactivity_time
                0x01007d1c       0x4c out/components/macsw_v6_9_1/ip/umac/librwnx_umac.a(bam.o)
                0x01007d1c                bam_search_task_wt_highest_inactivity_time
 .text.bam_get_task_to_process_rx
                0x01007d68      0x14c out/components/macsw_v6_9_1/ip/umac/librwnx_umac.a(bam.o)
                0x01007d68                bam_get_task_to_process_rx
 .text.bam_delete_complete
                0x01007eb4       0x64 out/components/macsw_v6_9_1/ip/umac/librwnx_umac.a(bam.o)
                0x01007eb4                bam_delete_complete
 .text.bam_send_mm_ba_add_req
                0x01007f18       0x4c out/components/macsw_v6_9_1/ip/umac/librwnx_umac.a(bam.o)
                0x01007f18                bam_send_mm_ba_add_req
 .text.bam_send_mm_ba_del_req
                0x01007f64       0x58 out/components/macsw_v6_9_1/ip/umac/librwnx_umac.a(bam.o)
                0x01007f64                bam_send_mm_ba_del_req
 .text.bam_delete_all_ba_agg
                0x01007fbc       0x70 out/components/macsw_v6_9_1/ip/umac/librwnx_umac.a(bam.o)
                0x01007fbc                bam_delete_all_ba_agg
 .text.bam_delba_status_cfm
                0x0100802c       0x60 out/components/macsw_v6_9_1/ip/umac/librwnx_umac.a(bam.o)
 .text.bam_delete_ba_agg
                0x0100808c       0x74 out/components/macsw_v6_9_1/ip/umac/librwnx_umac.a(bam.o)
                0x0100808c                bam_delete_ba_agg
 .text.bam_get_task_to_process_tx
                0x01008100       0x34 out/components/macsw_v6_9_1/ip/umac/librwnx_umac.a(bam.o)
                0x01008100                bam_get_task_to_process_tx
 .text.bam_check_ba_agg
                0x01008134      0x1e0 out/components/macsw_v6_9_1/ip/umac/librwnx_umac.a(bam.o)
                0x01008134                bam_check_ba_agg
 .text.bam_tx_cfm
                0x01008314       0xe0 out/components/macsw_v6_9_1/ip/umac/librwnx_umac.a(bam.o)
                0x01008314                bam_tx_cfm
 .text.bam_baw_init
                0x010083f4       0x60 out/components/macsw_v6_9_1/ip/umac/librwnx_umac.a(bam.o)
                0x010083f4                bam_baw_init
 .text.bam_flush_baw
                0x01008454       0x20 out/components/macsw_v6_9_1/ip/umac/librwnx_umac.a(bam.o)
                0x01008454                bam_flush_baw
 .text.bam_rx_active
                0x01008474       0x34 out/components/macsw_v6_9_1/ip/umac/librwnx_umac.a(bam.o)
                0x01008474                bam_rx_active
 .text.bam_rx_baw_size
                0x010084a8       0x2c out/components/macsw_v6_9_1/ip/umac/librwnx_umac.a(bam.o)
                0x010084a8                bam_rx_baw_size
 .text.mfp_is_robust_frame
                0x010084d4       0x40 out/components/macsw_v6_9_1/ip/umac/librwnx_umac.a(mfp.o)
                0x010084d4                mfp_is_robust_frame
 .text.mfp_ignore_mgmt_frame
                0x01008514      0x194 out/components/macsw_v6_9_1/ip/umac/librwnx_umac.a(mfp.o)
                0x01008514                mfp_ignore_mgmt_frame
 .text.mfp_protect_mgmt_frame
                0x010086a8       0x7c out/components/macsw_v6_9_1/ip/umac/librwnx_umac.a(mfp.o)
                0x010086a8                mfp_protect_mgmt_frame
 .text.mfp_add_mgmt_mic
                0x01008724       0xa8 out/components/macsw_v6_9_1/ip/umac/librwnx_umac.a(mfp.o)
                0x01008724                mfp_add_mgmt_mic
 .text.aes_encrypt_block
                0x010087cc      0x370 out/components/macsw_v6_9_1/ip/umac/librwnx_umac.a(mfp_bip.o)
 .text.aes_cmac_shift_sub_key
                0x01008b3c       0x74 out/components/macsw_v6_9_1/ip/umac/librwnx_umac.a(mfp_bip.o)
 .text.mfp_compute_bip
                0x01008bb0      0x230 out/components/macsw_v6_9_1/ip/umac/librwnx_umac.a(mfp_bip.o)
                0x01008bb0                mfp_compute_bip
 .text.rc_check_fixed_rate_config
                0x01008de0       0xb4 out/components/macsw_v6_9_1/ip/umac/librwnx_umac.a(rc.o)
                0x01008de0                rc_check_fixed_rate_config
 .text.rm_no_more_measure_to_report
                0x01008e94       0x28 out/components/macsw_v6_9_1/ip/umac/librwnx_umac.a(rm.o)
 .text.rm_update_vht_bw
                0x01008ebc       0x1c out/components/macsw_v6_9_1/ip/umac/librwnx_umac.a(rm.o)
 .text.rm_requested_elt
                0x01008ed8       0x3c out/components/macsw_v6_9_1/ip/umac/librwnx_umac.a(rm.o)
 .text.rm_build_beacon_report_action_frame
                0x01008f14      0x4d4 out/components/macsw_v6_9_1/ip/umac/librwnx_umac.a(rm.o)
 .text.rm_send_beacon_report
                0x010093e8       0x98 out/components/macsw_v6_9_1/ip/umac/librwnx_umac.a(rm.o)
 .text.rm_requested_measure
                0x01009480       0x70 out/components/macsw_v6_9_1/ip/umac/librwnx_umac.a(rm.o)
 .text.rm_process_beacon_scan_request
                0x010094f0      0x1a4 out/components/macsw_v6_9_1/ip/umac/librwnx_umac.a(rm.o)
 .text.rm_init  0x01009694       0x24 out/components/macsw_v6_9_1/ip/umac/librwnx_umac.a(rm.o)
                0x01009694                rm_init
 .text.rm_reject_request
                0x010096b8       0x30 out/components/macsw_v6_9_1/ip/umac/librwnx_umac.a(rm.o)
                0x010096b8                rm_reject_request
 .text.rm_initialize_requests
                0x010096e8      0x4fc out/components/macsw_v6_9_1/ip/umac/librwnx_umac.a(rm.o)
                0x010096e8                rm_initialize_requests
 .text.rm_schedule_next_request
                0x01009be4       0x58 out/components/macsw_v6_9_1/ip/umac/librwnx_umac.a(rm.o)
                0x01009be4                rm_schedule_next_request
 .text.rm_start_active_request
                0x01009c3c       0xa8 out/components/macsw_v6_9_1/ip/umac/librwnx_umac.a(rm.o)
                0x01009c3c                rm_start_active_request
 .text.rm_continue_active_request
                0x01009ce4       0x4c out/components/macsw_v6_9_1/ip/umac/librwnx_umac.a(rm.o)
                0x01009ce4                rm_continue_active_request
 .text.rm_send_beacon_report_cfm
                0x01009d30       0x64 out/components/macsw_v6_9_1/ip/umac/librwnx_umac.a(rm.o)
 .text.rm_new_beacon_measure
                0x01009d94      0x398 out/components/macsw_v6_9_1/ip/umac/librwnx_umac.a(rm.o)
                0x01009d94                rm_new_beacon_measure
 .text.me_add_ie_ssid
                0x0100a12c       0x2c out/components/macsw_v6_9_1/ip/umac/librwnx_umac.a(me_mgmtframe.o)
                0x0100a12c                me_add_ie_ssid
 .text.me_add_ie_supp_rates
                0x0100a158       0x34 out/components/macsw_v6_9_1/ip/umac/librwnx_umac.a(me_mgmtframe.o)
                0x0100a158                me_add_ie_supp_rates
 .text.me_add_ie_ext_supp_rates
                0x0100a18c       0x38 out/components/macsw_v6_9_1/ip/umac/librwnx_umac.a(me_mgmtframe.o)
                0x0100a18c                me_add_ie_ext_supp_rates
 .text.me_add_ie_ht_capa
                0x0100a1c4       0x88 out/components/macsw_v6_9_1/ip/umac/librwnx_umac.a(me_mgmtframe.o)
                0x0100a1c4                me_add_ie_ht_capa
 .text.me_add_ie_he_capa
                0x0100a24c      0x11c out/components/macsw_v6_9_1/ip/umac/librwnx_umac.a(me_mgmtframe.o)
                0x0100a24c                me_add_ie_he_capa
 .text.me_add_ie_vht_capa
                0x0100a368       0x74 out/components/macsw_v6_9_1/ip/umac/librwnx_umac.a(me_mgmtframe.o)
                0x0100a368                me_add_ie_vht_capa
 .text.me_add_ie_op_mode
                0x0100a3dc       0x20 out/components/macsw_v6_9_1/ip/umac/librwnx_umac.a(me_mgmtframe.o)
                0x0100a3dc                me_add_ie_op_mode
 .text.me_add_ie_rm_enabled_capa
                0x0100a3fc       0x34 out/components/macsw_v6_9_1/ip/umac/librwnx_umac.a(me_mgmtframe.o)
                0x0100a3fc                me_add_ie_rm_enabled_capa
 .text.me_build_authenticate
                0x0100a430       0x3c out/components/macsw_v6_9_1/ip/umac/librwnx_umac.a(me_mgmtframe.o)
                0x0100a430                me_build_authenticate
 .text.me_build_deauthenticate
                0x0100a46c        0xc out/components/macsw_v6_9_1/ip/umac/librwnx_umac.a(me_mgmtframe.o)
                0x0100a46c                me_build_deauthenticate
 .text.me_build_associate_req
                0x0100a478      0x2ec out/components/macsw_v6_9_1/ip/umac/librwnx_umac.a(me_mgmtframe.o)
                0x0100a478                me_build_associate_req
 .text.me_build_add_ba_req
                0x0100a764       0x48 out/components/macsw_v6_9_1/ip/umac/librwnx_umac.a(me_mgmtframe.o)
                0x0100a764                me_build_add_ba_req
 .text.me_build_add_ba_rsp
                0x0100a7ac       0x34 out/components/macsw_v6_9_1/ip/umac/librwnx_umac.a(me_mgmtframe.o)
                0x0100a7ac                me_build_add_ba_rsp
 .text.me_build_del_ba
                0x0100a7e0       0x34 out/components/macsw_v6_9_1/ip/umac/librwnx_umac.a(me_mgmtframe.o)
                0x0100a7e0                me_build_del_ba
 .text.me_extract_rate_set
                0x0100a814       0x80 out/components/macsw_v6_9_1/ip/umac/librwnx_umac.a(me_mgmtframe.o)
                0x0100a814                me_extract_rate_set
 .text.me_extract_power_constraint
                0x0100a894       0x14 out/components/macsw_v6_9_1/ip/umac/librwnx_umac.a(me_mgmtframe.o)
                0x0100a894                me_extract_power_constraint
 .text.me_extract_country_reg
                0x0100a8a8       0x94 out/components/macsw_v6_9_1/ip/umac/librwnx_umac.a(me_mgmtframe.o)
                0x0100a8a8                me_extract_country_reg
 .text.me_extract_csa
                0x0100a93c      0x110 out/components/macsw_v6_9_1/ip/umac/librwnx_umac.a(me_mgmtframe.o)
                0x0100a93c                me_extract_csa
 .text.me_extract_edca_params
                0x0100aa4c      0x12c out/components/macsw_v6_9_1/ip/umac/librwnx_umac.a(me_mgmtframe.o)
                0x0100aa4c                me_extract_edca_params
 .text.me_extract_ht_capa
                0x0100ab78       0x64 out/components/macsw_v6_9_1/ip/umac/librwnx_umac.a(me_mgmtframe.o)
                0x0100ab78                me_extract_ht_capa
 .text.me_extract_vht_capa
                0x0100abdc       0x74 out/components/macsw_v6_9_1/ip/umac/librwnx_umac.a(me_mgmtframe.o)
                0x0100abdc                me_extract_vht_capa
 .text.me_extract_he_capa
                0x0100ac50       0xd8 out/components/macsw_v6_9_1/ip/umac/librwnx_umac.a(me_mgmtframe.o)
                0x0100ac50                me_extract_he_capa
 .text.me_extract_he_oper
                0x0100ad28       0x34 out/components/macsw_v6_9_1/ip/umac/librwnx_umac.a(me_mgmtframe.o)
                0x0100ad28                me_extract_he_oper
 .text.me_extract_mu_edca_params
                0x0100ad5c       0x7c out/components/macsw_v6_9_1/ip/umac/librwnx_umac.a(me_mgmtframe.o)
                0x0100ad5c                me_extract_mu_edca_params
 .text.me_extract_uora_params
                0x0100add8       0x28 out/components/macsw_v6_9_1/ip/umac/librwnx_umac.a(me_mgmtframe.o)
                0x0100add8                me_extract_uora_params
 .text.michael_block
                0x0100ae00       0x44 out/components/macsw_v6_9_1/ip/umac/librwnx_umac.a(me_mic.o)
 .text.me_mic_init
                0x0100ae44       0x7c out/components/macsw_v6_9_1/ip/umac/librwnx_umac.a(me_mic.o)
                0x0100ae44                me_mic_init
 .text.me_mic_calc
                0x0100aec0       0xfc out/components/macsw_v6_9_1/ip/umac/librwnx_umac.a(me_mic.o)
                0x0100aec0                me_mic_calc
 .text.me_mic_end
                0x0100afbc       0x30 out/components/macsw_v6_9_1/ip/umac/librwnx_umac.a(me_mic.o)
                0x0100afbc                me_mic_end
 .text.co_list_push_back
                0x0100afec       0x1c out/components/macsw_v6_9_1/modules/librwnx_module.a(co_list.o)
                0x0100afec                co_list_push_back
 .text.co_list_push_front
                0x0100b008       0x14 out/components/macsw_v6_9_1/modules/librwnx_module.a(co_list.o)
                0x0100b008                co_list_push_front
 .text.co_list_pop_front
                0x0100b01c       0x14 out/components/macsw_v6_9_1/modules/librwnx_module.a(co_list.o)
                0x0100b01c                co_list_pop_front
 .text.co_list_extract
                0x0100b030       0x34 out/components/macsw_v6_9_1/modules/librwnx_module.a(co_list.o)
                0x0100b030                co_list_extract
 .text.co_list_insert
                0x0100b064       0x30 out/components/macsw_v6_9_1/modules/librwnx_module.a(co_list.o)
                0x0100b064                co_list_insert
 .text.co_list_insert_before
                0x0100b094       0x2c out/components/macsw_v6_9_1/modules/librwnx_module.a(co_list.o)
                0x0100b094                co_list_insert_before
 .text.macif_msg_evt
                0x0100b0c0        0x8 out/components/macsw_v6_9_1/modules/librwnx_module.a(macif_hci.o)
                0x0100b0c0                macif_msg_evt
 .text.macif_kmsg_handler
                0x0100b0c8       0x20 out/components/macsw_v6_9_1/modules/librwnx_module.a(macif_hci.o)
                0x0100b0c8                macif_kmsg_handler
 .text.macif_msg_buf_get
                0x0100b0e8       0x4c out/components/macsw_v6_9_1/modules/librwnx_module.a(macif_hci.o)
                0x0100b0e8                macif_msg_buf_get
 .text.macif_kmsg_fwd
                0x0100b134       0x6c out/components/macsw_v6_9_1/modules/librwnx_module.a(macif_hci.o)
                0x0100b134                macif_kmsg_fwd
 .text.macif_init
                0x0100b1a0       0x28 out/components/macsw_v6_9_1/modules/librwnx_module.a(macif_hci.o)
                0x0100b1a0                macif_init
 .text.macif_rx_buf_check
                0x0100b1c8       0x24 out/components/macsw_v6_9_1/modules/librwnx_module.a(macif_hci.o)
                0x0100b1c8                macif_rx_buf_check
 .text.macif_rx_buf_get
                0x0100b1ec       0x1c out/components/macsw_v6_9_1/modules/librwnx_module.a(macif_hci.o)
                0x0100b1ec                macif_rx_buf_get
 .text.macif_rx_buf_ind
                0x0100b208       0x28 out/components/macsw_v6_9_1/modules/librwnx_module.a(macif_hci.o)
                0x0100b208                macif_rx_buf_ind
 .text.macif_rx_desc_upload
                0x0100b230      0x168 out/components/macsw_v6_9_1/modules/librwnx_module.a(macif_hci.o)
                0x0100b230                macif_rx_desc_upload
 .text.macif_tx_data_ind
                0x0100b398       0x14 out/components/macsw_v6_9_1/modules/librwnx_module.a(macif_hci.o)
                0x0100b398                macif_tx_data_ind
 .text.macif_tx_evt
                0x0100b3ac      0x10c out/components/macsw_v6_9_1/modules/librwnx_module.a(macif_hci.o)
                0x0100b3ac                macif_tx_evt
 .text.macif_buffered_get
                0x0100b4b8        0x4 out/components/macsw_v6_9_1/modules/librwnx_module.a(macif_hci.o)
                0x0100b4b8                macif_buffered_get
 .text.macif_tx_cfm_start
                0x0100b4bc        0x4 out/components/macsw_v6_9_1/modules/librwnx_module.a(macif_hci.o)
                0x0100b4bc                macif_tx_cfm_start
 .text.macif_tx_cfm_push
                0x0100b4c0       0x14 out/components/macsw_v6_9_1/modules/librwnx_module.a(macif_hci.o)
                0x0100b4c0                macif_tx_cfm_push
 .text.macif_tx_cfm_done
                0x0100b4d4        0x4 out/components/macsw_v6_9_1/modules/librwnx_module.a(macif_hci.o)
                0x0100b4d4                macif_tx_cfm_done
 .text.macif_max_api_msg_len
                0x0100b4d8        0x8 out/components/macsw_v6_9_1/modules/librwnx_module.a(macif_hci.o)
                0x0100b4d8                macif_max_api_msg_len
 .text.cmp_abs_time
                0x0100b4e0       0x14 out/components/macsw_v6_9_1/modules/librwnx_module.a(ke_timer.o)
 .text.cmp_timer_id
                0x0100b4f4       0x18 out/components/macsw_v6_9_1/modules/librwnx_module.a(ke_timer.o)
 .text.ke_timer_hw_set
                0x0100b50c       0x40 out/components/macsw_v6_9_1/modules/librwnx_module.a(ke_timer.o)
 .text.ke_timer_set
                0x0100b54c       0xb0 out/components/macsw_v6_9_1/modules/librwnx_module.a(ke_timer.o)
                0x0100b54c                ke_timer_set
 .text.ke_timer_clear
                0x0100b5fc       0x5c out/components/macsw_v6_9_1/modules/librwnx_module.a(ke_timer.o)
                0x0100b5fc                ke_timer_clear
 .text.ke_msg_alloc
                0x0100b658       0x38 out/components/macsw_v6_9_1/modules/librwnx_module.a(ke_msg.o)
                0x0100b658                ke_msg_alloc
 .text.ke_msg_send
                0x0100b690       0x34 out/components/macsw_v6_9_1/modules/librwnx_module.a(ke_msg.o)
                0x0100b690                ke_msg_send
 .text.mac_ie_find
                0x0100b6c4       0x28 out/components/macsw_v6_9_1/modules/librwnx_module.a(mac_ie.o)
 .text.mac_ext_ie_find
                0x0100b6ec       0x40 out/components/macsw_v6_9_1/modules/librwnx_module.a(mac_ie.o)
 .text.mac_vsie_find.constprop.0
                0x0100b72c       0x50 out/components/macsw_v6_9_1/modules/librwnx_module.a(mac_ie.o)
 .text.mac_ie_rates_find
                0x0100b77c       0x24 out/components/macsw_v6_9_1/modules/librwnx_module.a(mac_ie.o)
                0x0100b77c                mac_ie_rates_find
 .text.mac_ie_ext_rates_find
                0x0100b7a0       0x24 out/components/macsw_v6_9_1/modules/librwnx_module.a(mac_ie.o)
                0x0100b7a0                mac_ie_ext_rates_find
 .text.mac_ie_ssid_find
                0x0100b7c4       0x24 out/components/macsw_v6_9_1/modules/librwnx_module.a(mac_ie.o)
                0x0100b7c4                mac_ie_ssid_find
 .text.mac_ie_country_find
                0x0100b7e8       0x24 out/components/macsw_v6_9_1/modules/librwnx_module.a(mac_ie.o)
                0x0100b7e8                mac_ie_country_find
 .text.mac_ie_rsn_find
                0x0100b80c       0x24 out/components/macsw_v6_9_1/modules/librwnx_module.a(mac_ie.o)
                0x0100b80c                mac_ie_rsn_find
 .text.mac_ie_wpa_find
                0x0100b830       0x28 out/components/macsw_v6_9_1/modules/librwnx_module.a(mac_ie.o)
                0x0100b830                mac_ie_wpa_find
 .text.mac_ie_csa_find
                0x0100b858       0x1c out/components/macsw_v6_9_1/modules/librwnx_module.a(mac_ie.o)
                0x0100b858                mac_ie_csa_find
 .text.mac_ie_ecsa_find
                0x0100b874       0x1c out/components/macsw_v6_9_1/modules/librwnx_module.a(mac_ie.o)
                0x0100b874                mac_ie_ecsa_find
 .text.mac_ie_sec_chnl_offset_find
                0x0100b890       0x20 out/components/macsw_v6_9_1/modules/librwnx_module.a(mac_ie.o)
                0x0100b890                mac_ie_sec_chnl_offset_find
 .text.mac_ie_wide_bw_chnl_find
                0x0100b8b0       0x38 out/components/macsw_v6_9_1/modules/librwnx_module.a(mac_ie.o)
                0x0100b8b0                mac_ie_wide_bw_chnl_find
 .text.mac_ie_ds_find
                0x0100b8e8       0x1c out/components/macsw_v6_9_1/modules/librwnx_module.a(mac_ie.o)
                0x0100b8e8                mac_ie_ds_find
 .text.mac_ie_mgmt_mic_find
                0x0100b904       0x1c out/components/macsw_v6_9_1/modules/librwnx_module.a(mac_ie.o)
                0x0100b904                mac_ie_mgmt_mic_find
 .text.mac_ie_erp_find
                0x0100b920       0x1c out/components/macsw_v6_9_1/modules/librwnx_module.a(mac_ie.o)
                0x0100b920                mac_ie_erp_find
 .text.mac_ie_op_mode_notif_find
                0x0100b93c       0x1c out/components/macsw_v6_9_1/modules/librwnx_module.a(mac_ie.o)
                0x0100b93c                mac_ie_op_mode_notif_find
 .text.mac_ie_power_constraint_find
                0x0100b958       0x1c out/components/macsw_v6_9_1/modules/librwnx_module.a(mac_ie.o)
                0x0100b958                mac_ie_power_constraint_find
 .text.mac_ie_wmm_param_find
                0x0100b974       0x20 out/components/macsw_v6_9_1/modules/librwnx_module.a(mac_ie.o)
                0x0100b974                mac_ie_wmm_param_find
 .text.mac_ie_ht_capa_find
                0x0100b994       0x1c out/components/macsw_v6_9_1/modules/librwnx_module.a(mac_ie.o)
                0x0100b994                mac_ie_ht_capa_find
 .text.mac_ie_multi_bssid_find
                0x0100b9b0       0x1c out/components/macsw_v6_9_1/modules/librwnx_module.a(mac_ie.o)
                0x0100b9b0                mac_ie_multi_bssid_find
 .text.mac_ie_sub_non_txed_bssid_find
                0x0100b9cc       0x1c out/components/macsw_v6_9_1/modules/librwnx_module.a(mac_ie.o)
                0x0100b9cc                mac_ie_sub_non_txed_bssid_find
 .text.mac_ie_non_txed_bssid_capa_find
                0x0100b9e8       0x1c out/components/macsw_v6_9_1/modules/librwnx_module.a(mac_ie.o)
                0x0100b9e8                mac_ie_non_txed_bssid_capa_find
 .text.mac_ie_multi_bssid_index_find
                0x0100ba04       0x1c out/components/macsw_v6_9_1/modules/librwnx_module.a(mac_ie.o)
                0x0100ba04                mac_ie_multi_bssid_index_find
 .text.mac_ie_vht_capa_find
                0x0100ba20       0x1c out/components/macsw_v6_9_1/modules/librwnx_module.a(mac_ie.o)
                0x0100ba20                mac_ie_vht_capa_find
 .text.mac_ie_he_capa_find
                0x0100ba3c       0x28 out/components/macsw_v6_9_1/modules/librwnx_module.a(mac_ie.o)
                0x0100ba3c                mac_ie_he_capa_find
 .text.mac_ie_ht_oper_find
                0x0100ba64       0x1c out/components/macsw_v6_9_1/modules/librwnx_module.a(mac_ie.o)
                0x0100ba64                mac_ie_ht_oper_find
 .text.mac_ie_vht_oper_find
                0x0100ba80       0x1c out/components/macsw_v6_9_1/modules/librwnx_module.a(mac_ie.o)
                0x0100ba80                mac_ie_vht_oper_find
 .text.mac_ie_he_oper_find
                0x0100ba9c       0x28 out/components/macsw_v6_9_1/modules/librwnx_module.a(mac_ie.o)
                0x0100ba9c                mac_ie_he_oper_find
 .text.mac_ie_mu_edca_find
                0x0100bac4       0x1c out/components/macsw_v6_9_1/modules/librwnx_module.a(mac_ie.o)
                0x0100bac4                mac_ie_mu_edca_find
 .text.mac_ie_uora_find
                0x0100bae0       0x1c out/components/macsw_v6_9_1/modules/librwnx_module.a(mac_ie.o)
                0x0100bae0                mac_ie_uora_find
 .text.mac_paid_gid_sta_compute
                0x0100bafc       0x10 out/components/macsw_v6_9_1/modules/librwnx_module.a(mac.o)
                0x0100bafc                mac_paid_gid_sta_compute
 .text.mac_paid_gid_ap_compute
                0x0100bb0c       0x1c out/components/macsw_v6_9_1/modules/librwnx_module.a(mac.o)
                0x0100bb0c                mac_paid_gid_ap_compute
 .text.mac_akm_suite_value
                0x0100bb28       0xe8 out/components/macsw_v6_9_1/modules/librwnx_module.a(mac.o)
                0x0100bb28                mac_akm_suite_value
 .text.mac_cipher_suite_value
                0x0100bc10       0x9c out/components/macsw_v6_9_1/modules/librwnx_module.a(mac.o)
                0x0100bc10                mac_cipher_suite_value
 .text.mac_rcpi_format
                0x0100bcac       0x20 out/components/macsw_v6_9_1/modules/librwnx_module.a(mac.o)
                0x0100bcac                mac_rcpi_format
 .text.rtos_get_task_handle
                0x0100bccc        0x8 out/components/macsw_v6_9_1/modules/librwnx_module.a(rtos.o)
                0x0100bccc                rtos_get_task_handle
 .text.rtos_task_init_notification
                0x0100bcd4       0x14 out/components/macsw_v6_9_1/modules/librwnx_module.a(rtos.o)
                0x0100bcd4                rtos_task_init_notification
 .text.rtos_task_wait_notification
                0x0100bce8       0x2c out/components/macsw_v6_9_1/modules/librwnx_module.a(rtos.o)
                0x0100bce8                rtos_task_wait_notification
 .text.rtos_task_notify
                0x0100bd14       0x14 out/components/macsw_v6_9_1/modules/librwnx_module.a(rtos.o)
                0x0100bd14                rtos_task_notify
 .text.rtos_priority_set
                0x0100bd28        0x8 out/components/macsw_v6_9_1/modules/librwnx_module.a(rtos.o)
                0x0100bd28                rtos_priority_set
 .text.rtos_queue_create
                0x0100bd30       0x10 out/components/macsw_v6_9_1/modules/librwnx_module.a(rtos.o)
                0x0100bd30                rtos_queue_create
 .text.rtos_queue_is_empty
                0x0100bd40       0x10 out/components/macsw_v6_9_1/modules/librwnx_module.a(rtos.o)
                0x0100bd40                rtos_queue_is_empty
 .text.rtos_queue_is_full
                0x0100bd50        0xc out/components/macsw_v6_9_1/modules/librwnx_module.a(rtos.o)
                0x0100bd50                rtos_queue_is_full
 .text.rtos_queue_read
                0x0100bd5c        0xc out/components/macsw_v6_9_1/modules/librwnx_module.a(rtos.o)
                0x0100bd5c                rtos_queue_read
 .text.rtos_queue_write
                0x0100bd68        0xc out/components/macsw_v6_9_1/modules/librwnx_module.a(rtos.o)
                0x0100bd68                rtos_queue_write
 .text.rtos_mutex_create
                0x0100bd74        0xc out/components/macsw_v6_9_1/modules/librwnx_module.a(rtos.o)
                0x0100bd74                rtos_mutex_create
 .text.rtos_wifi_task_create
                0x0100bd80       0x54 out/components/macsw_v6_9_1/modules/librwnx_module.a(rtos.o)
                0x0100bd80                rtos_wifi_task_create
 .text.rtos_wifi_task_suspend
                0x0100bdd4       0x2c out/components/macsw_v6_9_1/modules/librwnx_module.a(rtos.o)
                0x0100bdd4                rtos_wifi_task_suspend
 .text.wifi_task
                0x0100be00       0x24 out/components/macsw_v6_9_1/modules/librwnx_module.a(rtos.o)
 .text.rtos_wifi_task_resume
                0x0100be24       0x28 out/components/macsw_v6_9_1/modules/librwnx_module.a(rtos.o)
                0x0100be24                rtos_wifi_task_resume
 .text.rwnx_platform_init
                0x0100be4c       0x1c out/components/macsw_v6_9_1/plf/refip/librwnx_plf.a(rwnx_platform.o)
                0x0100be4c                rwnx_platform_init
 .text.sysctrl_init
                0x0100be68       0x20 out/components/macsw_v6_9_1/plf/refip/librwnx_plf.a(sysctrl.o)
                0x0100be68                sysctrl_init
 .text.udelay.constprop.5
                0x0100be88       0x28 out/components/macsw_v6_9_1/plf/refip/librwnx_plf.a(phy_custom_rf.o)
 .text.riu_iqcomp_reset
                0x0100beb0       0x2c out/components/macsw_v6_9_1/plf/refip/librwnx_plf.a(phy_custom_rf.o)
 .text.mdm_set_channel
                0x0100bedc      0x354 out/components/macsw_v6_9_1/plf/refip/librwnx_plf.a(phy_custom_rf.o)
 .text.phy_set_channel
                0x0100c230       0xf8 out/components/macsw_v6_9_1/plf/refip/librwnx_plf.a(phy_custom_rf.o)
                0x0100c230                phy_set_channel
 .text.phy_he_supported
                0x0100c328        0xc out/components/macsw_v6_9_1/plf/refip/librwnx_plf.a(phy_custom_rf.o)
                0x0100c328                phy_he_supported
 .text.phy_init
                0x0100c334      0x894 out/components/macsw_v6_9_1/plf/refip/librwnx_plf.a(phy_custom_rf.o)
                0x0100c334                phy_init
 .text.intc_spurious
                0x0100cbc8       0x10 out/components/macsw_v6_9_1/plf/refip/librwnx_plf.a(intc.o)
                0x0100cbc8                intc_spurious
 .text.intc_init_ceva
                0x0100cbd8       0xa0 out/components/macsw_v6_9_1/plf/refip/librwnx_plf.a(intc.o)
                0x0100cbd8                intc_init_ceva
 .text.fhost_tx_get_txq
                0x0100cc78       0x30 out/components/macsw_v6_9_1/plf/refip/librwnx_plf.a(hci_net.o)
 .text.fhost_tx_del_txq_from_sched
                0x0100cca8       0x30 out/components/macsw_v6_9_1/plf/refip/librwnx_plf.a(hci_net.o)
 .text.hci_sw_agg_dma_done
                0x0100ccd8       0x18 out/components/macsw_v6_9_1/plf/refip/librwnx_plf.a(hci_net.o)
 .text.fhost_tx_add_txq_to_sched
                0x0100ccf0       0x30 out/components/macsw_v6_9_1/plf/refip/librwnx_plf.a(hci_net.o)
 .text.free_hci_packet
                0x0100cd20       0x1c out/components/macsw_v6_9_1/plf/refip/librwnx_plf.a(hci_net.o)
                0x0100cd20                free_hci_packet
 .text._hci_tx_bmu_init
                0x0100cd3c      0x108 out/components/macsw_v6_9_1/plf/refip/librwnx_plf.a(hci_net.o)
                0x0100cd3c                _hci_tx_bmu_init
 .text._hci_rx_c2ahb_init
                0x0100ce44       0x30 out/components/macsw_v6_9_1/plf/refip/librwnx_plf.a(hci_net.o)
                0x0100ce44                _hci_rx_c2ahb_init
 .text.hci_hw_init
                0x0100ce74       0x9c out/components/macsw_v6_9_1/plf/refip/librwnx_plf.a(hci_net.o)
                0x0100ce74                hci_hw_init
 .text.txdesc_to_hci_tx_desc_tag
                0x0100cf10        0x8 out/components/macsw_v6_9_1/plf/refip/librwnx_plf.a(hci_net.o)
                0x0100cf10                txdesc_to_hci_tx_desc_tag
 .text.hci_tx_get_hw_desc_pointers
                0x0100cf18       0x10 out/components/macsw_v6_9_1/plf/refip/librwnx_plf.a(hci_net.o)
                0x0100cf18                hci_tx_get_hw_desc_pointers
 .text.hci_tx_packet_dequeue
                0x0100cf28       0x48 out/components/macsw_v6_9_1/plf/refip/librwnx_plf.a(hci_net.o)
                0x0100cf28                hci_tx_packet_dequeue
 .text.hci_tx_packet_enqueue
                0x0100cf70       0x40 out/components/macsw_v6_9_1/plf/refip/librwnx_plf.a(hci_net.o)
                0x0100cf70                hci_tx_packet_enqueue
 .text.hci_rx_packet_dequeue
                0x0100cfb0       0x38 out/components/macsw_v6_9_1/plf/refip/librwnx_plf.a(hci_net.o)
                0x0100cfb0                hci_rx_packet_dequeue
 .text.hci_rx_packet_enqueue_back
                0x0100cfe8       0x34 out/components/macsw_v6_9_1/plf/refip/librwnx_plf.a(hci_net.o)
                0x0100cfe8                hci_rx_packet_enqueue_back
 .text.hci_rx_packet_enqueue_front
                0x0100d01c       0x2c out/components/macsw_v6_9_1/plf/refip/librwnx_plf.a(hci_net.o)
                0x0100d01c                hci_rx_packet_enqueue_front
 .text.hci_agg_rx_done_free
                0x0100d048       0x90 out/components/macsw_v6_9_1/plf/refip/librwnx_plf.a(hci_net.o)
                0x0100d048                hci_agg_rx_done_free
 .text.hci_rx_agg_buf_alloc
                0x0100d0d8       0x58 out/components/macsw_v6_9_1/plf/refip/librwnx_plf.a(hci_net.o)
                0x0100d0d8                hci_rx_agg_buf_alloc
 .text.txdesc_host_to_txdesc_mac
                0x0100d130        0xc out/components/macsw_v6_9_1/plf/refip/librwnx_plf.a(hci_net.o)
                0x0100d130                txdesc_host_to_txdesc_mac
 .text.hci_isr_init
                0x0100d13c       0x38 out/components/macsw_v6_9_1/plf/refip/librwnx_plf.a(hci_net.o)
                0x0100d13c                hci_isr_init
 .text.fhost_task_ready
                0x0100d174        0x4 out/components/macsw_v6_9_1/plf/refip/librwnx_plf.a(hci_net.o)
                0x0100d174                fhost_task_ready
 .text.fhost_tx_get_hw_desc_pointers
                0x0100d178       0x10 out/components/macsw_v6_9_1/plf/refip/librwnx_plf.a(hci_net.o)
                0x0100d178                fhost_tx_get_hw_desc_pointers
 .text.fhost_rx_buf_push
                0x0100d188       0x88 out/components/macsw_v6_9_1/plf/refip/librwnx_plf.a(hci_net.o)
                0x0100d188                fhost_rx_buf_push
 .text.hci_rx_packet_agg
                0x0100d210      0x1c4 out/components/macsw_v6_9_1/plf/refip/librwnx_plf.a(hci_net.o)
                0x0100d210                hci_rx_packet_agg
 .text.hci_rx_packet_processing
                0x0100d3d4       0x30 out/components/macsw_v6_9_1/plf/refip/librwnx_plf.a(hci_net.o)
                0x0100d3d4                hci_rx_packet_processing
 .text.hci_tx_schedule
                0x0100d404       0xe0 out/components/macsw_v6_9_1/plf/refip/librwnx_plf.a(hci_net.o)
                0x0100d404                hci_tx_schedule
 .text.hci_tx_task_init
                0x0100d4e4      0x160 out/components/macsw_v6_9_1/plf/refip/librwnx_plf.a(hci_net.o)
                0x0100d4e4                hci_tx_task_init
 .text.hci_tx_task_signal
                0x0100d644       0x14 out/components/macsw_v6_9_1/plf/refip/librwnx_plf.a(hci_net.o)
                0x0100d644                hci_tx_task_signal
 .text._hci_tx_bmu_packet_mode_start
                0x0100d658      0x32c out/components/macsw_v6_9_1/plf/refip/librwnx_plf.a(hci_net.o)
 .text.hci_tx_task
                0x0100d984       0x20 out/components/macsw_v6_9_1/plf/refip/librwnx_plf.a(hci_net.o)
 .text._hci_tx_bmu_isr
                0x0100d9a4       0xc0 out/components/macsw_v6_9_1/plf/refip/librwnx_plf.a(hci_net.o)
 .text.hci_tx_cfm_push
                0x0100da64      0x19c out/components/macsw_v6_9_1/plf/refip/librwnx_plf.a(hci_net.o)
                0x0100da64                hci_tx_cfm_push
 .text.hci_tx_do_credits_update
                0x0100dc00       0x9c out/components/macsw_v6_9_1/plf/refip/librwnx_plf.a(hci_net.o)
                0x0100dc00                hci_tx_do_credits_update
 .text.hci_rx_task_init
                0x0100dc9c       0x9c out/components/macsw_v6_9_1/plf/refip/librwnx_plf.a(hci_net.o)
                0x0100dc9c                hci_rx_task_init
 .text.hci_task_init
                0x0100dd38       0x20 out/components/macsw_v6_9_1/plf/refip/librwnx_plf.a(hci_net.o)
                0x0100dd38                hci_task_init
 .text.fhost_init
                0x0100dd58       0x18 out/components/macsw_v6_9_1/plf/refip/librwnx_plf.a(hci_net.o)
                0x0100dd58                fhost_init
 .text.rtos_hcirx_task_prio_high
                0x0100dd70       0x24 out/components/macsw_v6_9_1/plf/refip/librwnx_plf.a(hci_net.o)
                0x0100dd70                rtos_hcirx_task_prio_high
 .text.hci_rx_evt
                0x0100dd94       0x10 out/components/macsw_v6_9_1/plf/refip/librwnx_plf.a(hci_net.o)
                0x0100dd94                hci_rx_evt
 .text.hci_rx_task
                0x0100dda4       0x5c out/components/macsw_v6_9_1/plf/refip/librwnx_plf.a(hci_net.o)
 .text.hci_rx_task_signal
                0x0100de00       0x18 out/components/macsw_v6_9_1/plf/refip/librwnx_plf.a(hci_net.o)
                0x0100de00                hci_rx_task_signal
 .text.hci_rx_reschedule
                0x0100de18       0x10 out/components/macsw_v6_9_1/plf/refip/librwnx_plf.a(hci_net.o)
                0x0100de18                hci_rx_reschedule
 .text.hci_rx_push
                0x0100de28       0x14 out/components/macsw_v6_9_1/plf/refip/librwnx_plf.a(hci_net.o)
                0x0100de28                hci_rx_push
 .text._hci_rx_bmu_isr
                0x0100de3c       0x14 out/components/macsw_v6_9_1/plf/refip/librwnx_plf.a(hci_net.o)
 .text.dbg_inc_tx_free_packet
                0x0100de50        0x4 out/components/macsw_v6_9_1/plf/refip/librwnx_plf.a(hci_debug.o)
                0x0100de50                dbg_inc_tx_free_packet
 .text.dbg_inc_tx_error_packet
                0x0100de54        0x4 out/components/macsw_v6_9_1/plf/refip/librwnx_plf.a(hci_debug.o)
                0x0100de54                dbg_inc_tx_error_packet
 .text.dbg_inc_tx_ok_packet
                0x0100de58        0x4 out/components/macsw_v6_9_1/plf/refip/librwnx_plf.a(hci_debug.o)
                0x0100de58                dbg_inc_tx_ok_packet
 .text.dbg_set_debug_port_to_one
                0x0100de5c        0x4 out/components/macsw_v6_9_1/plf/refip/librwnx_plf.a(hci_debug.o)
                0x0100de5c                dbg_set_debug_port_to_one
 .text.dbg_no_rx_host_buf_inc
                0x0100de60        0x4 out/components/macsw_v6_9_1/plf/refip/librwnx_plf.a(hci_debug.o)
                0x0100de60                dbg_no_rx_host_buf_inc
 .text.dbg_inc_rx_packet
                0x0100de64        0x4 out/components/macsw_v6_9_1/plf/refip/librwnx_plf.a(hci_debug.o)
                0x0100de64                dbg_inc_rx_packet
 .text.crm_clk_conf
                0x0100de68       0x38 out/components/macsw_v6_9_1/plf/refip/librwnx_plf.a(crm.o)
 .text.crm_clk_set
                0x0100dea0       0x1c out/components/macsw_v6_9_1/plf/refip/librwnx_plf.a(crm.o)
                0x0100dea0                crm_clk_set
 .text.OS_TaskCreate_trace
                0x0100debc       0x40 out/components/osal/libsrm_osal.a(osal_freertos_trace.o)
                0x0100debc                OS_TaskCreate_trace
 .text.OS_TaskDelete_trace
                0x0100defc       0x5c out/components/osal/libsrm_osal.a(osal_freertos_trace.o)
                0x0100defc                OS_TaskDelete_trace
 .text.kernel_event_tab_init
                0x0100df58       0x28 out/components/rom_connector/librom_connector.a(rom_init.o)
                0x0100df58                kernel_event_tab_init
 .text.ke_mem_heap_init
                0x0100df80       0x18 out/components/rom_connector/librom_connector.a(rom_init.o)
                0x0100df80                ke_mem_heap_init
 .text.rom_init
                0x0100df98      0x6b0 out/components/rom_connector/librom_connector.a(rom_init.o)
                0x0100df98                rom_init
 .text.print_callstack
                0x0100e648        0x4 out/components/sys/libsrm_sys.a(backtrace.o)
                0x0100e648                print_callstack
 .text.sys_config_params_init
                0x0100e64c       0x40 out/components/sys/libsrm_sys.a(sys_config_params.o)
                0x0100e64c                sys_config_params_init
 .text.get_config_txdesc_in_headroom
                0x0100e68c        0xc out/components/sys/libsrm_sys.a(sys_config_params.o)
                0x0100e68c                get_config_txdesc_in_headroom
 .text.get_config_hci_max_page_cnt
                0x0100e698        0xc out/components/sys/libsrm_sys.a(sys_config_params.o)
                0x0100e698                get_config_hci_max_page_cnt
 .text.get_config_tx_agg_max_cnt
                0x0100e6a4        0xc out/components/sys/libsrm_sys.a(sys_config_params.o)
                0x0100e6a4                get_config_tx_agg_max_cnt
 .text.get_config_max_amsdu_rx_size
                0x0100e6b0        0xc out/components/sys/libsrm_sys.a(sys_config_params.o)
                0x0100e6b0                get_config_max_amsdu_rx_size
 .text.get_config_bam_idx_max
                0x0100e6bc        0xc out/components/sys/libsrm_sys.a(sys_config_params.o)
                0x0100e6bc                get_config_bam_idx_max
 .text.get_config_tx_mpdu_spacing
                0x0100e6c8        0xc out/components/sys/libsrm_sys.a(sys_config_params.o)
                0x0100e6c8                get_config_tx_mpdu_spacing
 .text.get_config_rx_payload_headroom
                0x0100e6d4        0xc out/components/sys/libsrm_sys.a(sys_config_params.o)
                0x0100e6d4                get_config_rx_payload_headroom
 .text.get_config_block_tx_ampdu
                0x0100e6e0        0xc out/components/sys/libsrm_sys.a(sys_config_params.o)
                0x0100e6e0                get_config_block_tx_ampdu
 .text.set_config_block_tx_ampdu
                0x0100e6ec        0xc out/components/sys/libsrm_sys.a(sys_config_params.o)
                0x0100e6ec                set_config_block_tx_ampdu
 .text.get_config_decline_rx_ampdu
                0x0100e6f8        0xc out/components/sys/libsrm_sys.a(sys_config_params.o)
                0x0100e6f8                get_config_decline_rx_ampdu
 .text.set_config_decline_rx_ampdu
                0x0100e704        0xc out/components/sys/libsrm_sys.a(sys_config_params.o)
                0x0100e704                set_config_decline_rx_ampdu
 .text.get_config_host_reorder
                0x0100e710        0xc out/components/sys/libsrm_sys.a(sys_config_params.o)
                0x0100e710                get_config_host_reorder
 .text.dmac_irq_handler
                0x0100e71c       0x58 out/components/bsp/soc/ssv6030B1/hal/dmac/libhal_dmac.a(hal_dmac.o)
 .text.check_ch_and_set_dmac_info.constprop.2
                0x0100e774        0xc out/components/bsp/soc/ssv6030B1/hal/dmac/libhal_dmac.a(hal_dmac.o)
 .text.hal_dmac_register_isr
                0x0100e780       0x94 out/components/bsp/soc/ssv6030B1/hal/dmac/libhal_dmac.a(hal_dmac.o)
                0x0100e780                hal_dmac_register_isr
 .text.hal_dmac_deinit
                0x0100e814       0x24 out/components/bsp/soc/ssv6030B1/hal/dmac/libhal_dmac.a(hal_dmac.o)
                0x0100e814                hal_dmac_deinit
 .text.hal_dmac_init
                0x0100e838       0x50 out/components/bsp/soc/ssv6030B1/hal/dmac/libhal_dmac.a(hal_dmac.o)
                0x0100e838                hal_dmac_init
 .text.hal_dmac_clear_int_status
                0x0100e888       0x3c out/components/bsp/soc/ssv6030B1/hal/dmac/libhal_dmac.a(hal_dmac.o)
                0x0100e888                hal_dmac_clear_int_status
 .text.hal_hsuart_register_isr
                0x0100e8c4       0x38 out/components/bsp/soc/ssv6030B1/hal/hsuart/libhal_hsuart.a(hal_hsuart.o)
                0x0100e8c4                hal_hsuart_register_isr
 .text.hal_hsuart_init
                0x0100e8fc       0x18 out/components/bsp/soc/ssv6030B1/hal/hsuart/libhal_hsuart.a(hal_hsuart.o)
                0x0100e8fc                hal_hsuart_init
 .text.hal_hsuart_deinit
                0x0100e914        0xc out/components/bsp/soc/ssv6030B1/hal/hsuart/libhal_hsuart.a(hal_hsuart.o)
                0x0100e914                hal_hsuart_deinit
 .text.hal_hsuart_set_format
                0x0100e920       0x68 out/components/bsp/soc/ssv6030B1/hal/hsuart/libhal_hsuart.a(hal_hsuart.o)
                0x0100e920                hal_hsuart_set_format
 .text.hal_hsuart_write_fifo
                0x0100e988       0xa4 out/components/bsp/soc/ssv6030B1/hal/hsuart/libhal_hsuart.a(hal_hsuart.o)
                0x0100e988                hal_hsuart_write_fifo
 .text.hal_hsuart_read_fifo
                0x0100ea2c       0x4c out/components/bsp/soc/ssv6030B1/hal/hsuart/libhal_hsuart.a(hal_hsuart.o)