Archive member included to satisfy reference by file (symbol)

/home/cro/GitPull/luckfox-pico-update/luckfox-pico-update/sysdrv/source/mcu/rt-thread/applications/battery-ipc/libfastae_gcc.a(ae.o)
                              build/applications/battery-ipc/fast_ae.o (FastAeInit)
/home/cro/GitPull/luckfox-pico-update/luckfox-pico-update/sysdrv/source/mcu/rt-thread/applications/battery-ipc/libfastawb_gcc.a(awb.o)
                              build/applications/battery-ipc/fast_ae.o (int_wbgain)
/home/cro/GitPull/luckfox-pico-update/luckfox-pico-update/sysdrv/source/mcu/prebuilts/gcc/linux-x86/riscv64/xpack-riscv-none-embed-gcc-10.2.0-1.2/bin/../lib/gcc/riscv-none-embed/10.2.0/../../../../riscv-none-embed/lib/rv32imc/ilp32/libc_nano.a(lib_a-atoi.o)
                              build/applications/battery-ipc/stream.o (atoi)
/home/cro/GitPull/luckfox-pico-update/luckfox-pico-update/sysdrv/source/mcu/prebuilts/gcc/linux-x86/riscv64/xpack-riscv-none-embed-gcc-10.2.0-1.2/bin/../lib/gcc/riscv-none-embed/10.2.0/../../../../riscv-none-embed/lib/rv32imc/ilp32/libc_nano.a(lib_a-fclose.o)
                              build/kernel/components/libc/compilers/newlib/stdio.o (fclose)
/home/cro/GitPull/luckfox-pico-update/luckfox-pico-update/sysdrv/source/mcu/prebuilts/gcc/linux-x86/riscv64/xpack-riscv-none-embed-gcc-10.2.0-1.2/bin/../lib/gcc/riscv-none-embed/10.2.0/../../../../riscv-none-embed/lib/rv32imc/ilp32/libc_nano.a(lib_a-fflush.o)
                              /home/cro/GitPull/luckfox-pico-update/luckfox-pico-update/sysdrv/source/mcu/prebuilts/gcc/linux-x86/riscv64/xpack-riscv-none-embed-gcc-10.2.0-1.2/bin/../lib/gcc/riscv-none-embed/10.2.0/../../../../riscv-none-embed/lib/rv32imc/ilp32/libc_nano.a(lib_a-fclose.o) (__sflush_r)
/home/cro/GitPull/luckfox-pico-update/luckfox-pico-update/sysdrv/source/mcu/prebuilts/gcc/linux-x86/riscv64/xpack-riscv-none-embed-gcc-10.2.0-1.2/bin/../lib/gcc/riscv-none-embed/10.2.0/../../../../riscv-none-embed/lib/rv32imc/ilp32/libc_nano.a(lib_a-fileno.o)
                              build/kernel/components/libc/compilers/newlib/stdio.o (fileno)
/home/cro/GitPull/luckfox-pico-update/luckfox-pico-update/sysdrv/source/mcu/prebuilts/gcc/linux-x86/riscv64/xpack-riscv-none-embed-gcc-10.2.0-1.2/bin/../lib/gcc/riscv-none-embed/10.2.0/../../../../riscv-none-embed/lib/rv32imc/ilp32/libc_nano.a(lib_a-findfp.o)
                              /home/cro/GitPull/luckfox-pico-update/luckfox-pico-update/sysdrv/source/mcu/prebuilts/gcc/linux-x86/riscv64/xpack-riscv-none-embed-gcc-10.2.0-1.2/bin/../lib/gcc/riscv-none-embed/10.2.0/../../../../riscv-none-embed/lib/rv32imc/ilp32/libc_nano.a(lib_a-fclose.o) (__sinit)
/home/cro/GitPull/luckfox-pico-update/luckfox-pico-update/sysdrv/source/mcu/prebuilts/gcc/linux-x86/riscv64/xpack-riscv-none-embed-gcc-10.2.0-1.2/bin/../lib/gcc/riscv-none-embed/10.2.0/../../../../riscv-none-embed/lib/rv32imc/ilp32/libc_nano.a(lib_a-fopen.o)
                              build/kernel/components/libc/compilers/newlib/stdio.o (fopen)
/home/cro/GitPull/luckfox-pico-update/luckfox-pico-update/sysdrv/source/mcu/prebuilts/gcc/linux-x86/riscv64/xpack-riscv-none-embed-gcc-10.2.0-1.2/bin/../lib/gcc/riscv-none-embed/10.2.0/../../../../riscv-none-embed/lib/rv32imc/ilp32/libc_nano.a(lib_a-fseek.o)
                              /home/cro/GitPull/luckfox-pico-update/luckfox-pico-update/sysdrv/source/mcu/prebuilts/gcc/linux-x86/riscv64/xpack-riscv-none-embed-gcc-10.2.0-1.2/bin/../lib/gcc/riscv-none-embed/10.2.0/../../../../riscv-none-embed/lib/rv32imc/ilp32/libc_nano.a(lib_a-fopen.o) (_fseek_r)
/home/cro/GitPull/luckfox-pico-update/luckfox-pico-update/sysdrv/source/mcu/prebuilts/gcc/linux-x86/riscv64/xpack-riscv-none-embed-gcc-10.2.0-1.2/bin/../lib/gcc/riscv-none-embed/10.2.0/../../../../riscv-none-embed/lib/rv32imc/ilp32/libc_nano.a(lib_a-fseeko.o)
                              /home/cro/GitPull/luckfox-pico-update/luckfox-pico-update/sysdrv/source/mcu/prebuilts/gcc/linux-x86/riscv64/xpack-riscv-none-embed-gcc-10.2.0-1.2/bin/../lib/gcc/riscv-none-embed/10.2.0/../../../../riscv-none-embed/lib/rv32imc/ilp32/libc_nano.a(lib_a-fseek.o) (_fseeko_r)
/home/cro/GitPull/luckfox-pico-update/luckfox-pico-update/sysdrv/source/mcu/prebuilts/gcc/linux-x86/riscv64/xpack-riscv-none-embed-gcc-10.2.0-1.2/bin/../lib/gcc/riscv-none-embed/10.2.0/../../../../riscv-none-embed/lib/rv32imc/ilp32/libc_nano.a(lib_a-fwalk.o)
                              /home/cro/GitPull/luckfox-pico-update/luckfox-pico-update/sysdrv/source/mcu/prebuilts/gcc/linux-x86/riscv64/xpack-riscv-none-embed-gcc-10.2.0-1.2/bin/../lib/gcc/riscv-none-embed/10.2.0/../../../../riscv-none-embed/lib/rv32imc/ilp32/libc_nano.a(lib_a-findfp.o) (_fwalk)
/home/cro/GitPull/luckfox-pico-update/luckfox-pico-update/sysdrv/source/mcu/prebuilts/gcc/linux-x86/riscv64/xpack-riscv-none-embed-gcc-10.2.0-1.2/bin/../lib/gcc/riscv-none-embed/10.2.0/../../../../riscv-none-embed/lib/rv32imc/ilp32/libc_nano.a(lib_a-impure.o)
[...]
Memory Configuration

Name             Origin             Length             Attributes
RAM              0x0000000000040000 0x000000000003c000 xrw
*default*        0x0000000000000000 0xffffffffffffffff

Linker script and memory map

LOAD /home/cro/GitPull/luckfox-pico-update/luckfox-pico-update/sysdrv/source/mcu/prebuilts/gcc/linux-x86/riscv64/xpack-riscv-none-embed-gcc-10.2.0-1.2/bin/../lib/gcc/riscv-none-embed/10.2.0/../../../../riscv-none-embed/lib/rv32imc/ilp32/libc_nano.a
LOAD build/common/hal/hal/lib/CMSIS/Device/RV1106/Source/Templates/system_rv1106.o
LOAD build/common/hal/hal/lib/hal/src/hal_acdcdig.o
LOAD build/common/hal/hal/lib/hal/src/hal_acdcdigv2.o
LOAD build/common/hal/hal/lib/hal/src/hal_audiopwm.o
LOAD build/common/hal/hal/lib/hal/src/hal_base.o
LOAD build/common/hal/hal/lib/hal/src/hal_base_ex.o
LOAD build/common/hal/hal/lib/hal/src/hal_bufmgr.o
LOAD build/common/hal/hal/lib/hal/src/hal_cache.o
LOAD build/common/hal/hal/lib/hal/src/hal_cache_ecc.o
LOAD build/common/hal/hal/lib/hal/src/hal_canfd.o
LOAD build/common/hal/hal/lib/hal/src/hal_ckcal.o
LOAD build/common/hal/hal/lib/hal/src/hal_cpu_topology.o
LOAD build/common/hal/hal/lib/hal/src/hal_ddr_ecc.o
LOAD build/common/hal/hal/lib/hal/src/hal_debug.o
LOAD build/common/hal/hal/lib/hal/src/hal_demo.o
LOAD build/common/hal/hal/lib/hal/src/hal_dwdma.o
LOAD build/common/hal/hal/lib/hal/src/hal_efuse.o
LOAD build/common/hal/hal/lib/hal/src/hal_ehci.o
LOAD build/common/hal/hal/lib/hal/src/hal_ehci_iso.o
LOAD build/common/hal/hal/lib/hal/src/hal_fspi.o
LOAD build/common/hal/hal/lib/hal/src/hal_gic.o
LOAD build/common/hal/hal/lib/hal/src/hal_gpio.o
LOAD build/common/hal/hal/lib/hal/src/hal_gpio_irq_group.o
LOAD build/common/hal/hal/lib/hal/src/hal_hcd.o
LOAD build/common/hal/hal/lib/hal/src/hal_hwspinlock.o
LOAD build/common/hal/hal/lib/hal/src/hal_hyperpsram.o
LOAD build/common/hal/hal/lib/hal/src/hal_i2c.o
LOAD build/common/hal/hal/lib/hal/src/hal_i2s.o
LOAD build/common/hal/hal/lib/hal/src/hal_i2stdm.o
LOAD build/common/hal/hal/lib/hal/src/hal_intmux.o
LOAD build/common/hal/hal/lib/hal/src/hal_irq_handler.o
LOAD build/common/hal/hal/lib/hal/src/hal_keyctrl.o
LOAD build/common/hal/hal/lib/hal/src/hal_mbox.o
LOAD build/common/hal/hal/lib/hal/src/hal_nvic.o
LOAD build/common/hal/hal/lib/hal/src/hal_ohci.o
LOAD build/common/hal/hal/lib/hal/src/hal_pcd.o
LOAD build/common/hal/hal/lib/hal/src/hal_pcd_ex.o
LOAD build/common/hal/hal/lib/hal/src/hal_pci_core.o
LOAD build/common/hal/hal/lib/hal/src/hal_pcie.o
LOAD build/common/hal/hal/lib/hal/src/hal_pd.o
LOAD build/common/hal/hal/lib/hal/src/hal_pdm.o
LOAD build/common/hal/hal/lib/hal/src/hal_pl330.o
LOAD build/common/hal/hal/lib/hal/src/hal_pvtm.o
LOAD build/common/hal/hal/lib/hal/src/hal_pwm.o
LOAD build/common/hal/hal/lib/hal/src/hal_pwr.o
LOAD build/common/hal/hal/lib/hal/src/hal_qpipsram.o
LOAD build/common/hal/hal/lib/hal/src/hal_riscvic.o
LOAD build/common/hal/hal/lib/hal/src/hal_saradc.o
LOAD build/common/hal/hal/lib/hal/src/hal_sdio.o
LOAD build/common/hal/hal/lib/hal/src/hal_sfc.o
LOAD build/common/hal/hal/lib/hal/src/hal_smccc.o
LOAD build/common/hal/hal/lib/hal/src/hal_snor.o
LOAD build/common/hal/hal/lib/hal/src/hal_spi.o
LOAD build/common/hal/hal/lib/hal/src/hal_spi2apb.o
LOAD build/common/hal/hal/lib/hal/src/hal_spinand.o
LOAD build/common/hal/hal/lib/hal/src/hal_spinlock.o
LOAD build/common/hal/hal/lib/hal/src/hal_systick.o
LOAD build/common/hal/hal/lib/hal/src/hal_timer.o
LOAD build/common/hal/hal/lib/hal/src/hal_touchkey.o
LOAD build/common/hal/hal/lib/hal/src/hal_tsadc.o
LOAD build/common/hal/hal/lib/hal/src/hal_uart.o
LOAD build/common/hal/hal/lib/hal/src/hal_usb_core.o
LOAD build/common/hal/hal/lib/hal/src/hal_usb_phy.o
LOAD build/common/hal/hal/lib/hal/src/hal_usbh.o
LOAD build/common/hal/hal/lib/hal/src/hal_vad.o
LOAD build/common/hal/hal/lib/hal/src/hal_vicap.o
LOAD build/common/hal/hal/lib/hal/src/hal_wdt.o
LOAD build/common/hal/hal/lib/hal/src/codec/hal_acodec_rk2106.o
LOAD build/common/hal/hal/lib/hal/src/codec/hal_acodec_rk3308.o
LOAD build/common/hal/hal/lib/hal/src/cru/hal_cru.o
LOAD build/common/hal/hal/lib/hal/src/cru/hal_cru_koala.o
LOAD build/common/hal/hal/lib/hal/src/cru/hal_cru_pisces.o
LOAD build/common/hal/hal/lib/hal/src/cru/hal_cru_rk1808.o
LOAD build/common/hal/hal/lib/hal/src/cru/hal_cru_rk2106.o
LOAD build/common/hal/hal/lib/hal/src/cru/hal_cru_rk2108.o
LOAD build/common/hal/hal/lib/hal/src/cru/hal_cru_rk2206.o
LOAD build/common/hal/hal/lib/hal/src/cru/hal_cru_rk3308.o
LOAD build/common/hal/hal/lib/hal/src/cru/hal_cru_rk3358.o
LOAD build/common/hal/hal/lib/hal/src/cru/hal_cru_rk3562.o
LOAD build/common/hal/hal/lib/hal/src/cru/hal_cru_rk3568.o
LOAD build/common/hal/hal/lib/hal/src/cru/hal_cru_rk3588.o
LOAD build/common/hal/hal/lib/hal/src/cru/hal_cru_rv1106.o
LOAD build/common/hal/hal/lib/hal/src/cru/hal_cru_rv1108.o
LOAD build/common/hal/hal/lib/hal/src/cru/hal_cru_rv1126.o
LOAD build/common/hal/hal/lib/hal/src/cru/hal_cru_swallow.o
LOAD build/common/hal/hal/lib/hal/src/crypto/hal_crypto_rk2206.o
LOAD build/common/hal/hal/lib/hal/src/crypto/hal_crypto_rk2206_pka.o
LOAD build/common/hal/hal/lib/hal/src/display/hal_dsi.o
LOAD build/common/hal/hal/lib/hal/src/display/hal_vop_rk2108.o
LOAD build/common/hal/hal/lib/hal/src/display/hal_vop_rv1126.o
LOAD build/common/hal/hal/lib/hal/src/dsp/hal_dsp_koala.o
LOAD build/common/hal/hal/lib/hal/src/dsp/hal_dsp_rk2108.o
LOAD build/common/hal/hal/lib/hal/src/dsp/hal_dsp_rk2206.o
LOAD build/common/hal/hal/lib/hal/src/gmac/hal_gmac.o
LOAD build/common/hal/hal/lib/hal/src/gmac/hal_gmac1000.o
LOAD build/common/hal/hal/lib/hal/src/gmac/hal_gmac_rk3308.o
LOAD build/common/hal/hal/lib/hal/src/gmac/hal_gmac_rk3358.o
LOAD build/common/hal/hal/lib/hal/src/gmac/hal_gmac_rk3568.o
LOAD build/common/hal/hal/lib/hal/src/pinctrl/hal_pinctrl.o
LOAD build/common/hal/hal/lib/hal/src/pinctrl/hal_pinctrl_iofunc.o
LOAD build/common/hal/hal/lib/hal/src/pinctrl/hal_pinctrl_rk3308.o
LOAD build/common/hal/hal/lib/hal/src/pinctrl/hal_pinctrl_rk3358.o
LOAD build/common/hal/hal/lib/hal/src/pinctrl/hal_pinctrl_rk3562.o
LOAD build/common/hal/hal/lib/hal/src/pinctrl/hal_pinctrl_rk3588.o
LOAD build/common/hal/hal/lib/hal/src/pinctrl/hal_pinctrl_rv1106.o
LOAD build/common/hal/hal/lib/hal/src/pinctrl/hal_pinctrl_v2.o
LOAD build/common/hal/hal/lib/hal/src/pm/hal_pm_cpu.o
LOAD build/common/hal/hal/lib/hal/src/pm/hal_pm_pisces.o
LOAD build/common/hal/hal/lib/hal/src/pm/hal_pm_rk2108.o
LOAD build/common/hal/hal/lib/hal/src/pm/hal_pm_rk2206.o
LOAD build/common/hal/hal/lib/bsp/RV1106/hal_bsp.o
LOAD build/common/hal/hal/lib/CMSIS/Device/RV1106/Source/Templates/GCC/start_rv1106_mcu.o
LOAD build/common/hal/hal/lib/hal/src/pm/hal_cpu_sleep.o
LOAD build/drivers/int_mux.o
LOAD build/drivers/timer.o
LOAD build/applications/main.o
LOAD build/board/board/rv1106_evb-SC3338-ADC/board.o
LOAD build/board/board/rv1106_evb-SC3338-ADC/iomux.o
LOAD build/board/board/common/board_base.o
LOAD build/board/board/common/board_cam.o
LOAD build/board/board/common/iomux_base.o
LOAD build/common/drivers/dma.o
LOAD build/common/drivers/drv_backlight.o
LOAD build/common/drivers/drv_cache.o
LOAD build/common/drivers/drv_cache_ecc.o
LOAD build/common/drivers/drv_canfd.o
LOAD build/common/drivers/drv_clock.o
LOAD build/common/drivers/drv_debug.o
LOAD build/common/drivers/drv_display.o
LOAD build/common/drivers/drv_dsi.o
LOAD build/common/drivers/drv_dsp.o
LOAD build/common/drivers/drv_dvfs.o
LOAD build/common/drivers/drv_dw_pcie.o
LOAD build/common/drivers/drv_dwdma.o
LOAD build/common/drivers/drv_fault_dump.o
LOAD build/common/drivers/drv_flash_partition.o
LOAD build/common/drivers/drv_gmac.o
LOAD build/common/drivers/drv_gpio.o
LOAD build/common/drivers/drv_heap.o
LOAD build/common/drivers/drv_i2c.o
LOAD build/common/drivers/drv_keyctrl.o
LOAD build/common/drivers/drv_panel.o
LOAD build/common/drivers/drv_pcie_dma.o
LOAD build/common/drivers/drv_pl330.o
LOAD build/common/drivers/drv_pm.o
LOAD build/common/drivers/drv_pmic.o
LOAD build/common/drivers/drv_psram.o
LOAD build/common/drivers/drv_pstore.o
LOAD build/common/drivers/drv_pwm.o
LOAD build/common/drivers/drv_pwm_regulator.o
LOAD build/common/drivers/drv_qpipsram.o
LOAD build/common/drivers/drv_regulator.o
LOAD build/common/drivers/drv_saradc.o
LOAD build/common/drivers/drv_sdio.o
LOAD build/common/drivers/drv_snor.o
LOAD build/common/drivers/drv_spi.o
LOAD build/common/drivers/drv_spi2apb.o
LOAD build/common/drivers/drv_spi_screen.o
LOAD build/common/drivers/drv_spinand.o
LOAD build/common/drivers/drv_uart.o
LOAD build/common/drivers/drv_usage.o
LOAD build/common/drivers/drv_usbd.o
LOAD build/common/drivers/drv_usbh.o
LOAD build/common/drivers/drv_vop.o
LOAD build/common/drivers/drv_wdt.o
LOAD build/common/drivers/dsp.o
LOAD build/common/drivers/gpio.o
LOAD build/common/drivers/interrupt.o
LOAD build/common/drivers/io.o
LOAD build/common/drivers/mini_ftl.o
LOAD build/common/drivers/reset.o
LOAD build/common/drivers/isp3/drv_isp3.o
LOAD build/common/drivers/isp3/drv_isp3_subdev.o
LOAD build/common/drivers/isp3/drv_isp_module.o
LOAD build/common/drivers/isp3/isp3.o
LOAD build/common/drivers/isp3/isp3_external.o
LOAD build/common/drivers/camera/camera.o
LOAD build/common/drivers/camera/drv_f37.o
LOAD build/common/drivers/camera/drv_gc2053.o
LOAD build/common/drivers/camera/drv_gc2093.o
LOAD build/common/drivers/camera/drv_gc2145.o
LOAD build/common/drivers/camera/drv_gc3003.o
LOAD build/common/drivers/camera/drv_gc4023.o
LOAD build/common/drivers/camera/drv_gc5035.o
LOAD build/common/drivers/camera/drv_gt9760s.o
LOAD build/common/drivers/camera/drv_imx415.o
LOAD build/common/drivers/camera/drv_os02k10.o
LOAD build/common/drivers/camera/drv_os03b10.o
LOAD build/common/drivers/camera/drv_os04d10.o
LOAD build/common/drivers/camera/drv_ov02k10.o
LOAD build/common/drivers/camera/drv_ov5695.o
LOAD build/common/drivers/camera/drv_ov8825.o
LOAD build/common/drivers/camera/drv_sc200ai.o
LOAD build/common/drivers/camera/drv_sc223a.o
LOAD build/common/drivers/camera/drv_sc230ai.o
LOAD build/common/drivers/camera/drv_sc231hai.o
LOAD build/common/drivers/camera/drv_sc2336.o
LOAD build/common/drivers/camera/drv_sc2336p.o
LOAD build/common/drivers/camera/drv_sc301iot.o
LOAD build/common/drivers/camera/drv_sc3336.o
LOAD build/common/drivers/camera/drv_sc3336p.o
LOAD build/common/drivers/camera/drv_sc3338.o
LOAD build/common/drivers/camera/drv_sc401ai.o
LOAD build/common/drivers/camera/drv_sc431hai.o
LOAD build/common/drivers/camera/drv_sc4336.o
LOAD build/common/drivers/camera/drv_sc4336p.o
LOAD build/common/drivers/camera/drv_sc450ai.o
LOAD build/common/drivers/camera/drv_sc501ai.o
LOAD build/common/drivers/camera/drv_sc530ai.o
LOAD build/common/drivers/camera/vcm.o
LOAD build/common/drivers/camera/adapter/adapter.o
LOAD build/applications/battery-ipc/fast_ae.o
LOAD build/applications/battery-ipc/rkaiq_calib.o
LOAD build/applications/battery-ipc/rkaiq_parse_iq.o
LOAD build/applications/battery-ipc/stream.o
LOAD build/applications/start_app/application.o
LOAD build/applications/start_app/backtrace.o
LOAD build/kernel/src/clock.o
LOAD build/kernel/src/components.o
LOAD build/kernel/src/device.o
LOAD build/kernel/src/idle.o
LOAD build/kernel/src/ipc.o
LOAD build/kernel/src/irq.o
LOAD build/kernel/src/kservice.o
LOAD build/kernel/src/mem.o
LOAD build/kernel/src/mempool.o
LOAD build/kernel/src/object.o
LOAD build/kernel/src/scheduler.o
LOAD build/kernel/src/signal.o
LOAD build/kernel/src/thread.o
LOAD build/kernel/src/timer.o
LOAD build/kernel/libcpu/risc-v/scr1/interrupt.o
LOAD build/kernel/libcpu/risc-v/scr1/stack.o
LOAD build/kernel/libcpu/risc-v/scr1/context_gcc.o
LOAD build/kernel/libcpu/risc-v/scr1/entry_gcc.o
LOAD build/kernel/components/libc/compilers/newlib/libc.o
LOAD build/kernel/components/libc/compilers/newlib/libc_syms.o
LOAD build/kernel/components/libc/compilers/newlib/stdio.o
LOAD build/kernel/components/libc/compilers/newlib/syscalls.o
LOAD build/kernel/components/libc/compilers/newlib/time.o
LOAD build/kernel/components/libc/compilers/common/gmtime_r.o
LOAD build/kernel/components/drivers/src/completion.o
LOAD build/kernel/components/drivers/src/dataqueue.o
LOAD build/kernel/components/drivers/src/pipe.o
LOAD build/kernel/components/drivers/src/ringblk_buf.o
LOAD build/kernel/components/drivers/src/ringbuffer.o
LOAD build/kernel/components/drivers/src/waitqueue.o
LOAD build/kernel/components/drivers/src/workqueue.o
LOAD build/kernel/components/drivers/serial/serial.o
LOAD build/kernel/components/drivers/i2c/i2c_core.o
LOAD build/kernel/components/drivers/i2c/i2c_dev.o
LOAD build/kernel/components/drivers/misc/pin.o
LOAD build/kernel/components/drivers/misc/adc.o
LOAD build/kernel/components/drivers/misc/rt_drv_pwm.o
LOAD /home/cro/GitPull/luckfox-pico-update/luckfox-pico-update/sysdrv/source/mcu/rt-thread/applications/battery-ipc/libfastae_gcc.a
LOAD /home/cro/GitPull/luckfox-pico-update/luckfox-pico-update/sysdrv/source/mcu/rt-thread/applications/battery-ipc/libfastawb_gcc.a
LOAD /home/cro/GitPull/luckfox-pico-update/luckfox-pico-update/sysdrv/source/mcu/prebuilts/gcc/linux-x86/riscv64/xpack-riscv-none-embed-gcc-10.2.0-1.2/bin/../lib/gcc/riscv-none-embed/10.2.0/../../../../riscv-none-embed/lib/rv32imc/ilp32/libc_nano.a
LOAD /home/cro/GitPull/luckfox-pico-update/luckfox-pico-update/sysdrv/source/mcu/prebuilts/gcc/linux-x86/riscv64/xpack-riscv-none-embed-gcc-10.2.0-1.2/bin/../lib/gcc/riscv-none-embed/10.2.0/../../../../riscv-none-embed/lib/rv32imc/ilp32/libm.a
LOAD /home/cro/GitPull/luckfox-pico-update/luckfox-pico-update/sysdrv/source/mcu/prebuilts/gcc/linux-x86/riscv64/xpack-riscv-none-embed-gcc-10.2.0-1.2/bin/../lib/gcc/riscv-none-embed/10.2.0/rv32imc/ilp32/libgcc.a
LOAD /home/cro/GitPull/luckfox-pico-update/luckfox-pico-update/sysdrv/source/mcu/prebuilts/gcc/linux-x86/riscv64/xpack-riscv-none-embed-gcc-10.2.0-1.2/bin/../lib/gcc/riscv-none-embed/10.2.0/../../../../riscv-none-embed/lib/rv32imc/ilp32/libc_nano.a
LOAD /home/cro/GitPull/luckfox-pico-update/luckfox-pico-update/sysdrv/source/mcu/prebuilts/gcc/linux-x86/riscv64/xpack-riscv-none-embed-gcc-10.2.0-1.2/bin/../lib/gcc/riscv-none-embed/10.2.0/rv32imc/ilp32/libgcc.a
START GROUP
LOAD /home/cro/GitPull/luckfox-pico-update/luckfox-pico-update/sysdrv/source/mcu/prebuilts/gcc/linux-x86/riscv64/xpack-riscv-none-embed-gcc-10.2.0-1.2/bin/../lib/gcc/riscv-none-embed/10.2.0/rv32imc/ilp32/libgcc.a
LOAD /home/cro/GitPull/luckfox-pico-update/luckfox-pico-update/sysdrv/source/mcu/prebuilts/gcc/linux-x86/riscv64/xpack-riscv-none-embed-gcc-10.2.0-1.2/bin/../lib/gcc/riscv-none-embed/10.2.0/../../../../riscv-none-embed/lib/rv32imc/ilp32/libc_nano.a
END GROUP
                0x0000000000000800                STACK_SIZE = 0x800
                0x0000000000000000                CL_SIZE = 0x0

.text           0x0000000000040000    0x1775c
                [!provide]                        PROVIDE (__TEXT_START__ = .)
 *start_rv1106_mcu.o(.text .text.*)
 .text          0x0000000000040000      0x272 build/common/hal/hal/lib/CMSIS/Device/RV1106/Source/Templates/GCC/start_rv1106_mcu.o
                0x0000000000040200                _start
                0x0000000000040224                _wfi
                0x000000000004022a                _fence
                0x0000000000040230                entry
                0x0000000000040232                sc_exit
 *(.text .text.*)
 .text.SystemInit
                0x0000000000040272       0x5e build/common/hal/hal/lib/CMSIS/Device/RV1106/Source/Templates/system_rv1106.o
                0x0000000000040272                SystemInit
 *fill*         0x00000000000402d0       0x30 
 .text.HAL_CPUDelayUs
                0x0000000000040300       0x86 build/common/hal/hal/lib/hal/src/hal_base.o
                0x0000000000040300                HAL_CPUDelayUs
 .text.HAL_DelayUs
                0x0000000000040386        0x2 build/common/hal/hal/lib/hal/src/hal_base.o
                0x0000000000040386                HAL_DelayUs
 .text.HAL_DelayMs
                0x0000000000040388       0x26 build/common/hal/hal/lib/hal/src/hal_base.o
                0x0000000000040388                HAL_DelayMs
 .text.HAL_DivU64Rem
                0x00000000000403ae       0xa6 build/common/hal/hal/lib/hal/src/hal_base_ex.o
                0x00000000000403ae                HAL_DivU64Rem
 .text.HAL_ICACHE_Disable
                0x0000000000040454       0x18 build/common/hal/hal/lib/hal/src/hal_cache.o
                0x0000000000040454                HAL_ICACHE_Disable
 .text.HAL_ICACHE_Invalidate
                0x000000000004046c       0x10 build/common/hal/hal/lib/hal/src/hal_cache.o
                0x000000000004046c                HAL_ICACHE_Invalidate
 .text.HAL_DCACHE_Disable
                0x000000000004047c       0x18 build/common/hal/hal/lib/hal/src/hal_cache.o
                0x000000000004047c                HAL_DCACHE_Disable
 .text.HAL_DCACHE_InvalidateByRange
                0x0000000000040494       0x2c build/common/hal/hal/lib/hal/src/hal_cache.o
                0x0000000000040494                HAL_DCACHE_InvalidateByRange
 .text.HAL_DCACHE_CleanByRange
                0x00000000000404c0       0x2c build/common/hal/hal/lib/hal/src/hal_cache.o
                0x00000000000404c0                HAL_DCACHE_CleanByRange
 .text.HAL_DCACHE_CleanInvalidateByRange
                0x00000000000404ec       0x2c build/common/hal/hal/lib/hal/src/hal_cache.o
                0x00000000000404ec                HAL_DCACHE_CleanInvalidateByRange
 .text.HAL_DCACHE_CleanInvalidate
                0x0000000000040518       0x28 build/common/hal/hal/lib/hal/src/hal_cache.o
                0x0000000000040518                HAL_DCACHE_CleanInvalidate
 .text.HAL_GPIO_SetIntType
                0x0000000000040540       0x8a build/common/hal/hal/lib/hal/src/hal_gpio.o
                0x0000000000040540                HAL_GPIO_SetIntType
 .text.HAL_GPIO_SetPinDirection
                0x00000000000405ca       0x28 build/common/hal/hal/lib/hal/src/hal_gpio.o
                0x00000000000405ca                HAL_GPIO_SetPinDirection
 .text.HAL_GPIO_SetPinLevel
                0x00000000000405f2       0x28 build/common/hal/hal/lib/hal/src/hal_gpio.o
                0x00000000000405f2                HAL_GPIO_SetPinLevel
 .text.HAL_GPIO_GetPinLevel
                0x000000000004061a        0xa build/common/hal/hal/lib/hal/src/hal_gpio.o
                0x000000000004061a                HAL_GPIO_GetPinLevel
 .text.HAL_GPIO_EnableIRQ
                0x0000000000040624       0x1e build/common/hal/hal/lib/hal/src/hal_gpio.o
                0x0000000000040624                HAL_GPIO_EnableIRQ
 .text.HAL_GPIO_DisableIRQ
                0x0000000000040642       0x1e build/common/hal/hal/lib/hal/src/hal_gpio.o
                0x0000000000040642                HAL_GPIO_DisableIRQ
 .text.HAL_GPIO_IRQHandler
                0x0000000000040660       0xa8 build/common/hal/hal/lib/hal/src/hal_gpio.o
                0x0000000000040660                HAL_GPIO_IRQHandler
 .text.I2C_Stop
                0x0000000000040708       0x44 build/common/hal/hal/lib/hal/src/hal_i2c.o
 .text.I2C_FillTransmitBuf.isra.0
                0x000000000004074c       0x76 build/common/hal/hal/lib/hal/src/hal_i2c.o
 .text.I2C_PrepareRead.isra.0
                0x00000000000407c2       0x2e build/common/hal/hal/lib/hal/src/hal_i2c.o
 .text.HAL_I2C_AdaptDIV
                0x00000000000407f0       0xec build/common/hal/hal/lib/hal/src/hal_i2c.o
                0x00000000000407f0                HAL_I2C_AdaptDIV
 .text.HAL_I2C_IRQHandler
                0x00000000000408dc      0x152 build/common/hal/hal/lib/hal/src/hal_i2c.o
                0x00000000000408dc                HAL_I2C_IRQHandler
 .text.HAL_I2C_SetupMsg
                0x0000000000040a2e       0x12 build/common/hal/hal/lib/hal/src/hal_i2c.o
                0x0000000000040a2e                HAL_I2C_SetupMsg
 .text.HAL_I2C_ConfigureMode
                0x0000000000040a40       0x12 build/common/hal/hal/lib/hal/src/hal_i2c.o
                0x0000000000040a40                HAL_I2C_ConfigureMode
 .text.HAL_I2C_Transfer
                0x0000000000040a52       0x4c build/common/hal/hal/lib/hal/src/hal_i2c.o
                0x0000000000040a52                HAL_I2C_Transfer
 .text.HAL_I2C_ForceStop
                0x0000000000040a9e       0x1e build/common/hal/hal/lib/hal/src/hal_i2c.o
                0x0000000000040a9e                HAL_I2C_ForceStop
 .text.HAL_I2C_Close
                0x0000000000040abc       0x16 build/common/hal/hal/lib/hal/src/hal_i2c.o
                0x0000000000040abc                HAL_I2C_Close
 .text.HAL_I2C_Init
                0x0000000000040ad2        0x8 build/common/hal/hal/lib/hal/src/hal_i2c.o
                0x0000000000040ad2                HAL_I2C_Init
 .text.MBOX_FindEntry
                0x0000000000040ada       0x16 build/common/hal/hal/lib/hal/src/hal_mbox.o
 .text.HAL_MBOX_SendMsg2
                0x0000000000040af0       0x30 build/common/hal/hal/lib/hal/src/hal_mbox.o
                0x0000000000040af0                HAL_MBOX_SendMsg2
 .text.HAL_MBOX_Init
                0x0000000000040b20       0x3a build/common/hal/hal/lib/hal/src/hal_mbox.o
                0x0000000000040b20                HAL_MBOX_Init
 .text.HAL_MBOX_RegisterClient
                0x0000000000040b5a       0x56 build/common/hal/hal/lib/hal/src/hal_mbox.o
                0x0000000000040b5a                HAL_MBOX_RegisterClient
 .text.HAL_PWM_SetConfig
                0x0000000000040bb0       0xac build/common/hal/hal/lib/hal/src/hal_pwm.o
                0x0000000000040bb0                HAL_PWM_SetConfig
 .text.HAL_PWM_SetOneshot
                0x0000000000040c5c       0x18 build/common/hal/hal/lib/hal/src/hal_pwm.o
                0x0000000000040c5c                HAL_PWM_SetOneshot
 .text.HAL_PWM_Enable
                0x0000000000040c74       0x30 build/common/hal/hal/lib/hal/src/hal_pwm.o
                0x0000000000040c74                HAL_PWM_Enable
 .text.HAL_PWM_Disable
                0x0000000000040ca4       0x2c build/common/hal/hal/lib/hal/src/hal_pwm.o
                0x0000000000040ca4                HAL_PWM_Disable
 .text.HAL_PWM_Init
                0x0000000000040cd0        0x8 build/common/hal/hal/lib/hal/src/hal_pwm.o
                0x0000000000040cd0                HAL_PWM_Init
 .text.HAL_SARADC_Start
                0x0000000000040cd8       0x22 build/common/hal/hal/lib/hal/src/hal_saradc.o
                0x0000000000040cd8                HAL_SARADC_Start
 .text.HAL_SARADC_Stop
                0x0000000000040cfa        0x4 build/common/hal/hal/lib/hal/src/hal_saradc.o
                0x0000000000040cfa                HAL_SARADC_Stop
 .text.HAL_SARADC_GetRaw
                0x0000000000040cfe       0x12 build/common/hal/hal/lib/hal/src/hal_saradc.o
                0x0000000000040cfe                HAL_SARADC_GetRaw
 .text.HAL_SARADC_IrqHandler
                0x0000000000040d10        0x8 build/common/hal/hal/lib/hal/src/hal_saradc.o
                0x0000000000040d10                HAL_SARADC_IrqHandler
 .text.CRU_PllSetByAuto.constprop.0
                0x0000000000040d18      0x126 build/common/hal/hal/lib/hal/src/cru/hal_cru.o
 .text.HAL_CRU_GetPllFreq
                0x0000000000040e3e       0xae build/common/hal/hal/lib/hal/src/cru/hal_cru.o
                0x0000000000040e3e                HAL_CRU_GetPllFreq
 .text.HAL_CRU_SetPllFreq
                0x0000000000040eec       0xf8 build/common/hal/hal/lib/hal/src/cru/hal_cru.o
                0x0000000000040eec                HAL_CRU_SetPllFreq
 .text.HAL_CRU_ClkEnable
                0x0000000000040fe4       0x30 build/common/hal/hal/lib/hal/src/cru/hal_cru.o
                0x0000000000040fe4                HAL_CRU_ClkEnable
 .text.HAL_CRU_ClkDisable
                0x0000000000041014       0x36 build/common/hal/hal/lib/hal/src/cru/hal_cru.o
                0x0000000000041014                HAL_CRU_ClkDisable
 .text.HAL_CRU_ClkSetDiv
                0x000000000004104a       0x50 build/common/hal/hal/lib/hal/src/cru/hal_cru.o
                0x000000000004104a                HAL_CRU_ClkSetDiv
 .text.HAL_CRU_ClkGetDiv
                0x000000000004109a       0x40 build/common/hal/hal/lib/hal/src/cru/hal_cru.o
                0x000000000004109a                HAL_CRU_ClkGetDiv
 .text.HAL_CRU_ClkSetMux
                0x00000000000410da       0x40 build/common/hal/hal/lib/hal/src/cru/hal_cru.o
                0x00000000000410da                HAL_CRU_ClkSetMux
 .text.HAL_CRU_ClkGetMux
                0x000000000004111a       0x3c build/common/hal/hal/lib/hal/src/cru/hal_cru.o
                0x000000000004111a                HAL_CRU_ClkGetMux
 .text.HAL_CRU_ClkSetFracDiv
                0x0000000000041156       0x2a build/common/hal/hal/lib/hal/src/cru/hal_cru.o
                0x0000000000041156                HAL_CRU_ClkSetFracDiv
 .text.HAL_CRU_ClkGetFracDiv
                0x0000000000041180       0x32 build/common/hal/hal/lib/hal/src/cru/hal_cru.o
                0x0000000000041180                HAL_CRU_ClkGetFracDiv
 .text.HAL_CRU_FracdivGetConfig
                0x00000000000411b2       0x4c build/common/hal/hal/lib/hal/src/cru/hal_cru.o
                0x00000000000411b2                HAL_CRU_FracdivGetConfig
 .text.HAL_CRU_ClkGetFreq
                0x00000000000411fe      0x7ac build/common/hal/hal/lib/hal/src/cru/hal_cru_rv1106.o
                0x00000000000411fe                HAL_CRU_ClkGetFreq
 .text.HAL_CRU_ClkSetFreq
                0x00000000000419aa      0x936 build/common/hal/hal/lib/hal/src/cru/hal_cru_rv1106.o
                0x00000000000419aa                HAL_CRU_ClkSetFreq
 .text.HAL_PINCTRL_SetParam
                0x00000000000422e0      0x932 build/common/hal/hal/lib/hal/src/pinctrl/hal_pinctrl_rv1106.o
                0x00000000000422e0                HAL_PINCTRL_SetParam
 .text.HAL_PINCTRL_SetIOMUX
                0x0000000000042c12        0x4 build/common/hal/hal/lib/hal/src/pinctrl/hal_pinctrl_rv1106.o
                0x0000000000042c12                HAL_PINCTRL_SetIOMUX
 .text.rt_hw_interrupt_active
                0x0000000000042c16       0x22 build/drivers/int_mux.o
                0x0000000000042c16                rt_hw_interrupt_active
 .text.rt_hw_interrupt_deactive
                0x0000000000042c38       0x26 build/drivers/int_mux.o
                0x0000000000042c38                rt_hw_interrupt_deactive
 .text.rt_hw_interrupt_get_active
                0x0000000000042c5e       0x54 build/drivers/int_mux.o
                0x0000000000042c5e                rt_hw_interrupt_get_active
 .text.sysTick_stop
                0x0000000000042cb2        0xc build/drivers/timer.o
                0x0000000000042cb2                sysTick_stop
 .text._update_timer
                0x0000000000042cbe       0x3a build/drivers/timer.o
                0x0000000000042cbe                _update_timer
 .text.sysTick_config
                0x0000000000042cf8       0x48 build/drivers/timer.o
                0x0000000000042cf8                sysTick_config
 .text.rtthread_startup
                0x0000000000042d40       0x2e build/applications/main.o
                0x0000000000042d40                rtthread_startup
 .text.startup.main
                0x0000000000042d6e        0xe build/applications/main.o
                0x0000000000042d6e                main
 .text.cif_hw_config
                0x0000000000042d7c       0x5c build/board/board/rv1106_evb-SC3338-ADC/board.o
                0x0000000000042d7c                cif_hw_config
 .text.rt_hw_iomux_config
                0x0000000000042dd8       0x3c build/board/board/rv1106_evb-SC3338-ADC/iomux.o
                0x0000000000042dd8                rt_hw_iomux_config
 .text.board_softirq_handler
                0x0000000000042e14       0x16 build/board/board/common/board_base.o
 .text.data_section_fixup
                0x0000000000042e2a       0x5a build/board/board/common/board_base.o
                0x0000000000042e2a                data_section_fixup
 .text.sirq_status
                0x0000000000042e84        0xa build/board/board/common/board_base.o
                0x0000000000042e84                sirq_status
 .text.rt_hw_board_init
                0x0000000000042e8e       0x54 build/board/board/common/board_base.o
                0x0000000000042e8e                rt_hw_board_init
 .text.cam_get_pwm_name
                0x0000000000042ee2       0x20 build/board/board/common/board_cam.o
                0x0000000000042ee2                cam_get_pwm_name
 .text.cam_set_gpio_level
                0x0000000000042f02       0x3c build/board/board/common/board_cam.o
                0x0000000000042f02                cam_set_gpio_level
 .text.cam_cfg_gpio_func
                0x0000000000042f3e       0x76 build/board/board/common/board_cam.o
                0x0000000000042f3e                cam_cfg_gpio_func
 .text.i2c4_m2_iomux_config
                0x0000000000042fb4       0x24 build/board/board/common/iomux_base.o
                0x0000000000042fb4                i2c4_m2_iomux_config
 .text.uart2_m1_iomux_config
                0x0000000000042fd8       0x10 build/board/board/common/iomux_base.o
                0x0000000000042fd8                uart2_m1_iomux_config
 .text.rt_hw_cpu_dcache_ops
                0x0000000000042fe8       0x28 build/common/drivers/drv_cache.o
                0x0000000000042fe8                rt_hw_cpu_dcache_ops
 .text.clock_dev_init
                0x0000000000043010       0x40 build/common/drivers/drv_clock.o
                0x0000000000043010                clock_dev_init
 .text.clk_enable
                0x0000000000043050       0x4e build/common/drivers/drv_clock.o
                0x0000000000043050                clk_enable
 .text.clk_disable
                0x000000000004309e       0x6a build/common/drivers/drv_clock.o
                0x000000000004309e                clk_disable
 .text.get_clk_gate_from_id
                0x0000000000043108       0x76 build/common/drivers/drv_clock.o
                0x0000000000043108                get_clk_gate_from_id
 .text.clk_get_rate
                0x000000000004317e       0x3c build/common/drivers/drv_clock.o
                0x000000000004317e                clk_get_rate
 .text.clk_set_rate
                0x00000000000431ba       0x4e build/common/drivers/drv_clock.o
                0x00000000000431ba                clk_set_rate
 .text.pin_gpio0_handler
                0x0000000000043208       0x1a build/common/drivers/drv_gpio.o
                0x0000000000043208                pin_gpio0_handler
 .text.pin_gpio1_handler
                0x0000000000043222       0x1a build/common/drivers/drv_gpio.o
                0x0000000000043222                pin_gpio1_handler
 .text.pin_gpio2_handler
                0x000000000004323c       0x1a build/common/drivers/drv_gpio.o
                0x000000000004323c                pin_gpio2_handler
 .text.pin_gpio3_handler
                0x0000000000043256       0x1a build/common/drivers/drv_gpio.o
                0x0000000000043256                pin_gpio3_handler
 .text.pin_gpio4_handler
                0x0000000000043270       0x1a build/common/drivers/drv_gpio.o
                0x0000000000043270                pin_gpio4_handler
 .text.rt_hw_gpio_init
                0x000000000004328a       0x9a build/common/drivers/drv_gpio.o
                0x000000000004328a                rt_hw_gpio_init
 .text.pin_read
                0x0000000000043324       0x1e build/common/drivers/drv_gpio.o
 .text.pin_write
                0x0000000000043342       0x1e build/common/drivers/drv_gpio.o
 .text.pin_mode
                0x0000000000043360       0x88 build/common/drivers/drv_gpio.o
 .text.pin_detach_irq
                0x00000000000433e8       0x50 build/common/drivers/drv_gpio.o
 .text.pin_attach_irq
                0x0000000000043438       0x9c build/common/drivers/drv_gpio.o
 .text.pin_irq_enable
                0x00000000000434d4       0xca build/common/drivers/drv_gpio.o
 .text.HAL_GPIO_IRQDispatch
                0x000000000004359e       0x20 build/common/drivers/drv_gpio.o
                0x000000000004359e                HAL_GPIO_IRQDispatch
 .text.rockchip_i2c4_irq
                0x00000000000435be       0x36 build/common/drivers/drv_i2c.o
 .text.clk_disable_by_id.isra.0
                0x00000000000435f4        0x4 build/common/drivers/drv_i2c.o
 .text.clk_enable_by_id.isra.0
                0x00000000000435f8        0x4 build/common/drivers/drv_i2c.o
 .text.rockchip_rt_hw_i2c_init
                0x00000000000435fc       0x98 build/common/drivers/drv_i2c.o
                0x00000000000435fc                rockchip_rt_hw_i2c_init
 .text.rockchip_i2c_xfer
                0x0000000000043694      0x186 build/common/drivers/drv_i2c.o
 .text.pm_runtime_request
                0x000000000004381a        0x2 build/common/drivers/drv_pm.o
                0x000000000004381a                pm_runtime_request
 .text.pm_runtime_release
                0x000000000004381c        0x2 build/common/drivers/drv_pm.o
                0x000000000004381c                pm_runtime_release
 .text.write_log_to_ram
                0x000000000004381e       0x70 build/common/drivers/drv_pstore.o
 .text.pstore_dev_init
                0x000000000004388e       0x54 build/common/drivers/drv_pstore.o
 .text.rockchip_rt_hw_pwm_init
                0x00000000000438e2       0x8a build/common/drivers/drv_pwm.o
                0x00000000000438e2                rockchip_rt_hw_pwm_init
 .text.rockchip_pwm_control
                0x000000000004396c       0xbe build/common/drivers/drv_pwm.o
 .text.rk_saradc_init
                0x0000000000043a2a       0x8e build/common/drivers/drv_saradc.o
 .text.rk_get_saradc_value
                0x0000000000043ab8       0x64 build/common/drivers/drv_saradc.o
 .text.rk_saradc_irq_handler
                0x0000000000043b1c       0x2a build/common/drivers/drv_saradc.o
 .text.rk_isp_rx_indicate
                0x0000000000043b46        0x4 build/common/drivers/isp3/drv_isp3.o
                0x0000000000043b46                rk_isp_rx_indicate
 .text.__enqueue_in_driver
                0x0000000000043b4a       0x40 build/common/drivers/isp3/drv_isp3.o
 .text.rk_isp_find_valid_buf
                0x0000000000043b8a       0x96 build/common/drivers/isp3/drv_isp3.o
 .text.rk_isp_open
                0x0000000000043c20      0x180 build/common/drivers/isp3/drv_isp3.o
                0x0000000000043c20                rk_isp_open
 .text.rk_isp_close
                0x0000000000043da0       0x9a build/common/drivers/isp3/drv_isp3.o
                0x0000000000043da0                rk_isp_close
 .text.rk_irq_handler_mipi
                0x0000000000043e3a       0x10 build/common/drivers/isp3/drv_isp3.o
 .text.rk_irq_handler_isp
                0x0000000000043e4a       0x30 build/common/drivers/isp3/drv_isp3.o
 .text.rk_isp_ctrl_get_subdev
                0x0000000000043e7a       0x4a build/common/drivers/isp3/drv_isp3.o
 .text.rk_device_isp_init
                0x0000000000043ec4      0x1dc build/common/drivers/isp3/drv_isp3.o
                0x0000000000043ec4                rk_device_isp_init
 .text.rk_isp_videobuf_done.constprop.0
                0x00000000000440a0       0x9e build/common/drivers/isp3/drv_isp3.o
 .text.rk_irq_handler_mi
                0x000000000004413e       0xba build/common/drivers/isp3/drv_isp3.o
 .text.rk_isp_init
                0x00000000000441f8      0x12a build/common/drivers/isp3/drv_isp3.o
                0x00000000000441f8                rk_isp_init
 .text.fcc_xysubs
                0x0000000000044322       0xc8 build/common/drivers/isp3/drv_isp3.o
                0x0000000000044322                fcc_xysubs
 .text.rk_isp_ctrl_qbuf
                0x00000000000443ea      0x13c build/common/drivers/isp3/drv_isp3.o
                0x00000000000443ea                rk_isp_ctrl_qbuf
 .text.rk_isp_ctrl_dqbuf
                0x0000000000044526      0x14e build/common/drivers/isp3/drv_isp3.o
                0x0000000000044526                rk_isp_ctrl_dqbuf
 .text.rk_isp_ctrl_stream_on
                0x0000000000044674      0x564 build/common/drivers/isp3/drv_isp3.o
                0x0000000000044674                rk_isp_ctrl_stream_on
 .text.rk_isp_ctrl_stream_off
                0x0000000000044bd8      0x1c8 build/common/drivers/isp3/drv_isp3.o
                0x0000000000044bd8                rk_isp_ctrl_stream_off
 .text.rk_isp_control
                0x0000000000044da0      0x6fc build/common/drivers/isp3/drv_isp3.o
                0x0000000000044da0                rk_isp_control
 .text.rk_isp_hw_mipi_lvds_dphy_init
                0x000000000004549c      0x258 build/common/drivers/isp3/drv_isp3_subdev.o
                0x000000000004549c                rk_isp_hw_mipi_lvds_dphy_init
 .text.rk_isp_hw_mipi_lvds_dphy_reinit
                0x00000000000456f4       0x26 build/common/drivers/isp3/drv_isp3_subdev.o
                0x00000000000456f4                rk_isp_hw_mipi_lvds_dphy_reinit
 .text.rk_isp_hw_csi_host_init
                0x000000000004571a       0x7a build/common/drivers/isp3/drv_isp3_subdev.o
                0x000000000004571a                rk_isp_hw_csi_host_init
 .text.rk_isp_hw_csi_host_reinit
                0x0000000000045794       0x68 build/common/drivers/isp3/drv_isp3_subdev.o
                0x0000000000045794                rk_isp_hw_csi_host_reinit
 .text.rk_isp_hw_vicap_init
                0x00000000000457fc       0xe2 build/common/drivers/isp3/drv_isp3_subdev.o
                0x00000000000457fc                rk_isp_hw_vicap_init
 .text.rk_isp_hw_vicap_reinit
                0x00000000000458de        0xe build/common/drivers/isp3/drv_isp3_subdev.o
                0x00000000000458de                rk_isp_hw_vicap_reinit
 .text.isp_awbgain_cfg
                0x00000000000458ec       0x32 build/common/drivers/isp3/drv_isp_module.o
 .text.rk_isp_isr
                0x000000000004591e      0x18e build/common/drivers/isp3/drv_isp_module.o
                0x000000000004591e                rk_isp_isr
 .text.rk_isp_module_init
                0x0000000000045aac      0x19e build/common/drivers/isp3/drv_isp_module.o
                0x0000000000045aac                rk_isp_module_init
 .text.rk_isp_set_params
                0x0000000000045c4a       0x38 build/common/drivers/isp3/drv_isp_module.o
                0x0000000000045c4a                rk_isp_set_params
 .text.rk_isp_get_stat
                0x0000000000045c82       0x76 build/common/drivers/isp3/drv_isp_module.o
                0x0000000000045c82                rk_isp_get_stat
 .text.rk_isp_control
                0x0000000000045cf8        0x6 build/common/drivers/isp3/isp3.o
 .text.rk_isp_init
                0x0000000000045cfe        0xc build/common/drivers/isp3/isp3.o
 .text.rk_isp_open
                0x0000000000045d0a        0xe build/common/drivers/isp3/isp3.o
 .text.rk_isp_close
                0x0000000000045d18        0xc build/common/drivers/isp3/isp3.o
 .text.rk_isp_controller_register
                0x0000000000045d24       0x44 build/common/drivers/isp3/isp3.o
                0x0000000000045d24                rk_isp_controller_register
 .text.rk_clk_enable1
                0x0000000000045d68        0x4 build/common/drivers/isp3/isp3_external.o
                0x0000000000045d68                rk_clk_enable1
 .text.rk_camera_control
                0x0000000000045d6c       0x30 build/common/drivers/camera/camera.o
 .text.rk_camera_init
                0x0000000000045d9c        0xe build/common/drivers/camera/camera.o
 .text.rk_camera_open
                0x0000000000045daa       0x10 build/common/drivers/camera/camera.o
 .text.rk_camera_close
                0x0000000000045dba        0xe build/common/drivers/camera/camera.o
 .text.rk_rtthread_camera_register
                0x0000000000045dc8       0x44 build/common/drivers/camera/camera.o
                0x0000000000045dc8                rk_rtthread_camera_register
 .text.rk_camera_register
                0x0000000000045e0c        0x2 build/common/drivers/camera/camera.o
                0x0000000000045e0c                rk_camera_register
 .text.rk_sc3338_init
                0x0000000000045e0e       0x80 build/common/drivers/camera/drv_sc3338.o
                0x0000000000045e0e                rk_sc3338_init
 .text.rk_sc3338_open
                0x0000000000045e8e        0x4 build/common/drivers/camera/drv_sc3338.o
 .text.sc3338_write_reg
                0x0000000000045e92       0xa0 build/common/drivers/camera/drv_sc3338.o
 .text.rk_camera_sc3338_init
                0x0000000000045f32      0x3b4 build/common/drivers/camera/drv_sc3338.o
                0x0000000000045f32                rk_camera_sc3338_init
 .text.rk_sc3338_set_flip_mirror
                0x00000000000462e6       0xdc build/common/drivers/camera/drv_sc3338.o
 .text.rk_sc3338_set_expval
                0x00000000000463c2      0x212 build/common/drivers/camera/drv_sc3338.o
 .text.sc3338_write_multiple_reg_continue.isra.0
                0x00000000000465d4       0xc8 build/common/drivers/camera/drv_sc3338.o
 .text.rk_sc3338_control
                0x000000000004669c      0x702 build/common/drivers/camera/drv_sc3338.o
                0x000000000004669c                rk_sc3338_control
 .text.rk_semaphore_take
                0x0000000000046d9e        0x4 build/common/drivers/camera/adapter/adapter.o
                0x0000000000046d9e                rk_semaphore_take
 .text.rk_semaphore_release
                0x0000000000046da2        0x4 build/common/drivers/camera/adapter/adapter.o
                0x0000000000046da2                rk_semaphore_release
 .text.rk_semaphore_delete
                0x0000000000046da6        0x4 build/common/drivers/camera/adapter/adapter.o
                0x0000000000046da6                rk_semaphore_delete
 .text.rk_mem_free
                0x0000000000046daa        0x2 build/common/drivers/camera/adapter/adapter.o
                0x0000000000046daa                rk_mem_free
 .text.rk_dma_free_large
                0x0000000000046dac        0x2 build/common/drivers/camera/adapter/adapter.o
                0x0000000000046dac                rk_dma_free_large
 .text.rk_find_device
                0x0000000000046dae        0x4 build/common/drivers/camera/adapter/adapter.o
                0x0000000000046dae                rk_find_device
 .text.rk_device_close
                0x0000000000046db2        0x4 build/common/drivers/camera/adapter/adapter.o
                0x0000000000046db2                rk_device_close
 .text.rk_device_open
                0x0000000000046db6        0x4 build/common/drivers/camera/adapter/adapter.o
                0x0000000000046db6                rk_device_open
 .text.rk_device_control
                0x0000000000046dba        0x4 build/common/drivers/camera/adapter/adapter.o
                0x0000000000046dba                rk_device_control
 .text.rk_strlen
                0x0000000000046dbe        0x4 build/common/drivers/camera/adapter/adapter.o
                0x0000000000046dbe                rk_strlen
 .text.rk_strstr
                0x0000000000046dc2        0x4 build/common/drivers/camera/adapter/adapter.o
                0x0000000000046dc2                rk_strstr
 .text.rk_strncmp
                0x0000000000046dc6        0x4 build/common/drivers/camera/adapter/adapter.o
                0x0000000000046dc6                rk_strncmp
 .text.sensor_vs_cb
                0x0000000000046dca       0x24 build/applications/battery-ipc/fast_ae.o
 .text.exp_thread
                0x0000000000046dee       0xc2 build/applications/battery-ipc/fast_ae.o
 .text.ircut_switch.part.0
                0x0000000000046eb0       0x1e build/applications/battery-ipc/fast_ae.o
 .text.calibdbV2_get_module_ptr.constprop.0
                0x0000000000046ece       0x5a build/applications/battery-ipc/fast_ae.o
 .text.ircut_switch
                0x0000000000046f28       0x30 build/applications/battery-ipc/fast_ae.o
                0x0000000000046f28                ircut_switch
 .text.start_ae
                0x0000000000046f58       0xf0 build/applications/battery-ipc/fast_ae.o
                0x0000000000046f58                start_ae
 .text.stop_ae  0x0000000000047048      0x5f6 build/applications/battery-ipc/fast_ae.o
                0x0000000000047048                stop_ae
 .text.isae_match
                0x000000000004763e       0x12 build/applications/battery-ipc/fast_ae.o
                0x000000000004763e                isae_match
 .text.isae_over_range
                0x0000000000047650       0x12 build/applications/battery-ipc/fast_ae.o
                0x0000000000047650                isae_over_range
 .text.get_expinfo
                0x0000000000047662       0x78 build/applications/battery-ipc/fast_ae.o
                0x0000000000047662                get_expinfo
 .text.fast_ae_set_max_frame
                0x00000000000476da        0xe build/applications/battery-ipc/fast_ae.o
                0x00000000000476da                fast_ae_set_max_frame
 .text.fast_ae_get_max_frame
                0x00000000000476e8        0xa build/applications/battery-ipc/fast_ae.o
                0x00000000000476e8                fast_ae_get_max_frame
 .text.parse_meta_params
                0x00000000000476f2      0x48e build/applications/battery-ipc/fast_ae.o
                0x00000000000476f2                parse_meta_params
 .text.read_lux_adc
                0x0000000000047b80       0xfc build/applications/battery-ipc/fast_ae.o
                0x0000000000047b80                read_lux_adc
 .text.read_night_adc
                0x0000000000047c7c       0x8c build/applications/battery-ipc/fast_ae.o
                0x0000000000047c7c                read_night_adc
 .text.read_digital_lux
                0x0000000000047d08       0xa0 build/applications/battery-ipc/fast_ae.o
                0x0000000000047d08                read_digital_lux
 .text.set_night_mode
                0x0000000000047da8      0x28a build/applications/battery-ipc/fast_ae.o
                0x0000000000047da8                set_night_mode
 .text.set_ae_init
                0x0000000000048032      0x1be build/applications/battery-ipc/fast_ae.o
                0x0000000000048032                set_ae_init
 .text.secondary_config
                0x00000000000481f0       0xbe build/applications/battery-ipc/fast_ae.o
                0x00000000000481f0                secondary_config
 .text.set_params
                0x00000000000482ae        0x8 build/applications/battery-ipc/fast_ae.o
                0x00000000000482ae                set_params
 .text.soft_lux_night_mode
                0x00000000000482b6      0x252 build/applications/battery-ipc/fast_ae.o
                0x00000000000482b6                soft_lux_night_mode
 .text.calculate_ae
                0x0000000000048508      0x334 build/applications/battery-ipc/fast_ae.o
 .text.calculate_awb
                0x000000000004883c       0xd2 build/applications/battery-ipc/fast_ae.o
 .text.stat_thread
                0x000000000004890e      0x20e build/applications/battery-ipc/fast_ae.o
 .text.set_firstae
                0x0000000000048b1c      0x2e0 build/applications/battery-ipc/fast_ae.o
                0x0000000000048b1c                set_firstae
 .text.rkaiq_parse_bin_map
                0x0000000000048dfc       0x26 build/applications/battery-ipc/rkaiq_calib.o
                0x0000000000048dfc                rkaiq_parse_bin_map
 .text.rkaiq_calib_load
                0x0000000000048e22       0x1e build/applications/battery-ipc/rkaiq_calib.o
                0x0000000000048e22                rkaiq_calib_load
 .text.rkaiq_get_default_calib
                0x0000000000048e40       0xee build/applications/battery-ipc/rkaiq_calib.o
                0x0000000000048e40                rkaiq_get_default_calib
 .text.rkaiq_get_night_calib
                0x0000000000048f2e       0xc8 build/applications/battery-ipc/rkaiq_calib.o
                0x0000000000048f2e                rkaiq_get_night_calib
 .text.bin2calib
                0x0000000000048ff6      0x146 build/applications/battery-ipc/rkaiq_calib.o
                0x0000000000048ff6                bin2calib
 .text.blc_select_params_by_iso_v32
                0x000000000004913c      0x1f6 build/applications/battery-ipc/rkaiq_parse_iq.o
 .text.UtlFloatToFix.constprop.0
                0x0000000000049332       0x46 build/applications/battery-ipc/rkaiq_parse_iq.o
 .text.calibdbV2_get_module_ptr.constprop.0
                0x0000000000049378       0x8e build/applications/battery-ipc/rkaiq_parse_iq.o
 .text.blc_json_param_init_v32.isra.0
                0x0000000000049406       0x78 build/applications/battery-ipc/rkaiq_parse_iq.o
 .text.bayer2dnr_init_params_json_v23
                0x000000000004947e      0x166 build/applications/battery-ipc/rkaiq_parse_iq.o
                0x000000000004947e                bayer2dnr_init_params_json_v23
 .text.calculate_bayernr
                0x00000000000495e4      0x80e build/applications/battery-ipc/rkaiq_parse_iq.o
                0x00000000000495e4                calculate_bayernr
 .text.bayertnr_init_params_json_v23
                0x0000000000049df2      0x220 build/applications/battery-ipc/rkaiq_parse_iq.o
                0x0000000000049df2                bayertnr_init_params_json_v23
 .text.calculate_bayertnr
                0x000000000004a012      0x862 build/applications/battery-ipc/rkaiq_parse_iq.o
                0x000000000004a012                calculate_bayertnr
 .text.blc_init_params_json_v23
                0x000000000004a874       0x78 build/applications/battery-ipc/rkaiq_parse_iq.o
                0x000000000004a874                blc_init_params_json_v23
 .text.calculate_blc
                0x000000000004a8ec      0x726 build/applications/battery-ipc/rkaiq_parse_iq.o
                0x000000000004a8ec                calculate_blc
 .text.set_awb_params_for_kernel
                0x000000000004b012      0x560 build/applications/battery-ipc/rkaiq_parse_iq.o
                0x000000000004b012                set_awb_params_for_kernel
 .text.set_rawae_params_for_kernel
                0x000000000004b572      0x26a build/applications/battery-ipc/rkaiq_parse_iq.o
                0x000000000004b572                set_rawae_params_for_kernel
 .text.set_rawhist_params_for_kernel
                0x000000000004b7dc      0x422 build/applications/battery-ipc/rkaiq_parse_iq.o
                0x000000000004b7dc                set_rawhist_params_for_kernel
 .text.set_awbgain_params_for_kernel
                0x000000000004bbfe      0x254 build/applications/battery-ipc/rkaiq_parse_iq.o
                0x000000000004bbfe                set_awbgain_params_for_kernel
 .text.set_hdr_params_for_kernel
                0x000000000004be52      0x3c2 build/applications/battery-ipc/rkaiq_parse_iq.o
                0x000000000004be52                set_hdr_params_for_kernel
 .text.set_drc_params_for_kernel
                0x000000000004c214      0x3b2 build/applications/battery-ipc/rkaiq_parse_iq.o
                0x000000000004c214                set_drc_params_for_kernel
 .text.set_isp_params_for_kernel
                0x000000000004c5c6      0x364 build/applications/battery-ipc/rkaiq_parse_iq.o
                0x000000000004c5c6                set_isp_params_for_kernel
 .text.parse_ae_params
                0x000000000004c92a      0xa6c build/applications/battery-ipc/rkaiq_parse_iq.o
                0x000000000004c92a                parse_ae_params
 .text.set_bay3d_params_for_rtt
                0x000000000004d396      0x1b0 build/applications/battery-ipc/rkaiq_parse_iq.o
                0x000000000004d396                set_bay3d_params_for_rtt
 .text.sec_camera_init_thread
                0x000000000004d546       0x84 build/applications/battery-ipc/stream.o
 .text.firstae_thread
                0x000000000004d5ca       0x3a build/applications/battery-ipc/stream.o
 .text.isp_stream
                0x000000000004d604      0x984 build/applications/battery-ipc/stream.o
 .text.rt_init_thread_entry
                0x000000000004df88        0x2 build/applications/start_app/application.o
 .text.rt_application_init
                0x000000000004df8a       0x46 build/applications/start_app/application.o
                0x000000000004df8a                rt_application_init
 .text.rt_system_tick_init
                0x000000000004dfd0        0x2 build/kernel/src/clock.o
                0x000000000004dfd0                rt_system_tick_init
 .text.rt_tick_get
                0x000000000004dfd2        0xa build/kernel/src/clock.o
                0x000000000004dfd2                rt_tick_get
 .text.rt_tick_increase
                0x000000000004dfdc       0x2e build/kernel/src/clock.o
                0x000000000004dfdc                rt_tick_increase
 .text.rt_tick_from_millisecond
                0x000000000004e00a       0x1a build/kernel/src/clock.o
                0x000000000004e00a                rt_tick_from_millisecond
 .text.rti_start
                0x000000000004e024        0x4 build/kernel/src/components.o
 .text.rti_end  0x000000000004e028        0x4 build/kernel/src/components.o
 .text.rti_board_start
                0x000000000004e02c        0x4 build/kernel/src/components.o
 .text.rti_board_end
                0x000000000004e030        0x4 build/kernel/src/components.o
 .text.rt_components_board_init
                0x000000000004e034       0x2e build/kernel/src/components.o
                0x000000000004e034                rt_components_board_init
 .text.rt_components_init
                0x000000000004e062       0x2e build/kernel/src/components.o
                0x000000000004e062                rt_components_init
 .text.rt_device_find
                0x000000000004e090       0x6a build/kernel/src/device.o
                0x000000000004e090                rt_device_find
 .text.rt_device_register
                0x000000000004e0fa       0x46 build/kernel/src/device.o
                0x000000000004e0fa                rt_device_register
 .text.rt_device_init
                0x000000000004e140       0x46 build/kernel/src/device.o
                0x000000000004e140                rt_device_init
 .text.rt_device_open
                0x000000000004e186       0x96 build/kernel/src/device.o
                0x000000000004e186                rt_device_open
 .text.rt_device_close
                0x000000000004e21c       0x44 build/kernel/src/device.o
                0x000000000004e21c                rt_device_close
 .text.rt_device_write
                0x000000000004e260       0x26 build/kernel/src/device.o
                0x000000000004e260                rt_device_write
 .text.rt_device_control
                0x000000000004e286        0xa build/kernel/src/device.o
                0x000000000004e286                rt_device_control
 .text.rt_device_set_rx_indicate
                0x000000000004e290        0x6 build/kernel/src/device.o
                0x000000000004e290                rt_device_set_rx_indicate
 .text.rt_thread_idle_excute
                0x000000000004e296       0x98 build/kernel/src/idle.o
                0x000000000004e296                rt_thread_idle_excute
 .text.rt_thread_idle_entry
                0x000000000004e32e       0x2a build/kernel/src/idle.o
 .text.rt_thread_idle_init
                0x000000000004e358       0x44 build/kernel/src/idle.o
                0x000000000004e358                rt_thread_idle_init
 .text.rt_ipc_list_resume_all.isra.0
                0x000000000004e39c       0x3a build/kernel/src/ipc.o
 .text.rt_ipc_list_resume.isra.0
                0x000000000004e3d6        0x6 build/kernel/src/ipc.o
 .text.rt_ipc_list_suspend.isra.0
                0x000000000004e3dc       0x62 build/kernel/src/ipc.o
 .text.rt_sem_init
                0x000000000004e43e       0x36 build/kernel/src/ipc.o
                0x000000000004e43e                rt_sem_init
 .text.rt_sem_create
                0x000000000004e474       0x30 build/kernel/src/ipc.o
                0x000000000004e474                rt_sem_create
 .text.rt_sem_delete
                0x000000000004e4a4       0x1e build/kernel/src/ipc.o
                0x000000000004e4a4                rt_sem_delete
 .text.rt_sem_take
                0x000000000004e4c2       0xa0 build/kernel/src/ipc.o
                0x000000000004e4c2                rt_sem_take
 .text.rt_sem_release
                0x000000000004e562       0x52 build/kernel/src/ipc.o
                0x000000000004e562                rt_sem_release
 .text.rt_mutex_init
                0x000000000004e5b4       0x38 build/kernel/src/ipc.o
                0x000000000004e5b4                rt_mutex_init
 .text.rt_mutex_create
                0x000000000004e5ec       0x32 build/kernel/src/ipc.o
                0x000000000004e5ec                rt_mutex_create
 .text.rt_mutex_delete
                0x000000000004e61e       0x1e build/kernel/src/ipc.o
                0x000000000004e61e                rt_mutex_delete
 .text.rt_mutex_take
                0x000000000004e63c       0xfa build/kernel/src/ipc.o
                0x000000000004e63c                rt_mutex_take
 .text.rt_mutex_release
                0x000000000004e736       0xca build/kernel/src/ipc.o
                0x000000000004e736                rt_mutex_release
 .text.rt_event_init
                0x000000000004e800       0x30 build/kernel/src/ipc.o
                0x000000000004e800                rt_event_init
 .text.rt_event_send
                0x000000000004e830       0xa8 build/kernel/src/ipc.o
                0x000000000004e830                rt_event_send
 .text.rt_event_recv
                0x000000000004e8d8      0x100 build/kernel/src/ipc.o
                0x000000000004e8d8                rt_event_recv
 .text.rt_interrupt_enter
                0x000000000004e9d8       0x32 build/kernel/src/irq.o
                0x000000000004e9d8                rt_interrupt_enter
 .text.rt_interrupt_leave
                0x000000000004ea0a       0x32 build/kernel/src/irq.o
                0x000000000004ea0a                rt_interrupt_leave
 .text.rt_interrupt_get_nest
                0x000000000004ea3c        0xa build/kernel/src/irq.o
                0x000000000004ea3c                rt_interrupt_get_nest
 .text.print_number
                0x000000000004ea46      0x19e build/kernel/src/kservice.o
 .text.rt_set_errno
                0x000000000004ebe4       0x28 build/kernel/src/kservice.o
                0x000000000004ebe4                rt_set_errno
 .text.rt_memset
                0x000000000004ec0c       0x84 build/kernel/src/kservice.o
                0x000000000004ec0c                rt_memset
 .text.rt_memcpy
                0x000000000004ec90       0xae build/kernel/src/kservice.o
                0x000000000004ec90                rt_memcpy
 .text.rt_memcmp
                0x000000000004ed3e       0x28 build/kernel/src/kservice.o
                0x000000000004ed3e                rt_memcmp
 .text.rt_strncpy
                0x000000000004ed66       0x2e build/kernel/src/kservice.o
                0x000000000004ed66                rt_strncpy
 .text.rt_strncmp
                0x000000000004ed94       0x30 build/kernel/src/kservice.o
                0x000000000004ed94                rt_strncmp
 .text.rt_strlen
                0x000000000004edc4       0x12 build/kernel/src/kservice.o
                0x000000000004edc4                rt_strlen
 .text.rt_strstr
                0x000000000004edd6       0x54 build/kernel/src/kservice.o
                0x000000000004edd6                rt_strstr
 .text.rt_vsnprintf
                0x000000000004ee2a      0x3a8 build/kernel/src/kservice.o
                0x000000000004ee2a                rt_vsnprintf
 .text.rt_console_get_device
                0x000000000004f1d2        0xa build/kernel/src/kservice.o
                0x000000000004f1d2                rt_console_get_device
 .text.rt_console_set_device
                0x000000000004f1dc       0x40 build/kernel/src/kservice.o
                0x000000000004f1dc                rt_console_set_device
 .text.rt_hw_console_output
                0x000000000004f21c        0x2 build/kernel/src/kservice.o
                0x000000000004f21c                rt_hw_console_output
 .text.rt_console_set_output_hook
                0x000000000004f21e        0xa build/kernel/src/kservice.o
                0x000000000004f21e                rt_console_set_output_hook
 .text.rt_kprintf
                0x000000000004f228       0x9e build/kernel/src/kservice.o
                0x000000000004f228                rt_kprintf
 .text.__rt_ffs
                0x000000000004f2c6       0x58 build/kernel/src/kservice.o
                0x000000000004f2c6                __rt_ffs
 .text.plug_holes
                0x000000000004f31e       0x6c build/kernel/src/mem.o
 .text.rt_system_heap_init
                0x000000000004f38a       0x96 build/kernel/src/mem.o
                0x000000000004f38a                rt_system_heap_init
 .text.rt_malloc
                0x000000000004f420      0x154 build/kernel/src/mem.o
                0x000000000004f420                rt_malloc
 .text.rt_calloc
                0x000000000004f574       0x28 build/kernel/src/mem.o
                0x000000000004f574                rt_calloc
 .text.rt_free  0x000000000004f59c       0xe2 build/kernel/src/mem.o
                0x000000000004f59c                rt_free
 .text.rt_system_object_init
                0x000000000004f67e        0x2 build/kernel/src/object.o
                0x000000000004f67e                rt_system_object_init
 .text.rt_object_get_information
                0x000000000004f680       0x28 build/kernel/src/object.o
                0x000000000004f680                rt_object_get_information
 .text.rt_object_init
                0x000000000004f6a8       0x5a build/kernel/src/object.o
                0x000000000004f6a8                rt_object_init
 .text.rt_object_detach
                0x000000000004f702       0x36 build/kernel/src/object.o
                0x000000000004f702                rt_object_detach
 .text.rt_object_allocate
                0x000000000004f738       0x70 build/kernel/src/object.o
                0x000000000004f738                rt_object_allocate
 .text.rt_object_delete
                0x000000000004f7a8       0x3c build/kernel/src/object.o
                0x000000000004f7a8                rt_object_delete
 .text.rt_object_is_systemobject
                0x000000000004f7e4        0x8 build/kernel/src/object.o
                0x000000000004f7e4                rt_object_is_systemobject
 .text.rt_system_scheduler_init
                0x000000000004f7ec       0x4a build/kernel/src/scheduler.o
                0x000000000004f7ec                rt_system_scheduler_init
 .text.rt_system_scheduler_start
                0x000000000004f836       0x36 build/kernel/src/scheduler.o
                0x000000000004f836                rt_system_scheduler_start
 .text.rt_schedule
                0x000000000004f86c       0xd6 build/kernel/src/scheduler.o
                0x000000000004f86c                rt_schedule
 .text.rt_schedule_insert_thread
                0x000000000004f942       0x54 build/kernel/src/scheduler.o
                0x000000000004f942                rt_schedule_insert_thread
 .text.rt_schedule_remove_thread
                0x000000000004f996       0x52 build/kernel/src/scheduler.o
                0x000000000004f996                rt_schedule_remove_thread
 .text.rt_enter_critical
                0x000000000004f9e8       0x22 build/kernel/src/scheduler.o
                0x000000000004f9e8                rt_enter_critical
 .text.rt_exit_critical
                0x000000000004fa0a       0x3e build/kernel/src/scheduler.o
                0x000000000004fa0a                rt_exit_critical
 .text.rt_thread_exit
                0x000000000004fa48       0x68 build/kernel/src/thread.o
                0x000000000004fa48                rt_thread_exit
 .text.rt_thread_timeout
                0x000000000004fab0       0x24 build/kernel/src/thread.o
                0x000000000004fab0                rt_thread_timeout
 .text._rt_thread_init.constprop.0
                0x000000000004fad4       0x98 build/kernel/src/thread.o
 .text.rt_thread_init
                0x000000000004fb6c       0x3c build/kernel/src/thread.o
                0x000000000004fb6c                rt_thread_init
 .text.rt_thread_self
                0x000000000004fba8        0xa build/kernel/src/thread.o
                0x000000000004fba8                rt_thread_self
 .text.rt_thread_create
                0x000000000004fbb2       0x5e build/kernel/src/thread.o
                0x000000000004fbb2                rt_thread_create
 .text.rt_thread_delete
                0x000000000004fc10       0x54 build/kernel/src/thread.o
                0x000000000004fc10                rt_thread_delete
 .text.rt_thread_yield
                0x000000000004fc64       0x66 build/kernel/src/thread.o
                0x000000000004fc64                rt_thread_yield
 .text.rt_thread_suspend
                0x000000000004fcca       0x5c build/kernel/src/thread.o
                0x000000000004fcca                rt_thread_suspend
 .text.rt_thread_resume
                0x000000000004fd26       0x5e build/kernel/src/thread.o
                0x000000000004fd26                rt_thread_resume
 .text.rt_thread_startup
                0x000000000004fd84       0x34 build/kernel/src/thread.o
                0x000000000004fd84                rt_thread_startup
 .text.rt_thread_control
                0x000000000004fdb8       0x98 build/kernel/src/thread.o
                0x000000000004fdb8                rt_thread_control
 .text._rt_timer_remove
                0x000000000004fe50       0x12 build/kernel/src/timer.o
 .text.rt_timer_init
                0x000000000004fe62       0x4e build/kernel/src/timer.o
                0x000000000004fe62                rt_timer_init
 .text.rt_timer_detach
                0x000000000004feb0       0x2a build/kernel/src/timer.o
                0x000000000004feb0                rt_timer_detach
 .text.rt_timer_start
                0x000000000004feda       0x9a build/kernel/src/timer.o
                0x000000000004feda                rt_timer_start
 .text.rt_timer_stop
                0x000000000004ff74       0x46 build/kernel/src/timer.o
                0x000000000004ff74                rt_timer_stop
 .text.rt_timer_control
                0x000000000004ffba       0x3e build/kernel/src/timer.o
                0x000000000004ffba                rt_timer_control
 .text.rt_timer_check
                0x000000000004fff8       0xb0 build/kernel/src/timer.o
                0x000000000004fff8                rt_timer_check
 .text.rt_system_timer_init
                0x00000000000500a8        0xe build/kernel/src/timer.o
                0x00000000000500a8                rt_system_timer_init
 .text.rt_system_timer_thread_init
                0x00000000000500b6        0x2 build/kernel/src/timer.o
                0x00000000000500b6                rt_system_timer_thread_init
 .text.print_stack_frame
                0x00000000000500b8      0x1e0 build/kernel/libcpu/risc-v/scr1/interrupt.o
                0x00000000000500b8                print_stack_frame
 .text.handle_trap
                0x0000000000050298      0x1fa build/kernel/libcpu/risc-v/scr1/interrupt.o
                0x0000000000050298                handle_trap
 .text.rt_hw_interrupt_init
                0x0000000000050492       0x1c build/kernel/libcpu/risc-v/scr1/interrupt.o
                0x0000000000050492                rt_hw_interrupt_init
 .text.rt_hw_interrupt_mask
                0x00000000000504ae        0x4 build/kernel/libcpu/risc-v/scr1/interrupt.o
                0x00000000000504ae                rt_hw_interrupt_mask
 .text.rt_hw_interrupt_umask
                0x00000000000504b2        0x4 build/kernel/libcpu/risc-v/scr1/interrupt.o
                0x00000000000504b2                rt_hw_interrupt_umask
 .text.rt_hw_interrupt_install
                0x00000000000504b6       0x34 build/kernel/libcpu/risc-v/scr1/interrupt.o
                0x00000000000504b6                rt_hw_interrupt_install
 .text.rt_soft_interrupt_install
                0x00000000000504ea       0x14 build/kernel/libcpu/risc-v/scr1/interrupt.o
                0x00000000000504ea                rt_soft_interrupt_install
 .text.rt_hw_stack_init
                0x00000000000504fe       0x34 build/kernel/libcpu/risc-v/scr1/stack.o
                0x00000000000504fe                rt_hw_stack_init
 .text          0x0000000000050532      0x13e build/kernel/libcpu/risc-v/scr1/context_gcc.o
                0x0000000000050532                rt_hw_interrupt_disable
                0x0000000000050538                rt_hw_interrupt_enable
                0x000000000005053e                rt_hw_context_switch
                0x00000000000505e8                rt_hw_context_switch_to
                0x0000000000050638                rt_hw_context_switch_interrupt
 *fill*         0x0000000000050670       0x10 
 .text.entry    0x0000000000050680       0xf6 build/kernel/libcpu/risc-v/scr1/entry_gcc.o
                0x0000000000050680                trap_entry
 .text.libc_system_init
                0x0000000000050776        0x4 build/kernel/components/libc/compilers/newlib/libc.o
                0x0000000000050776                libc_system_init
 .text._close_r
                0x000000000005077a        0x4 build/kernel/components/libc/compilers/newlib/syscalls.o
                0x000000000005077a                _close_r
 .text._fstat_r
                0x000000000005077e        0xa build/kernel/components/libc/compilers/newlib/syscalls.o
                0x000000000005077e                _fstat_r
 .text._isatty_r
                0x0000000000050788       0x14 build/kernel/components/libc/compilers/newlib/syscalls.o
                0x0000000000050788                _isatty_r
 .text._lseek_r
                0x000000000005079c        0x4 build/kernel/components/libc/compilers/newlib/syscalls.o
                0x000000000005079c                _lseek_r
 .text._read_r  0x00000000000507a0        0x4 build/kernel/components/libc/compilers/newlib/syscalls.o
                0x00000000000507a0                _read_r
 .text._write_r
                0x00000000000507a4       0x4a build/kernel/components/libc/compilers/newlib/syscalls.o
                0x00000000000507a4                _write_r
 .text._malloc_r
                0x00000000000507ee       0x1c build/kernel/components/libc/compilers/newlib/syscalls.o
                0x00000000000507ee                _malloc_r
 .text._free_r  0x000000000005080a        0x6 build/kernel/components/libc/compilers/newlib/syscalls.o
                0x000000000005080a                _free_r
 .text.rt_completion_init
                0x0000000000050810       0x22 build/kernel/components/drivers/src/completion.o
                0x0000000000050810                rt_completion_init
 .text.rt_completion_wait
                0x0000000000050832       0x98 build/kernel/components/drivers/src/completion.o
                0x0000000000050832                rt_completion_wait
 .text.rt_completion_done
                0x00000000000508ca       0x5c build/kernel/components/drivers/src/completion.o
                0x00000000000508ca                rt_completion_done
 .text.rt_i2c_core_init
                0x0000000000050926        0x4 build/kernel/components/drivers/i2c/i2c_core.o
                0x0000000000050926                rt_i2c_core_init
 .text.rt_i2c_bus_device_register
                0x000000000005092a       0x36 build/kernel/components/drivers/i2c/i2c_core.o
                0x000000000005092a                rt_i2c_bus_device_register
 .text.rt_i2c_transfer
                0x0000000000050960       0x46 build/kernel/components/drivers/i2c/i2c_core.o
                0x0000000000050960                rt_i2c_transfer
 .text.rt_i2c_master_send
                0x00000000000509a6       0x30 build/kernel/components/drivers/i2c/i2c_core.o
                0x00000000000509a6                rt_i2c_master_send
 .text.rt_i2c_master_recv
                0x00000000000509d6       0x34 build/kernel/components/drivers/i2c/i2c_core.o
                0x00000000000509d6                rt_i2c_master_recv
 .text.i2c_bus_device_control
                0x0000000000050a0a       0x68 build/kernel/components/drivers/i2c/i2c_dev.o
 .text.i2c_bus_device_write
                0x0000000000050a72       0x12 build/kernel/components/drivers/i2c/i2c_dev.o
 .text.i2c_bus_device_read
                0x0000000000050a84       0x12 build/kernel/components/drivers/i2c/i2c_dev.o
 .text.rt_i2c_bus_device_device_init
                0x0000000000050a96       0x42 build/kernel/components/drivers/i2c/i2c_dev.o
                0x0000000000050a96                rt_i2c_bus_device_device_init
 .text._pin_control
                0x0000000000050ad8       0x22 build/kernel/components/drivers/misc/pin.o
 .text._pin_read
                0x0000000000050afa       0x32 build/kernel/components/drivers/misc/pin.o
 .text._pin_write
                0x0000000000050b2c       0x2e build/kernel/components/drivers/misc/pin.o
 .text.rt_device_pin_register
                0x0000000000050b5a       0x58 build/kernel/components/drivers/misc/pin.o
                0x0000000000050b5a                rt_device_pin_register
 .text._adc_read
                0x0000000000050bb2       0x48 build/kernel/components/drivers/misc/adc.o
 .text._adc_control
                0x0000000000050bfa       0x20 build/kernel/components/drivers/misc/adc.o
 .text.rt_hw_adc_register
                0x0000000000050c1a       0x32 build/kernel/components/drivers/misc/adc.o
                0x0000000000050c1a                rt_hw_adc_register
 .text.rt_adc_read
                0x0000000000050c4c       0x1a build/kernel/components/drivers/misc/adc.o
                0x0000000000050c4c                rt_adc_read
 .text._pwm_control
                0x0000000000050c66        0xc build/kernel/components/drivers/misc/rt_drv_pwm.o
 .text._pwm_read
                0x0000000000050c72       0x38 build/kernel/components/drivers/misc/rt_drv_pwm.o
 .text._pwm_write
                0x0000000000050caa       0x50 build/kernel/components/drivers/misc/rt_drv_pwm.o
 .text.rt_device_pwm_register
                0x0000000000050cfa       0x5e build/kernel/components/drivers/misc/rt_drv_pwm.o
                0x0000000000050cfa                rt_device_pwm_register
 .text.rt_pwm_enable
                0x0000000000050d58       0x22 build/kernel/components/drivers/misc/rt_drv_pwm.o
                0x0000000000050d58                rt_pwm_enable
 .text.rt_pwm_set
                0x0000000000050d7a       0x22 build/kernel/components/drivers/misc/rt_drv_pwm.o
                0x0000000000050d7a                rt_pwm_set
 .text.AecDampRatio
                0x0000000000050d9c      0x1b4 /home/cro/GitPull/luckfox-pico-update/luckfox-pico-update/sysdrv/source/mcu/rt-thread/applications/battery-ipc/libfastae_gcc.a(ae.o)
 .text.AecRegMapFloat.constprop.0.isra.0
                0x0000000000050f50      0x320 /home/cro/GitPull/luckfox-pico-update/luckfox-pico-update/sysdrv/source/mcu/rt-thread/applications/battery-ipc/libfastae_gcc.a(ae.o)
 .text.AecInit.isra.0
                0x0000000000051270      0x602 /home/cro/GitPull/luckfox-pico-update/luckfox-pico-update/sysdrv/source/mcu/rt-thread/applications/battery-ipc/libfastae_gcc.a(ae.o)
 .text.AecDcgConvForAIQ.isra.0
                0x0000000000051872       0x96 /home/cro/GitPull/luckfox-pico-update/luckfox-pico-update/sysdrv/source/mcu/rt-thread/applications/battery-ipc/libfastae_gcc.a(ae.o)
 .text.AecDcgConvertion.isra.0
                0x0000000000051908       0x56 /home/cro/GitPull/luckfox-pico-update/luckfox-pico-update/sysdrv/source/mcu/rt-thread/applications/battery-ipc/libfastae_gcc.a(ae.o)
 .text.AutoFpsForAIQ.isra.0
                0x000000000005195e       0xca /home/cro/GitPull/luckfox-pico-update/luckfox-pico-update/sysdrv/source/mcu/rt-thread/applications/battery-ipc/libfastae_gcc.a(ae.o)
 .text.AE_CalcNewExposure.isra.0
                0x0000000000051a28      0x11e /home/cro/GitPull/luckfox-pico-update/luckfox-pico-update/sysdrv/source/mcu/rt-thread/applications/battery-ipc/libfastae_gcc.a(ae.o)
 .text.EcmExecuteDirect.isra.0
                0x0000000000051b46      0x2fe /home/cro/GitPull/luckfox-pico-update/luckfox-pico-update/sysdrv/source/mcu/rt-thread/applications/battery-ipc/libfastae_gcc.a(ae.o)
 .text.EcmExecuteForAIQ.isra.0
                0x0000000000051e44      0x2d0 /home/cro/GitPull/luckfox-pico-update/luckfox-pico-update/sysdrv/source/mcu/rt-thread/applications/battery-ipc/libfastae_gcc.a(ae.o)
 .text.AecRegCalculation.isra.0
                0x0000000000052114      0x38c /home/cro/GitPull/luckfox-pico-update/luckfox-pico-update/sysdrv/source/mcu/rt-thread/applications/battery-ipc/libfastae_gcc.a(ae.o)
 .text.AecHdrDyTarget.isra.0
                0x00000000000524a0      0x14c /home/cro/GitPull/luckfox-pico-update/luckfox-pico-update/sysdrv/source/mcu/rt-thread/applications/battery-ipc/libfastae_gcc.a(ae.o)
 .text.AecHdrDyRatio.isra.0
                0x00000000000525ec      0x11c /home/cro/GitPull/luckfox-pico-update/luckfox-pico-update/sysdrv/source/mcu/rt-thread/applications/battery-ipc/libfastae_gcc.a(ae.o)
 .text.AecDynamicTarget.isra.0
                0x0000000000052708       0xc2 /home/cro/GitPull/luckfox-pico-update/luckfox-pico-update/sysdrv/source/mcu/rt-thread/applications/battery-ipc/libfastae_gcc.a(ae.o)
 .text.AecMeanLuma.isra.0
                0x00000000000527ca       0xfe /home/cro/GitPull/luckfox-pico-update/luckfox-pico-update/sysdrv/source/mcu/rt-thread/applications/battery-ipc/libfastae_gcc.a(ae.o)
 .text.DayOrNightStatus
                0x00000000000528c8      0x198 /home/cro/GitPull/luckfox-pico-update/luckfox-pico-update/sysdrv/source/mcu/rt-thread/applications/battery-ipc/libfastae_gcc.a(ae.o)
                0x00000000000528c8                DayOrNightStatus
 .text.FastAeInit
                0x0000000000052a60       0xc0 /home/cro/GitPull/luckfox-pico-update/luckfox-pico-update/sysdrv/source/mcu/rt-thread/applications/battery-ipc/libfastae_gcc.a(ae.o)
                0x0000000000052a60                FastAeInit
 .text.FastAeNightInit
                0x0000000000052b20       0x1a /home/cro/GitPull/luckfox-pico-update/luckfox-pico-update/sysdrv/source/mcu/rt-thread/applications/battery-ipc/libfastae_gcc.a(ae.o)
                0x0000000000052b20                FastAeNightInit
 .text.FastAeRelease
                0x0000000000052b3a        0x4 /home/cro/GitPull/luckfox-pico-update/luckfox-pico-update/sysdrv/source/mcu/rt-thread/applications/battery-ipc/libfastae_gcc.a(ae.o)
                0x0000000000052b3a                FastAeRelease
 .text.FastAeRun
                0x0000000000052b3e      0x83e /home/cro/GitPull/luckfox-pico-update/luckfox-pico-update/sysdrv/source/mcu/rt-thread/applications/battery-ipc/libfastae_gcc.a(ae.o)
                0x0000000000052b3e                FastAeRun
 .text.AdcTableCalcLux
                0x000000000005337c      0x116 /home/cro/GitPull/luckfox-pico-update/luckfox-pico-update/sysdrv/source/mcu/rt-thread/applications/battery-ipc/libfastae_gcc.a(ae.o)
                0x000000000005337c                AdcTableCalcLux
 .text.FastAeInitExpCalc
                0x0000000000053492      0x422 /home/cro/GitPull/luckfox-pico-update/luckfox-pico-update/sysdrv/source/mcu/rt-thread/applications/battery-ipc/libfastae_gcc.a(ae.o)
                0x0000000000053492                FastAeInitExpCalc
 .text.FastAeNightExpCalc
                0x00000000000538b4      0x33e /home/cro/GitPull/luckfox-pico-update/luckfox-pico-update/sysdrv/source/mcu/rt-thread/applications/battery-ipc/libfastae_gcc.a(ae.o)
                0x00000000000538b4                FastAeNightExpCalc
 .text.FastAeSecInit
                0x0000000000053bf2       0x60 /home/cro/GitPull/luckfox-pico-update/luckfox-pico-update/sysdrv/source/mcu/rt-thread/applications/battery-ipc/libfastae_gcc.a(ae.o)
                0x0000000000053bf2                FastAeSecInit
 .text.FastAeMainMapSec
                0x0000000000053c52      0x37c /home/cro/GitPull/luckfox-pico-update/luckfox-pico-update/sysdrv/source/mcu/rt-thread/applications/battery-ipc/libfastae_gcc.a(ae.o)
                0x0000000000053c52                FastAeMainMapSec
 .text.int_wbgain
                0x0000000000053fce       0x42 /home/cro/GitPull/luckfox-pico-update/luckfox-pico-update/sysdrv/source/mcu/rt-thread/applications/battery-ipc/libfastawb_gcc.a(awb.o)
                0x0000000000053fce                int_wbgain
 .text.calc_wbgain
                0x0000000000054010       0xbe /home/cro/GitPull/luckfox-pico-update/luckfox-pico-update/sysdrv/source/mcu/rt-thread/applications/battery-ipc/libfastawb_gcc.a(awb.o)
                0x0000000000054010                calc_wbgain
 .text.atoi     0x00000000000540ce        0x8 /home/cro/GitPull/luckfox-pico-update/luckfox-pico-update/sysdrv/source/mcu/prebuilts/gcc/linux-x86/riscv64/xpack-riscv-none-embed-gcc-10.2.0-1.2/bin/../lib/gcc/riscv-none-embed/10.2.0/../../../../riscv-none-embed/lib/rv32imc/ilp32/libc_nano.a(lib_a-atoi.o)
                0x00000000000540ce                atoi
 .text.__sflush_r
                0x00000000000540d6      0x148 /home/cro/GitPull/luckfox-pico-update/luckfox-pico-update/sysdrv/source/mcu/prebuilts/gcc/linux-x86/riscv64/xpack-riscv-none-embed-gcc-10.2.0-1.2/bin/../lib/gcc/riscv-none-embed/10.2.0/../../../../riscv-none-embed/lib/rv32imc/ilp32/libc_nano.a(lib_a-fflush.o)
                0x00000000000540d6                __sflush_r
 .text._fflush_r
                0x000000000005421e       0x66 /home/cro/GitPull/luckfox-pico-update/luckfox-pico-update/sysdrv/source/mcu/prebuilts/gcc/linux-x86/riscv64/xpack-riscv-none-embed-gcc-10.2.0-1.2/bin/../lib/gcc/riscv-none-embed/10.2.0/../../../../riscv-none-embed/lib/rv32imc/ilp32/libc_nano.a(lib_a-fflush.o)
                0x000000000005421e                _fflush_r
 .text.fileno   0x0000000000054284       0x72 /home/cro/GitPull/luckfox-pico-update/luckfox-pico-update/sysdrv/source/mcu/prebuilts/gcc/linux-x86/riscv64/xpack-riscv-none-embed-gcc-10.2.0-1.2/bin/../lib/gcc/riscv-none-embed/10.2.0/../../../../riscv-none-embed/lib/rv32imc/ilp32/libc_nano.a(lib_a-fileno.o)
                0x0000000000054284                fileno
 .text.std      0x00000000000542f6       0x68 /home/cro/GitPull/luckfox-pico-update/luckfox-pico-update/sysdrv/source/mcu/prebuilts/gcc/linux-x86/riscv64/xpack-riscv-none-embed-gcc-10.2.0-1.2/bin/../lib/gcc/riscv-none-embed/10.2.0/../../../../riscv-none-embed/lib/rv32imc/ilp32/libc_nano.a(lib_a-findfp.o)
 .text._cleanup_r
                0x000000000005435e        0xa /home/cro/GitPull/luckfox-pico-update/luckfox-pico-update/sysdrv/source/mcu/prebuilts/gcc/linux-x86/riscv64/xpack-riscv-none-embed-gcc-10.2.0-1.2/bin/../lib/gcc/riscv-none-embed/10.2.0/../../../../riscv-none-embed/lib/rv32imc/ilp32/libc_nano.a(lib_a-findfp.o)
                0x000000000005435e                _cleanup_r
 .text.__sfmoreglue
                0x0000000000054368       0x46 /home/cro/GitPull/luckfox-pico-update/luckfox-pico-update/sysdrv/source/mcu/prebuilts/gcc/linux-x86/riscv64/xpack-riscv-none-embed-gcc-10.2.0-1.2/bin/../lib/gcc/riscv-none-embed/10.2.0/../../../../riscv-none-embed/lib/rv32imc/ilp32/libc_nano.a(lib_a-findfp.o)
                0x0000000000054368                __sfmoreglue
 .text.__sinit  0x00000000000543ae       0x70 /home/cro/GitPull/luckfox-pico-update/luckfox-pico-update/sysdrv/source/mcu/prebuilts/gcc/linux-x86/riscv64/xpack-riscv-none-embed-gcc-10.2.0-1.2/bin/../lib/gcc/riscv-none-embed/10.2.0/../../../../riscv-none-embed/lib/rv32imc/ilp32/libc_nano.a(lib_a-findfp.o)
                0x00000000000543ae                __sinit
 .text.__sfp    0x000000000005441e       0xa0 /home/cro/GitPull/luckfox-pico-update/luckfox-pico-update/sysdrv/source/mcu/prebuilts/gcc/linux-x86/riscv64/xpack-riscv-none-embed-gcc-10.2.0-1.2/bin/../lib/gcc/riscv-none-embed/10.2.0/../../../../riscv-none-embed/lib/rv32imc/ilp32/libc_nano.a(lib_a-findfp.o)
                0x000000000005441e                __sfp
 .text._fwalk_reent
                0x00000000000544be       0x6a /home/cro/GitPull/luckfox-pico-update/luckfox-pico-update/sysdrv/source/mcu/prebuilts/gcc/linux-x86/riscv64/xpack-riscv-none-embed-gcc-10.2.0-1.2/bin/../lib/gcc/riscv-none-embed/10.2.0/../../../../riscv-none-embed/lib/rv32imc/ilp32/libc_nano.a(lib_a-fwalk.o)
                0x00000000000544be                _fwalk_reent
 .text.__swhatbuf_r
                0x0000000000054528       0x5c /home/cro/GitPull/luckfox-pico-update/luckfox-pico-update/sysdrv/source/mcu/prebuilts/gcc/linux-x86/riscv64/xpack-riscv-none-embed-gcc-10.2.0-1.2/bin/../lib/gcc/riscv-none-embed/10.2.0/../../../../riscv-none-embed/lib/rv32imc/ilp32/libc_nano.a(lib_a-makebuf.o)
                0x0000000000054528                __swhatbuf_r
 .text.__smakebuf_r
                0x0000000000054584       0xa2 /home/cro/GitPull/luckfox-pico-update/luckfox-pico-update/sysdrv/source/mcu/prebuilts/gcc/linux-x86/riscv64/xpack-riscv-none-embed-gcc-10.2.0-1.2/bin/../lib/gcc/riscv-none-embed/10.2.0/../../../../riscv-none-embed/lib/rv32imc/ilp32/libc_nano.a(lib_a-makebuf.o)
                0x0000000000054584                __smakebuf_r
 .text.memcpy   0x0000000000054626       0xdc /home/cro/GitPull/luckfox-pico-update/luckfox-pico-update/sysdrv/source/mcu/prebuilts/gcc/linux-x86/riscv64/xpack-riscv-none-embed-gcc-10.2.0-1.2/bin/../lib/gcc/riscv-none-embed/10.2.0/../../../../riscv-none-embed/lib/rv32imc/ilp32/libc_nano.a(lib_a-memcpy.o)
                0x0000000000054626                memcpy
 .text          0x0000000000054702       0xa8 /home/cro/GitPull/luckfox-pico-update/luckfox-pico-update/sysdrv/source/mcu/prebuilts/gcc/linux-x86/riscv64/xpack-riscv-none-embed-gcc-10.2.0-1.2/bin/../lib/gcc/riscv-none-embed/10.2.0/../../../../riscv-none-embed/lib/rv32imc/ilp32/libc_nano.a(lib_a-memset.o)
                0x0000000000054702                memset
 .text.printf   0x00000000000547aa       0x3e /home/cro/GitPull/luckfox-pico-update/luckfox-pico-update/sysdrv/source/mcu/prebuilts/gcc/linux-x86/riscv64/xpack-riscv-none-embed-gcc-10.2.0-1.2/bin/../lib/gcc/riscv-none-embed/10.2.0/../../../../riscv-none-embed/lib/rv32imc/ilp32/libc_nano.a(lib_a-printf.o)
                0x00000000000547aa                printf
                0x00000000000547aa                iprintf
 .text.__sread  0x00000000000547e8       0x32 /home/cro/GitPull/luckfox-pico-update/luckfox-pico-update/sysdrv/source/mcu/prebuilts/gcc/linux-x86/riscv64/xpack-riscv-none-embed-gcc-10.2.0-1.2/bin/../lib/gcc/riscv-none-embed/10.2.0/../../../../riscv-none-embed/lib/rv32imc/ilp32/libc_nano.a(lib_a-stdio.o)
                0x00000000000547e8                __sread
 .text.__swrite
                0x000000000005481a       0x52 /home/cro/GitPull/luckfox-pico-update/luckfox-pico-update/sysdrv/source/mcu/prebuilts/gcc/linux-x86/riscv64/xpack-riscv-none-embed-gcc-10.2.0-1.2/bin/../lib/gcc/riscv-none-embed/10.2.0/../../../../riscv-none-embed/lib/rv32imc/ilp32/libc_nano.a(lib_a-stdio.o)
                0x000000000005481a                __swrite
 .text.__sseek  0x000000000005486c       0x38 /home/cro/GitPull/luckfox-pico-update/luckfox-pico-update/sysdrv/source/mcu/prebuilts/gcc/linux-x86/riscv64/xpack-riscv-none-embed-gcc-10.2.0-1.2/bin/../lib/gcc/riscv-none-embed/10.2.0/../../../../riscv-none-embed/lib/rv32imc/ilp32/libc_nano.a(lib_a-stdio.o)
                0x000000000005486c                __sseek
 .text.__sclose
                0x00000000000548a4        0x8 /home/cro/GitPull/luckfox-pico-update/luckfox-pico-update/sysdrv/source/mcu/prebuilts/gcc/linux-x86/riscv64/xpack-riscv-none-embed-gcc-10.2.0-1.2/bin/../lib/gcc/riscv-none-embed/10.2.0/../../../../riscv-none-embed/lib/rv32imc/ilp32/libc_nano.a(lib_a-stdio.o)
                0x00000000000548a4                __sclose
 .text          0x00000000000548ac      0x11e /home/cro/GitPull/luckfox-pico-update/luckfox-pico-update/sysdrv/source/mcu/prebuilts/gcc/linux-x86/riscv64/xpack-riscv-none-embed-gcc-10.2.0-1.2/bin/../lib/gcc/riscv-none-embed/10.2.0/../../../../riscv-none-embed/lib/rv32imc/ilp32/libc_nano.a(lib_a-strcmp.o)
                0x00000000000548ac                strcmp
 .text._strtol_l.constprop.0
                0x00000000000549ca      0x138 /home/cro/GitPull/luckfox-pico-update/luckfox-pico-update/sysdrv/source/mcu/prebuilts/gcc/linux-x86/riscv64/xpack-riscv-none-embed-gcc-10.2.0-1.2/bin/../lib/gcc/riscv-none-embed/10.2.0/../../../../riscv-none-embed/lib/rv32imc/ilp32/libc_nano.a(lib_a-strtol.o)
 .text.strtol   0x0000000000054b02       0x12 /home/cro/GitPull/luckfox-pico-update/luckfox-pico-update/sysdrv/source/mcu/prebuilts/gcc/linux-x86/riscv64/xpack-riscv-none-embed-gcc-10.2.0-1.2/bin/../lib/gcc/riscv-none-embed/10.2.0/../../../../riscv-none-embed/lib/rv32imc/ilp32/libc_nano.a(lib_a-strtol.o)
                0x0000000000054b02                strtol
 .text.__errno  0x0000000000054b14        0xa /home/cro/GitPull/luckfox-pico-update/luckfox-pico-update/sysdrv/source/mcu/prebuilts/gcc/linux-x86/riscv64/xpack-riscv-none-embed-gcc-10.2.0-1.2/bin/../lib/gcc/riscv-none-embed/10.2.0/../../../../riscv-none-embed/lib/rv32imc/ilp32/libc_nano.a(lib_a-errno.o)
                0x0000000000054b14                __errno
 .text._printf_common
                0x0000000000054b1e      0x10c /home/cro/GitPull/luckfox-pico-update/luckfox-pico-update/sysdrv/source/mcu/prebuilts/gcc/linux-x86/riscv64/xpack-riscv-none-embed-gcc-10.2.0-1.2/bin/../lib/gcc/riscv-none-embed/10.2.0/../../../../riscv-none-embed/lib/rv32imc/ilp32/libc_nano.a(lib_a-nano-vfprintf_i.o)
                0x0000000000054b1e                _printf_common
 .text._printf_i
                0x0000000000054c2a      0x272 /home/cro/GitPull/luckfox-pico-update/luckfox-pico-update/sysdrv/source/mcu/prebuilts/gcc/linux-x86/riscv64/xpack-riscv-none-embed-gcc-10.2.0-1.2/bin/../lib/gcc/riscv-none-embed/10.2.0/../../../../riscv-none-embed/lib/rv32imc/ilp32/libc_nano.a(lib_a-nano-vfprintf_i.o)
                0x0000000000054c2a                _printf_i
 .text.__sfputc_r
                0x0000000000054e9c       0x28 /home/cro/GitPull/luckfox-pico-update/luckfox-pico-update/sysdrv/source/mcu/prebuilts/gcc/linux-x86/riscv64/xpack-riscv-none-embed-gcc-10.2.0-1.2/bin/../lib/gcc/riscv-none-embed/10.2.0/../../../../riscv-none-embed/lib/rv32imc/ilp32/libc_nano.a(lib_a-nano-vfprintf.o)
 .text.__sfputs_r
                0x0000000000054ec4       0x44 /home/cro/GitPull/luckfox-pico-update/luckfox-pico-update/sysdrv/source/mcu/prebuilts/gcc/linux-x86/riscv64/xpack-riscv-none-embed-gcc-10.2.0-1.2/bin/../lib/gcc/riscv-none-embed/10.2.0/../../../../riscv-none-embed/lib/rv32imc/ilp32/libc_nano.a(lib_a-nano-vfprintf.o)
                0x0000000000054ec4                __sfputs_r
 .text._vfprintf_r
                0x0000000000054f08      0x298 /home/cro/GitPull/luckfox-pico-update/luckfox-pico-update/sysdrv/source/mcu/prebuilts/gcc/linux-x86/riscv64/xpack-riscv-none-embed-gcc-10.2.0-1.2/bin/../lib/gcc/riscv-none-embed/10.2.0/../../../../riscv-none-embed/lib/rv32imc/ilp32/libc_nano.a(lib_a-nano-vfprintf.o)
                0x0000000000054f08                _vfiprintf_r
                0x0000000000054f08                _vfprintf_r
 .text.__swbuf_r
                0x00000000000551a0       0xc6 /home/cro/GitPull/luckfox-pico-update/luckfox-pico-update/sysdrv/source/mcu/prebuilts/gcc/linux-x86/riscv64/xpack-riscv-none-embed-gcc-10.2.0-1.2/bin/../lib/gcc/riscv-none-embed/10.2.0/../../../../riscv-none-embed/lib/rv32imc/ilp32/libc_nano.a(lib_a-wbuf.o)
                0x00000000000551a0                __swbuf_r
 .text.__swsetup_r
                0x0000000000055266      0x110 /home/cro/GitPull/luckfox-pico-update/luckfox-pico-update/sysdrv/source/mcu/prebuilts/gcc/linux-x86/riscv64/xpack-riscv-none-embed-gcc-10.2.0-1.2/bin/../lib/gcc/riscv-none-embed/10.2.0/../../../../riscv-none-embed/lib/rv32imc/ilp32/libc_nano.a(lib_a-wsetup.o)
                0x0000000000055266                __swsetup_r
 .text.memchr   0x0000000000055376       0x1a /home/cro/GitPull/luckfox-pico-update/luckfox-pico-update/sysdrv/source/mcu/prebuilts/gcc/linux-x86/riscv64/xpack-riscv-none-embed-gcc-10.2.0-1.2/bin/../lib/gcc/riscv-none-embed/10.2.0/../../../../riscv-none-embed/lib/rv32imc/ilp32/libc_nano.a(lib_a-memchr.o)
                0x0000000000055376                memchr
 .text.expf     0x0000000000055390       0x72 /home/cro/GitPull/luckfox-pico-update/luckfox-pico-update/sysdrv/source/mcu/prebuilts/gcc/linux-x86/riscv64/xpack-riscv-none-embed-gcc-10.2.0-1.2/bin/../lib/gcc/riscv-none-embed/10.2.0/../../../../riscv-none-embed/lib/rv32imc/ilp32/libm.a(lib_a-wf_exp.o)
                0x0000000000055390                expf
 .text.__ieee754_expf
                0x0000000000055402      0x2dc /home/cro/GitPull/luckfox-pico-update/luckfox-pico-update/sysdrv/source/mcu/prebuilts/gcc/linux-x86/riscv64/xpack-riscv-none-embed-gcc-10.2.0-1.2/bin/../lib/gcc/riscv-none-embed/10.2.0/../../../../riscv-none-embed/lib/rv32imc/ilp32/libm.a(lib_a-ef_exp.o)
                0x0000000000055402                __ieee754_expf
 .text.with_errnof
                0x00000000000556de       0x1e /home/cro/GitPull/luckfox-pico-update/luckfox-pico-update/sysdrv/source/mcu/prebuilts/gcc/linux-x86/riscv64/xpack-riscv-none-embed-gcc-10.2.0-1.2/bin/../lib/gcc/riscv-none-embed/10.2.0/../../../../riscv-none-embed/lib/rv32imc/ilp32/libm.a(lib_a-math_errf.o)
 .text.xflowf   0x00000000000556fc       0x2e /home/cro/GitPull/luckfox-pico-update/luckfox-pico-update/sysdrv/source/mcu/prebuilts/gcc/linux-x86/riscv64/xpack-riscv-none-embed-gcc-10.2.0-1.2/bin/../lib/gcc/riscv-none-embed/10.2.0/../../../../riscv-none-embed/lib/rv32imc/ilp32/libm.a(lib_a-math_errf.o)
 .text.__math_uflowf
                0x000000000005572a        0xc /home/cro/GitPull/luckfox-pico-update/luckfox-pico-update/sysdrv/source/mcu/prebuilts/gcc/linux-x86/riscv64/xpack-riscv-none-embed-gcc-10.2.0-1.2/bin/../lib/gcc/riscv-none-embed/10.2.0/../../../../riscv-none-embed/lib/rv32imc/ilp32/libm.a(lib_a-math_errf.o)
                0x000000000005572a                __math_uflowf
 .text.__math_oflowf
                0x0000000000055736        0xc /home/cro/GitPull/luckfox-pico-update/luckfox-pico-update/sysdrv/source/mcu/prebuilts/gcc/linux-x86/riscv64/xpack-riscv-none-embed-gcc-10.2.0-1.2/bin/../lib/gcc/riscv-none-embed/10.2.0/../../../../riscv-none-embed/lib/rv32imc/ilp32/libm.a(lib_a-math_errf.o)